[VRP profile=mirova_equivalent] anomaly_K=5.0 nsigma_mir=3.0 vent_K=1.0 nti_k1=-0.8 nti_rel=off vent_path=on sensors=MODIS:True V375:True V750:True data_subdir=mirova_equivalent
C:\Users\nmend\AppData\Local\Programs\Python\Python312\Lib\site-packages\earthaccess\results.py:343: FutureWarning: As of version 1.0, `DataGranule.size` will be accessed as an attribute; e.g. use `DataCollection.size` **not** `DataCollection.size()`
  self["size"] = self.size()
C:\Users\nmend\AppData\Local\Programs\Python\Python312\Lib\site-packages\earthaccess\store.py:832: FutureWarning: As of version 1.0, `DataGranule.size` will be accessed as an attribute; e.g. use `DataCollection.size` **not** `DataCollection.size()`
  total_size = round(sum(granule.size() for granule in granules) / 1024, 2)
Volcano: Tupungatito
  vent_lat/lon = (-33.389044, -69.826374)
  mirova_center = (-33.4269, -69.8004)
  T4 targets: 3

[1/3] 2026-04-24 06:12 VIIRS_NOAA20
  -> Fetching 2026-04-24 (VIIRS_NOAA20) ...
  VIIRS_SNPP: kept 1 of 2 granules (night filter)
  VIIRS_NOAA20: kept 2 of 3 granules (night filter)
  VIIRS_NOAA21: kept 1 of 3 granules (night filter)
  VIIRS_SNPP_750: kept 1 of 2 granules (night filter)
  VIIRS_NOAA20_750: kept 2 of 3 granules (night filter)
  VIIRS_NOAA21_750: kept 1 of 3 granules (night filter)
    L1B=VJ102IMG.A2026114.0612.021.2026114122744.nc  GEO=VJ103IMG.A2026114.0612.021.2026114115030.nc
    ROIs std_bg: global=5.47K (n=8473) · summit_3_5=4.79K (n=228) · summit_5_8=4.41K (n=553) · summit_5_10=4.79K (n=1057)

[2/3] 2026-04-23 06:36 VIIRS_NOAA20
  -> Fetching 2026-04-23 (VIIRS_NOAA20) ...
  VIIRS_SNPP: kept 1 of 2 granules (night filter)
  VIIRS_NOAA20: kept 2 of 3 granules (night filter)
  VIIRS_NOAA21: kept 1 of 2 granules (night filter)
  VIIRS_SNPP_750: kept 1 of 2 granules (night filter)
  VIIRS_NOAA20_750: kept 2 of 3 granules (night filter)
  VIIRS_NOAA21_750: kept 1 of 2 granules (night filter)
    L1B=VJ102IMG.A2026113.0636.021.2026113124620.nc  GEO=VJ103IMG.A2026113.0636.021.2026113121306.nc
    ROIs std_bg: global=5.33K (n=7761) · summit_3_5=4.96K (n=217) · summit_5_8=4.80K (n=586) · summit_5_10=5.05K (n=1116)

[3/3] 2026-04-22 06:00 VIIRS_NOAA21
  -> Fetching 2026-04-22 (VIIRS_NOAA21) ...
  VIIRS_SNPP: kept 2 of 3 granules (night filter)
  VIIRS_NOAA20: kept 1 of 3 granules (night filter)
  VIIRS_NOAA21: kept 1 of 2 granules (night filter)
  VIIRS_SNPP_750: kept 2 of 3 granules (night filter)
  VIIRS_NOAA20_750: kept 1 of 3 granules (night filter)
  VIIRS_NOAA21_750: kept 1 of 2 granules (night filter)
    L1B=VJ202IMG.A2026112.0600.021.2026112121010.nc  GEO=VJ203IMG.A2026112.0600.021.2026112115130.nc
    ROIs std_bg: global=6.02K (n=9701) · summit_3_5=2.40K (n=264) · summit_5_8=3.83K (n=612) · summit_5_10=4.62K (n=1197)


=== SUMMARY ===
  annulus_global: median_std_bg=5.473 K (n_granules=3, median_pixels=8473)
  annulus_summit_3_5: median_std_bg=4.785 K (n_granules=3, median_pixels=228)
  annulus_summit_5_8: median_std_bg=4.408 K (n_granules=3, median_pixels=586)
  annulus_summit_5_10: median_std_bg=4.793 K (n_granules=3, median_pixels=1116)

  Ratio summit_5_8/global = 0.81
  [?] Ratio intermedio. Revisar caso por caso.
