healthcheck	UNKNOWN STEP	﻿2026-10-04T16:06:29.6180858Z Current runner version: '2.337.0'
healthcheck	UNKNOWN STEP	2026-10-04T16:06:29.6209760Z ##[group]Runner Image Provisioner
healthcheck	UNKNOWN STEP	2026-10-04T16:06:29.6210767Z Hosted Compute Agent
healthcheck	UNKNOWN STEP	2026-10-04T16:06:29.6211473Z Version: 20260901.588
healthcheck	UNKNOWN STEP	2026-10-04T16:06:29.6212153Z Commit: f88ec8081b781fac6c440065ac7ff9e710ce3d0b
healthcheck	UNKNOWN STEP	2026-10-04T16:06:29.6212973Z Build Date: 2026-09-01T19:56:44Z
healthcheck	UNKNOWN STEP	2026-10-04T16:06:29.6213751Z Worker ID: {f8fed4d9-f657-4ef9-91db-f02c759a4586}
healthcheck	UNKNOWN STEP	2026-10-04T16:06:29.6214551Z Azure Region: westcentralus
healthcheck	UNKNOWN STEP	2026-10-04T16:06:29.6215266Z ##[endgroup]
healthcheck	UNKNOWN STEP	2026-10-04T16:06:29.6216762Z ##[group]Operating System
healthcheck	UNKNOWN STEP	2026-10-04T16:06:29.6217575Z Ubuntu
healthcheck	UNKNOWN STEP	2026-10-04T16:06:29.6218573Z 24.04.5
healthcheck	UNKNOWN STEP	2026-10-04T16:06:29.6219233Z LTS
healthcheck	UNKNOWN STEP	2026-10-04T16:06:29.6219856Z ##[endgroup]
healthcheck	UNKNOWN STEP	2026-10-04T16:06:29.6220462Z ##[group]Runner Image
healthcheck	UNKNOWN STEP	2026-10-04T16:06:29.6221163Z Image: ubuntu-24.04
healthcheck	UNKNOWN STEP	2026-10-04T16:06:29.6221772Z Version: 20260927.320.1
healthcheck	UNKNOWN STEP	2026-10-04T16:06:29.6223226Z Included Software: https://github.com/actions/runner-images/blob/ubuntu24/20260927.320/images/ubuntu/Ubuntu2404-Readme.md
healthcheck	UNKNOWN STEP	2026-10-04T16:06:29.6224801Z Image Release: https://github.com/actions/runner-images/releases/tag/ubuntu24%2F20260927.320
healthcheck	UNKNOWN STEP	2026-10-04T16:06:29.6226307Z ##[endgroup]
healthcheck	UNKNOWN STEP	2026-10-04T16:06:29.6227614Z ##[group]GITHUB_TOKEN Permissions
healthcheck	UNKNOWN STEP	2026-10-04T16:06:29.6230300Z Contents: read
healthcheck	UNKNOWN STEP	2026-10-04T16:06:29.6230962Z Issues: write
healthcheck	UNKNOWN STEP	2026-10-04T16:06:29.6231637Z Metadata: read
healthcheck	UNKNOWN STEP	2026-10-04T16:06:29.6232258Z ##[endgroup]
healthcheck	UNKNOWN STEP	2026-10-04T16:06:29.6234667Z Secret source: Actions
healthcheck	UNKNOWN STEP	2026-10-04T16:06:29.6235846Z Cache mode: write
healthcheck	UNKNOWN STEP	2026-10-04T16:06:29.6236621Z Prepare workflow directory
healthcheck	UNKNOWN STEP	2026-10-04T16:06:29.6594070Z Prepare all required actions
healthcheck	UNKNOWN STEP	2026-10-04T16:06:29.6643507Z Getting action download info
healthcheck	UNKNOWN STEP	2026-10-04T16:06:29.9610699Z Download action repository 'actions/checkout@v5' (SHA:fbc6f3992d24b796d5a048ff273f7fcc4a7b6c09)
healthcheck	UNKNOWN STEP	2026-10-04T16:06:30.0398412Z Download action repository 'actions/setup-python@v6' (SHA:ece7cb06caefa5fff74198d8649806c4678c61a1)
healthcheck	UNKNOWN STEP	2026-10-04T16:06:30.2296590Z Complete job name: healthcheck
healthcheck	UNKNOWN STEP	2026-10-04T16:06:30.3084515Z ##[group]Run actions/checkout@v5
healthcheck	UNKNOWN STEP	2026-10-04T16:06:30.3085391Z with:
healthcheck	UNKNOWN STEP	2026-10-04T16:06:30.3085868Z   repository: MendozaVolcanic/VRP-chile
healthcheck	UNKNOWN STEP	2026-10-04T16:06:30.3090218Z   token: ***
healthcheck	UNKNOWN STEP	2026-10-04T16:06:30.3090672Z   ssh-strict: true
healthcheck	UNKNOWN STEP	2026-10-04T16:06:30.3091131Z   ssh-user: git
healthcheck	UNKNOWN STEP	2026-10-04T16:06:30.3091589Z   persist-credentials: true
healthcheck	UNKNOWN STEP	2026-10-04T16:06:30.3092084Z   clean: true
healthcheck	UNKNOWN STEP	2026-10-04T16:06:30.3092544Z   sparse-checkout-cone-mode: true
healthcheck	UNKNOWN STEP	2026-10-04T16:06:30.3093079Z   fetch-depth: 1
healthcheck	UNKNOWN STEP	2026-10-04T16:06:30.3093532Z   fetch-tags: false
healthcheck	UNKNOWN STEP	2026-10-04T16:06:30.3093982Z   show-progress: true
healthcheck	UNKNOWN STEP	2026-10-04T16:06:30.3094442Z   lfs: false
healthcheck	UNKNOWN STEP	2026-10-04T16:06:30.3094874Z   submodules: false
healthcheck	UNKNOWN STEP	2026-10-04T16:06:30.3095340Z   set-safe-directory: true
healthcheck	UNKNOWN STEP	2026-10-04T16:06:30.3095854Z   allow-unsafe-pr-checkout: false
healthcheck	UNKNOWN STEP	2026-10-04T16:06:30.3096565Z ##[endgroup]
healthcheck	UNKNOWN STEP	2026-10-04T16:06:30.4125383Z Syncing repository: MendozaVolcanic/VRP-chile
healthcheck	UNKNOWN STEP	2026-10-04T16:06:30.4127562Z ##[group]Getting Git version info
healthcheck	UNKNOWN STEP	2026-10-04T16:06:30.4128840Z Working directory is '/home/runner/work/VRP-chile/VRP-chile'
healthcheck	UNKNOWN STEP	2026-10-04T16:06:30.4129977Z [command]/usr/bin/git version
healthcheck	UNKNOWN STEP	2026-10-04T16:06:30.4168621Z git version 2.55.0
healthcheck	UNKNOWN STEP	2026-10-04T16:06:30.4191285Z ##[endgroup]
healthcheck	UNKNOWN STEP	2026-10-04T16:06:30.4207435Z Temporarily overriding HOME='/home/runner/work/_temp/68f4ca01-34f4-4fc3-ab52-7d51fd28a356' before making global git config changes
healthcheck	UNKNOWN STEP	2026-10-04T16:06:30.4209069Z Adding repository directory to the temporary git global config as a safe directory
healthcheck	UNKNOWN STEP	2026-10-04T16:06:30.4213876Z [command]/usr/bin/git config --global --add safe.directory /home/runner/work/VRP-chile/VRP-chile
healthcheck	UNKNOWN STEP	2026-10-04T16:06:30.4264451Z Deleting the contents of '/home/runner/work/VRP-chile/VRP-chile'
healthcheck	UNKNOWN STEP	2026-10-04T16:06:30.4269656Z ##[group]Initializing the repository
healthcheck	UNKNOWN STEP	2026-10-04T16:06:30.4274870Z [command]/usr/bin/git init /home/runner/work/VRP-chile/VRP-chile
healthcheck	UNKNOWN STEP	2026-10-04T16:06:30.4359948Z hint: Using 'master' as the name for the initial branch. This default branch name
healthcheck	UNKNOWN STEP	2026-10-04T16:06:30.4361873Z hint: will change to "main" in Git 3.0. To configure the initial branch name
healthcheck	UNKNOWN STEP	2026-10-04T16:06:30.4363881Z hint: to use in all of your new repositories, which will suppress this warning,
healthcheck	UNKNOWN STEP	2026-10-04T16:06:30.4364979Z hint: call:
healthcheck	UNKNOWN STEP	2026-10-04T16:06:30.4365394Z hint:
healthcheck	UNKNOWN STEP	2026-10-04T16:06:30.4365921Z hint: 	git config --global init.defaultBranch <name>
healthcheck	UNKNOWN STEP	2026-10-04T16:06:30.4366680Z hint:
healthcheck	UNKNOWN STEP	2026-10-04T16:06:30.4367591Z hint: Names commonly chosen instead of 'master' are 'main', 'trunk' and
healthcheck	UNKNOWN STEP	2026-10-04T16:06:30.4368849Z hint: 'development'. The just-created branch can be renamed via this command:
healthcheck	UNKNOWN STEP	2026-10-04T16:06:30.4369606Z hint:
healthcheck	UNKNOWN STEP	2026-10-04T16:06:30.4370027Z hint: 	git branch -m <name>
healthcheck	UNKNOWN STEP	2026-10-04T16:06:30.4370625Z hint:
healthcheck	UNKNOWN STEP	2026-10-04T16:06:30.4371267Z hint: Disable this message with "git config set advice.defaultBranchName false"
healthcheck	UNKNOWN STEP	2026-10-04T16:06:30.4372522Z Initialized empty Git repository in /home/runner/work/VRP-chile/VRP-chile/.git/
healthcheck	UNKNOWN STEP	2026-10-04T16:06:30.4374858Z [command]/usr/bin/git remote add origin https://github.com/MendozaVolcanic/VRP-chile
healthcheck	UNKNOWN STEP	2026-10-04T16:06:30.4423556Z ##[endgroup]
healthcheck	UNKNOWN STEP	2026-10-04T16:06:30.4424380Z ##[group]Disabling automatic garbage collection
healthcheck	UNKNOWN STEP	2026-10-04T16:06:30.4428077Z [command]/usr/bin/git config --local gc.auto 0
healthcheck	UNKNOWN STEP	2026-10-04T16:06:30.4464206Z ##[endgroup]
healthcheck	UNKNOWN STEP	2026-10-04T16:06:30.4464967Z ##[group]Setting up auth
healthcheck	UNKNOWN STEP	2026-10-04T16:06:30.4472943Z [command]/usr/bin/git config --local --name-only --get-regexp core\.sshCommand
healthcheck	UNKNOWN STEP	2026-10-04T16:06:30.4511593Z [command]/usr/bin/git submodule foreach --recursive sh -c "git config --local --name-only --get-regexp 'core\.sshCommand' && git config --local --unset-all 'core.sshCommand' || :"
healthcheck	UNKNOWN STEP	2026-10-04T16:06:30.4909274Z [command]/usr/bin/git config --local --name-only --get-regexp http\.https\:\/\/github\.com\/\.extraheader
healthcheck	UNKNOWN STEP	2026-10-04T16:06:30.4949775Z [command]/usr/bin/git submodule foreach --recursive sh -c "git config --local --name-only --get-regexp 'http\.https\:\/\/github\.com\/\.extraheader' && git config --local --unset-all 'http.https://github.com/.extraheader' || :"
healthcheck	UNKNOWN STEP	2026-10-04T16:06:30.5220715Z [command]/usr/bin/git config --local --name-only --get-regexp ^includeIf\.gitdir:
healthcheck	UNKNOWN STEP	2026-10-04T16:06:30.5259651Z [command]/usr/bin/git submodule foreach --recursive git config --local --show-origin --name-only --get-regexp remote.origin.url
healthcheck	UNKNOWN STEP	2026-10-04T16:06:30.5581089Z [command]/usr/bin/git config --local http.https://github.com/.extraheader AUTHORIZATION: basic ***
healthcheck	UNKNOWN STEP	2026-10-04T16:06:30.5584181Z ##[endgroup]
healthcheck	UNKNOWN STEP	2026-10-04T16:06:30.5585749Z ##[group]Fetching the repository
healthcheck	UNKNOWN STEP	2026-10-04T16:06:30.5588610Z [command]/usr/bin/git -c protocol.version=2 fetch --no-tags --prune --no-recurse-submodules --depth=1 origin +04a803b1f73cfab716fdd594104d0db287022820:refs/remotes/origin/main
healthcheck	UNKNOWN STEP	2026-10-04T16:07:22.1863648Z From https://github.com/MendozaVolcanic/VRP-chile
healthcheck	UNKNOWN STEP	2026-10-04T16:07:22.1864376Z  * [new ref]         04a803b1f73cfab716fdd594104d0db287022820 -> origin/main
healthcheck	UNKNOWN STEP	2026-10-04T16:07:22.1868300Z ##[endgroup]
healthcheck	UNKNOWN STEP	2026-10-04T16:07:22.1869869Z ##[group]Determining the checkout info
healthcheck	UNKNOWN STEP	2026-10-04T16:07:22.1872261Z ##[endgroup]
healthcheck	UNKNOWN STEP	2026-10-04T16:07:22.1880142Z [command]/usr/bin/git sparse-checkout disable
healthcheck	UNKNOWN STEP	2026-10-04T16:07:22.1939262Z [command]/usr/bin/git config --local --unset-all extensions.worktreeConfig
healthcheck	UNKNOWN STEP	2026-10-04T16:07:22.1982661Z ##[group]Checking out the ref
healthcheck	UNKNOWN STEP	2026-10-04T16:07:22.1983366Z [command]/usr/bin/git checkout --progress --force -B main refs/remotes/origin/main
healthcheck	UNKNOWN STEP	2026-10-04T16:07:23.3661191Z Updating files:   5% (222/3745)
healthcheck	UNKNOWN STEP	2026-10-04T16:07:23.9932846Z Updating files:   6% (225/3745)
healthcheck	UNKNOWN STEP	2026-10-04T16:07:24.2337054Z Updating files:   7% (263/3745)
healthcheck	UNKNOWN STEP	2026-10-04T16:07:24.5907561Z Updating files:   7% (278/3745)
healthcheck	UNKNOWN STEP	2026-10-04T16:07:24.8527541Z Updating files:   8% (300/3745)
healthcheck	UNKNOWN STEP	2026-10-04T16:07:25.1654987Z Updating files:   9% (338/3745)
healthcheck	UNKNOWN STEP	2026-10-04T16:07:25.1692681Z Updating files:  10% (375/3745)
healthcheck	UNKNOWN STEP	2026-10-04T16:07:25.1733450Z Updating files:  11% (412/3745)
healthcheck	UNKNOWN STEP	2026-10-04T16:07:25.1789033Z Updating files:  12% (450/3745)
healthcheck	UNKNOWN STEP	2026-10-04T16:07:25.1832843Z Updating files:  13% (487/3745)
healthcheck	UNKNOWN STEP	2026-10-04T16:07:25.1861972Z Updating files:  14% (525/3745)
healthcheck	UNKNOWN STEP	2026-10-04T16:07:25.1918136Z Updating files:  15% (562/3745)
healthcheck	UNKNOWN STEP	2026-10-04T16:07:25.1976013Z Updating files:  16% (600/3745)
healthcheck	UNKNOWN STEP	2026-10-04T16:07:25.2033176Z Updating files:  17% (637/3745)
healthcheck	UNKNOWN STEP	2026-10-04T16:07:25.2062351Z Updating files:  18% (675/3745)
healthcheck	UNKNOWN STEP	2026-10-04T16:07:25.2070341Z Updating files:  18% (705/3745)
healthcheck	UNKNOWN STEP	2026-10-04T16:07:25.2121401Z Updating files:  19% (712/3745)
healthcheck	UNKNOWN STEP	2026-10-04T16:07:25.2294217Z Updating files:  20% (749/3745)
healthcheck	UNKNOWN STEP	2026-10-04T16:07:25.2322793Z Updating files:  21% (787/3745)
healthcheck	UNKNOWN STEP	2026-10-04T16:07:25.2366027Z Updating files:  22% (824/3745)
healthcheck	UNKNOWN STEP	2026-10-04T16:07:25.2397597Z Updating files:  23% (862/3745)
healthcheck	UNKNOWN STEP	2026-10-04T16:07:25.2454643Z Updating files:  24% (899/3745)
healthcheck	UNKNOWN STEP	2026-10-04T16:07:25.2502391Z Updating files:  25% (937/3745)
healthcheck	UNKNOWN STEP	2026-10-04T16:07:25.2858444Z Updating files:  26% (974/3745)
healthcheck	UNKNOWN STEP	2026-10-04T16:07:25.2882521Z Updating files:  27% (1012/3745)
healthcheck	UNKNOWN STEP	2026-10-04T16:07:25.2927120Z Updating files:  28% (1049/3745)
healthcheck	UNKNOWN STEP	2026-10-04T16:07:25.2951648Z Updating files:  29% (1087/3745)
healthcheck	UNKNOWN STEP	2026-10-04T16:07:25.2980740Z Updating files:  30% (1124/3745)
healthcheck	UNKNOWN STEP	2026-10-04T16:07:25.3018960Z Updating files:  31% (1161/3745)
healthcheck	UNKNOWN STEP	2026-10-04T16:07:25.3052882Z Updating files:  32% (1199/3745)
healthcheck	UNKNOWN STEP	2026-10-04T16:07:25.3081052Z Updating files:  33% (1236/3745)
healthcheck	UNKNOWN STEP	2026-10-04T16:07:25.3945241Z Updating files:  34% (1274/3745)
healthcheck	UNKNOWN STEP	2026-10-04T16:07:25.3969929Z Updating files:  35% (1311/3745)
healthcheck	UNKNOWN STEP	2026-10-04T16:07:25.4016695Z Updating files:  36% (1349/3745)
healthcheck	UNKNOWN STEP	2026-10-04T16:07:25.4044285Z Updating files:  37% (1386/3745)
healthcheck	UNKNOWN STEP	2026-10-04T16:07:25.4075187Z Updating files:  38% (1424/3745)
healthcheck	UNKNOWN STEP	2026-10-04T16:07:25.4103238Z Updating files:  39% (1461/3745)
healthcheck	UNKNOWN STEP	2026-10-04T16:07:25.4240884Z Updating files:  40% (1498/3745)
healthcheck	UNKNOWN STEP	2026-10-04T16:07:25.4275437Z Updating files:  41% (1536/3745)
healthcheck	UNKNOWN STEP	2026-10-04T16:07:25.4300078Z Updating files:  42% (1573/3745)
healthcheck	UNKNOWN STEP	2026-10-04T16:07:25.4327157Z Updating files:  43% (1611/3745)
healthcheck	UNKNOWN STEP	2026-10-04T16:07:25.4359444Z Updating files:  44% (1648/3745)
healthcheck	UNKNOWN STEP	2026-10-04T16:07:25.4389406Z Updating files:  45% (1686/3745)
healthcheck	UNKNOWN STEP	2026-10-04T16:07:25.4445202Z Updating files:  46% (1723/3745)
healthcheck	UNKNOWN STEP	2026-10-04T16:07:25.4500281Z Updating files:  47% (1761/3745)
healthcheck	UNKNOWN STEP	2026-10-04T16:07:25.4543266Z Updating files:  48% (1798/3745)
healthcheck	UNKNOWN STEP	2026-10-04T16:07:25.4568463Z Updating files:  49% (1836/3745)
healthcheck	UNKNOWN STEP	2026-10-04T16:07:25.4594996Z Updating files:  50% (1873/3745)
healthcheck	UNKNOWN STEP	2026-10-04T16:07:25.4623022Z Updating files:  51% (1910/3745)
healthcheck	UNKNOWN STEP	2026-10-04T16:07:25.4643111Z Updating files:  52% (1948/3745)
healthcheck	UNKNOWN STEP	2026-10-04T16:07:25.4668467Z Updating files:  53% (1985/3745)
healthcheck	UNKNOWN STEP	2026-10-04T16:07:25.4702497Z Updating files:  54% (2023/3745)
healthcheck	UNKNOWN STEP	2026-10-04T16:07:25.4786779Z Updating files:  55% (2060/3745)
healthcheck	UNKNOWN STEP	2026-10-04T16:07:25.5038106Z Updating files:  56% (2098/3745)
healthcheck	UNKNOWN STEP	2026-10-04T16:07:25.5080268Z Updating files:  57% (2135/3745)
healthcheck	UNKNOWN STEP	2026-10-04T16:07:25.5100893Z Updating files:  58% (2173/3745)
healthcheck	UNKNOWN STEP	2026-10-04T16:07:25.5123509Z Updating files:  59% (2210/3745)
healthcheck	UNKNOWN STEP	2026-10-04T16:07:25.5183446Z Updating files:  60% (2247/3745)
healthcheck	UNKNOWN STEP	2026-10-04T16:07:25.5298228Z Updating files:  61% (2285/3745)
healthcheck	UNKNOWN STEP	2026-10-04T16:07:25.5430895Z Updating files:  62% (2322/3745)
healthcheck	UNKNOWN STEP	2026-10-04T16:07:25.5776697Z Updating files:  63% (2360/3745)
healthcheck	UNKNOWN STEP	2026-10-04T16:07:25.5804679Z Updating files:  64% (2397/3745)
healthcheck	UNKNOWN STEP	2026-10-04T16:07:25.5824770Z Updating files:  65% (2435/3745)
healthcheck	UNKNOWN STEP	2026-10-04T16:07:25.5853270Z Updating files:  66% (2472/3745)
healthcheck	UNKNOWN STEP	2026-10-04T16:07:25.5889007Z Updating files:  67% (2510/3745)
healthcheck	UNKNOWN STEP	2026-10-04T16:07:25.5916013Z Updating files:  68% (2547/3745)
healthcheck	UNKNOWN STEP	2026-10-04T16:07:25.5937134Z Updating files:  69% (2585/3745)
healthcheck	UNKNOWN STEP	2026-10-04T16:07:25.6000265Z Updating files:  70% (2622/3745)
healthcheck	UNKNOWN STEP	2026-10-04T16:07:25.6063285Z Updating files:  71% (2659/3745)
healthcheck	UNKNOWN STEP	2026-10-04T16:07:25.6092028Z Updating files:  72% (2697/3745)
healthcheck	UNKNOWN STEP	2026-10-04T16:07:25.6108181Z Updating files:  73% (2734/3745)
healthcheck	UNKNOWN STEP	2026-10-04T16:07:25.6133356Z Updating files:  74% (2772/3745)
healthcheck	UNKNOWN STEP	2026-10-04T16:07:25.6171356Z Updating files:  75% (2809/3745)
healthcheck	UNKNOWN STEP	2026-10-04T16:07:25.6199380Z Updating files:  76% (2847/3745)
healthcheck	UNKNOWN STEP	2026-10-04T16:07:25.6221572Z Updating files:  77% (2884/3745)
healthcheck	UNKNOWN STEP	2026-10-04T16:07:25.6243686Z Updating files:  78% (2922/3745)
healthcheck	UNKNOWN STEP	2026-10-04T16:07:25.6263860Z Updating files:  79% (2959/3745)
healthcheck	UNKNOWN STEP	2026-10-04T16:07:25.6299163Z Updating files:  80% (2996/3745)
healthcheck	UNKNOWN STEP	2026-10-04T16:07:25.6469006Z Updating files:  81% (3034/3745)
healthcheck	UNKNOWN STEP	2026-10-04T16:07:25.6689305Z Updating files:  82% (3071/3745)
healthcheck	UNKNOWN STEP	2026-10-04T16:07:25.6841182Z Updating files:  83% (3109/3745)
healthcheck	UNKNOWN STEP	2026-10-04T16:07:25.6910943Z Updating files:  84% (3146/3745)
healthcheck	UNKNOWN STEP	2026-10-04T16:07:25.6928917Z Updating files:  85% (3184/3745)
healthcheck	UNKNOWN STEP	2026-10-04T16:07:25.6944784Z Updating files:  86% (3221/3745)
healthcheck	UNKNOWN STEP	2026-10-04T16:07:25.6962465Z Updating files:  87% (3259/3745)
healthcheck	UNKNOWN STEP	2026-10-04T16:07:25.6979787Z Updating files:  88% (3296/3745)
healthcheck	UNKNOWN STEP	2026-10-04T16:07:25.7009421Z Updating files:  89% (3334/3745)
healthcheck	UNKNOWN STEP	2026-10-04T16:07:25.7034567Z Updating files:  90% (3371/3745)
healthcheck	UNKNOWN STEP	2026-10-04T16:07:25.7062332Z Updating files:  91% (3408/3745)
healthcheck	UNKNOWN STEP	2026-10-04T16:07:25.7098012Z Updating files:  92% (3446/3745)
healthcheck	UNKNOWN STEP	2026-10-04T16:07:25.7129628Z Updating files:  93% (3483/3745)
healthcheck	UNKNOWN STEP	2026-10-04T16:07:25.7159335Z Updating files:  94% (3521/3745)
healthcheck	UNKNOWN STEP	2026-10-04T16:07:25.7184141Z Updating files:  95% (3558/3745)
healthcheck	UNKNOWN STEP	2026-10-04T16:07:25.7209118Z Updating files:  96% (3596/3745)
healthcheck	UNKNOWN STEP	2026-10-04T16:07:25.7235232Z Updating files:  97% (3633/3745)
healthcheck	UNKNOWN STEP	2026-10-04T16:07:25.7260689Z Updating files:  98% (3671/3745)
healthcheck	UNKNOWN STEP	2026-10-04T16:07:25.7285426Z Updating files:  99% (3708/3745)
healthcheck	UNKNOWN STEP	2026-10-04T16:07:25.7285941Z Updating files: 100% (3745/3745)
healthcheck	UNKNOWN STEP	2026-10-04T16:07:25.7286239Z Updating files: 100% (3745/3745), done.
healthcheck	UNKNOWN STEP	2026-10-04T16:07:25.7338620Z Switched to a new branch 'main'
healthcheck	UNKNOWN STEP	2026-10-04T16:07:25.7344059Z branch 'main' set up to track 'origin/main'.
healthcheck	UNKNOWN STEP	2026-10-04T16:07:25.7401221Z ##[endgroup]
healthcheck	UNKNOWN STEP	2026-10-04T16:07:25.7458355Z [command]/usr/bin/git log -1 --format=%H
healthcheck	UNKNOWN STEP	2026-10-04T16:07:25.7489691Z 04a803b1f73cfab716fdd594104d0db287022820
healthcheck	UNKNOWN STEP	2026-10-04T16:07:25.7846066Z ##[group]Run actions/setup-python@v6
healthcheck	UNKNOWN STEP	2026-10-04T16:07:25.7846375Z with:
healthcheck	UNKNOWN STEP	2026-10-04T16:07:25.7846592Z   python-version: 3.11
healthcheck	UNKNOWN STEP	2026-10-04T16:07:25.7846836Z   check-latest: false
healthcheck	UNKNOWN STEP	2026-10-04T16:07:25.7849695Z   token: ***
healthcheck	UNKNOWN STEP	2026-10-04T16:07:25.7849924Z   update-environment: true
healthcheck	UNKNOWN STEP	2026-10-04T16:07:25.7850185Z   allow-prereleases: false
healthcheck	UNKNOWN STEP	2026-10-04T16:07:25.7850438Z   freethreaded: false
healthcheck	UNKNOWN STEP	2026-10-04T16:07:25.7850692Z ##[endgroup]
healthcheck	UNKNOWN STEP	2026-10-04T16:07:25.9234088Z ##[group]Installed versions
healthcheck	UNKNOWN STEP	2026-10-04T16:07:25.9316903Z Successfully set up CPython (3.11.16)
healthcheck	UNKNOWN STEP	2026-10-04T16:07:25.9317660Z ##[endgroup]
healthcheck	UNKNOWN STEP	2026-10-04T16:07:25.9496087Z ##[group]Run python - <<'PYEOF'
healthcheck	UNKNOWN STEP	2026-10-04T16:07:25.9496560Z ^[[36;1mpython - <<'PYEOF'^[[0m
healthcheck	UNKNOWN STEP	2026-10-04T16:07:25.9496834Z ^[[36;1mimport json, os^[[0m
healthcheck	UNKNOWN STEP	2026-10-04T16:07:25.9497160Z ^[[36;1mfrom datetime import datetime, timezone, timedelta^[[0m
healthcheck	UNKNOWN STEP	2026-10-04T16:07:25.9497535Z ^[[36;1mfrom pathlib import Path^[[0m
healthcheck	UNKNOWN STEP	2026-10-04T16:07:25.9497979Z ^[[36;1m^[[0m
healthcheck	UNKNOWN STEP	2026-10-04T16:07:25.9498272Z ^[[36;1mTIER_A = [^[[0m
healthcheck	UNKNOWN STEP	2026-10-04T16:07:25.9498719Z ^[[36;1m    "Lascar", "PuyehueCordonCaulle", "Lastarria", "Isluga",^[[0m
healthcheck	UNKNOWN STEP	2026-10-04T16:07:25.9499195Z ^[[36;1m    "Tupungatito", "PlanchonPeteroa", "Chaiten", "Villarrica",^[[0m
healthcheck	UNKNOWN STEP	2026-10-04T16:07:25.9499620Z ^[[36;1m    "NevadosDeChillan", "Llaima", "Copahue",^[[0m
healthcheck	UNKNOWN STEP	2026-10-04T16:07:25.9499925Z ^[[36;1m]^[[0m
healthcheck	UNKNOWN STEP	2026-10-04T16:07:25.9500132Z ^[[36;1mTHRESHOLD_H = 48^[[0m
healthcheck	UNKNOWN STEP	2026-10-04T16:07:25.9500415Z ^[[36;1mnow = datetime.now(timezone.utc)^[[0m
healthcheck	UNKNOWN STEP	2026-10-04T16:07:25.9500696Z ^[[36;1mstale = []^[[0m
healthcheck	UNKNOWN STEP	2026-10-04T16:07:25.9500922Z ^[[36;1mok = []^[[0m
healthcheck	UNKNOWN STEP	2026-10-04T16:07:25.9501186Z ^[[36;1mmissing = []^[[0m
healthcheck	UNKNOWN STEP	2026-10-04T16:07:25.9501404Z ^[[36;1m^[[0m
healthcheck	UNKNOWN STEP	2026-10-04T16:07:25.9501604Z ^[[36;1mfor vol in TIER_A:^[[0m
healthcheck	UNKNOWN STEP	2026-10-04T16:07:25.9501900Z ^[[36;1m    p = Path(f"data/mirova_equivalent/{vol}.json")^[[0m
healthcheck	UNKNOWN STEP	2026-10-04T16:07:25.9502238Z ^[[36;1m    if not p.exists():^[[0m
healthcheck	UNKNOWN STEP	2026-10-04T16:07:25.9502502Z ^[[36;1m        missing.append(vol)^[[0m
healthcheck	UNKNOWN STEP	2026-10-04T16:07:25.9502779Z ^[[36;1m        continue^[[0m
healthcheck	UNKNOWN STEP	2026-10-04T16:07:25.9503033Z ^[[36;1m    try:^[[0m
healthcheck	UNKNOWN STEP	2026-10-04T16:07:25.9503272Z ^[[36;1m        d = json.loads(p.read_text())^[[0m
healthcheck	UNKNOWN STEP	2026-10-04T16:07:25.9503575Z ^[[36;1m    except Exception as e:^[[0m
healthcheck	UNKNOWN STEP	2026-10-04T16:07:25.9503891Z ^[[36;1m        stale.append((vol, f"PARSE_ERROR: {e}", None))^[[0m
healthcheck	UNKNOWN STEP	2026-10-04T16:07:25.9504208Z ^[[36;1m        continue^[[0m
healthcheck	UNKNOWN STEP	2026-10-04T16:07:25.9504461Z ^[[36;1m    records = d.get("records", [])^[[0m
healthcheck	UNKNOWN STEP	2026-10-04T16:07:25.9504970Z ^[[36;1m    if not records:^[[0m
healthcheck	UNKNOWN STEP	2026-10-04T16:07:25.9505256Z ^[[36;1m        stale.append((vol, "0 records", None))^[[0m
healthcheck	UNKNOWN STEP	2026-10-04T16:07:25.9505564Z ^[[36;1m        continue^[[0m
healthcheck	UNKNOWN STEP	2026-10-04T16:07:25.9505954Z ^[[36;1m    last = records[-1].get("datetime_utc") or records[-1].get("acq_datetime_utc")^[[0m
healthcheck	UNKNOWN STEP	2026-10-04T16:07:25.9506371Z ^[[36;1m    if not last:^[[0m
healthcheck	UNKNOWN STEP	2026-10-04T16:07:25.9506692Z ^[[36;1m        stale.append((vol, "schema sin datetime_utc", None))^[[0m
healthcheck	UNKNOWN STEP	2026-10-04T16:07:25.9507029Z ^[[36;1m        continue^[[0m
healthcheck	UNKNOWN STEP	2026-10-04T16:07:25.9507246Z ^[[36;1m    try:^[[0m
healthcheck	UNKNOWN STEP	2026-10-04T16:07:25.9507477Z ^[[36;1m        s = last.replace("Z", "+00:00")^[[0m
healthcheck	UNKNOWN STEP	2026-10-04T16:07:25.9507940Z ^[[36;1m        last_dt = datetime.fromisoformat(s)^[[0m
healthcheck	UNKNOWN STEP	2026-10-04T16:07:25.9508271Z ^[[36;1m        if last_dt.tzinfo is None:^[[0m
healthcheck	UNKNOWN STEP	2026-10-04T16:07:25.9508629Z ^[[36;1m            last_dt = last_dt.replace(tzinfo=timezone.utc)^[[0m
healthcheck	UNKNOWN STEP	2026-10-04T16:07:25.9508973Z ^[[36;1m    except Exception:^[[0m
healthcheck	UNKNOWN STEP	2026-10-04T16:07:25.9509315Z ^[[36;1m        stale.append((vol, f"datetime parse error: {last}", None))^[[0m
healthcheck	UNKNOWN STEP	2026-10-04T16:07:25.9509695Z ^[[36;1m        continue^[[0m
healthcheck	UNKNOWN STEP	2026-10-04T16:07:25.9509991Z ^[[36;1m    age_h = (now - last_dt).total_seconds() / 3600^[[0m
healthcheck	UNKNOWN STEP	2026-10-04T16:07:25.9510321Z ^[[36;1m    if age_h > THRESHOLD_H:^[[0m
healthcheck	UNKNOWN STEP	2026-10-04T16:07:25.9510614Z ^[[36;1m        stale.append((vol, last, age_h))^[[0m
healthcheck	UNKNOWN STEP	2026-10-04T16:07:25.9510900Z ^[[36;1m    else:^[[0m
healthcheck	UNKNOWN STEP	2026-10-04T16:07:25.9511142Z ^[[36;1m        ok.append((vol, last, age_h))^[[0m
healthcheck	UNKNOWN STEP	2026-10-04T16:07:25.9511418Z ^[[36;1m^[[0m
healthcheck	UNKNOWN STEP	2026-10-04T16:07:25.9511624Z ^[[36;1m# Generar reporte^[[0m
healthcheck	UNKNOWN STEP	2026-10-04T16:07:25.9511869Z ^[[36;1mlines = []^[[0m
healthcheck	UNKNOWN STEP	2026-10-04T16:07:25.9512281Z ^[[36;1mlines.append(f"# NRT Healthcheck — {now.strftime('%Y-%m-%d %H:%M UTC')}")^[[0m
healthcheck	UNKNOWN STEP	2026-10-04T16:07:25.9512777Z ^[[36;1mlines.append("")^[[0m
healthcheck	UNKNOWN STEP	2026-10-04T16:07:25.9513075Z ^[[36;1mlines.append(f"Threshold: **{THRESHOLD_H}h**")^[[0m
healthcheck	UNKNOWN STEP	2026-10-04T16:07:25.9513404Z ^[[36;1mlines.append("")^[[0m
healthcheck	UNKNOWN STEP	2026-10-04T16:07:25.9513657Z ^[[36;1mif stale:^[[0m
healthcheck	UNKNOWN STEP	2026-10-04T16:07:25.9513998Z ^[[36;1m    lines.append(f"## STALE ({len(stale)}/{len(TIER_A)} Tier A)")^[[0m
healthcheck	UNKNOWN STEP	2026-10-04T16:07:25.9514383Z ^[[36;1m    lines.append("")^[[0m
healthcheck	UNKNOWN STEP	2026-10-04T16:07:25.9514933Z ^[[36;1m    lines.append("| Volcán | last_record | edad (h) |")^[[0m
healthcheck	UNKNOWN STEP	2026-10-04T16:07:25.9515312Z ^[[36;1m    lines.append("|---|---|---:|")^[[0m
healthcheck	UNKNOWN STEP	2026-10-04T16:07:25.9515622Z ^[[36;1m    for vol, last, age in stale:^[[0m
healthcheck	UNKNOWN STEP	2026-10-04T16:07:25.9515974Z ^[[36;1m        age_str = f"{age:.1f}" if age is not None else "—"^[[0m
healthcheck	UNKNOWN STEP	2026-10-04T16:07:25.9516373Z ^[[36;1m        lines.append(f"| {vol} | `{last}` | {age_str} |")^[[0m
healthcheck	UNKNOWN STEP	2026-10-04T16:07:25.9516707Z ^[[36;1m    lines.append("")^[[0m
healthcheck	UNKNOWN STEP	2026-10-04T16:07:25.9516962Z ^[[36;1mif missing:^[[0m
healthcheck	UNKNOWN STEP	2026-10-04T16:07:25.9517288Z ^[[36;1m    lines.append(f"## MISSING ({len(missing)} JSONs no encontrados)")^[[0m
healthcheck	UNKNOWN STEP	2026-10-04T16:07:25.9517893Z ^[[36;1m    lines.append("")^[[0m
healthcheck	UNKNOWN STEP	2026-10-04T16:07:25.9518189Z ^[[36;1m    for v in missing:^[[0m
healthcheck	UNKNOWN STEP	2026-10-04T16:07:25.9518464Z ^[[36;1m        lines.append(f"- {v}")^[[0m
healthcheck	UNKNOWN STEP	2026-10-04T16:07:25.9518756Z ^[[36;1m    lines.append("")^[[0m
healthcheck	UNKNOWN STEP	2026-10-04T16:07:25.9518992Z ^[[36;1mif ok:^[[0m
healthcheck	UNKNOWN STEP	2026-10-04T16:07:25.9519258Z ^[[36;1m    lines.append(f"## OK ({len(ok)}/{len(TIER_A)})")^[[0m
healthcheck	UNKNOWN STEP	2026-10-04T16:07:25.9519601Z ^[[36;1m    lines.append("")^[[0m
healthcheck	UNKNOWN STEP	2026-10-04T16:07:25.9519904Z ^[[36;1m    lines.append("| Volcán | last_record | edad (h) |")^[[0m
healthcheck	UNKNOWN STEP	2026-10-04T16:07:25.9520248Z ^[[36;1m    lines.append("|---|---|---:|")^[[0m
healthcheck	UNKNOWN STEP	2026-10-04T16:07:25.9520591Z ^[[36;1m    for vol, last, age in sorted(ok, key=lambda x: x[2]):^[[0m
healthcheck	UNKNOWN STEP	2026-10-04T16:07:25.9520970Z ^[[36;1m        lines.append(f"| {vol} | `{last}` | {age:.1f} |")^[[0m
healthcheck	UNKNOWN STEP	2026-10-04T16:07:25.9521287Z ^[[36;1m^[[0m
healthcheck	UNKNOWN STEP	2026-10-04T16:07:25.9521497Z ^[[36;1mreport = "\n".join(lines)^[[0m
healthcheck	UNKNOWN STEP	2026-10-04T16:07:25.9521816Z ^[[36;1mPath("healthcheck_report.md").write_text(report)^[[0m
healthcheck	UNKNOWN STEP	2026-10-04T16:07:25.9522147Z ^[[36;1mprint(report)^[[0m
healthcheck	UNKNOWN STEP	2026-10-04T16:07:25.9522374Z ^[[36;1m^[[0m
healthcheck	UNKNOWN STEP	2026-10-04T16:07:25.9522601Z ^[[36;1m# Output flags para steps siguientes^[[0m
healthcheck	UNKNOWN STEP	2026-10-04T16:07:25.9523024Z ^[[36;1m# S123: max_age_h alimenta el escalonamiento de notificaciones.^[[0m
healthcheck	UNKNOWN STEP	2026-10-04T16:07:25.9523654Z ^[[36;1medades = [a for _, _, a in stale if a is not None]^[[0m
healthcheck	UNKNOWN STEP	2026-10-04T16:07:25.9524037Z ^[[36;1mmax_age_h = max(edades) if edades else 0.0^[[0m
healthcheck	UNKNOWN STEP	2026-10-04T16:07:25.9524412Z ^[[36;1mwith open(os.environ["GITHUB_OUTPUT"], "a") as f:^[[0m
healthcheck	UNKNOWN STEP	2026-10-04T16:07:25.9524770Z ^[[36;1m    f.write(f"stale_count={len(stale)}\n")^[[0m
healthcheck	UNKNOWN STEP	2026-10-04T16:07:25.9525107Z ^[[36;1m    f.write(f"missing_count={len(missing)}\n")^[[0m
healthcheck	UNKNOWN STEP	2026-10-04T16:07:25.9525446Z ^[[36;1m    f.write(f"ok_count={len(ok)}\n")^[[0m
healthcheck	UNKNOWN STEP	2026-10-04T16:07:25.9525764Z ^[[36;1m    f.write(f"max_age_h={max_age_h:.1f}\n")^[[0m
healthcheck	UNKNOWN STEP	2026-10-04T16:07:25.9526050Z ^[[36;1m^[[0m
healthcheck	UNKNOWN STEP	2026-10-04T16:07:25.9526255Z ^[[36;1m# Step summary^[[0m
healthcheck	UNKNOWN STEP	2026-10-04T16:07:25.9526567Z ^[[36;1mwith open(os.environ["GITHUB_STEP_SUMMARY"], "a") as f:^[[0m
healthcheck	UNKNOWN STEP	2026-10-04T16:07:25.9526915Z ^[[36;1m    f.write(report)^[[0m
healthcheck	UNKNOWN STEP	2026-10-04T16:07:25.9527161Z ^[[36;1mPYEOF^[[0m
healthcheck	UNKNOWN STEP	2026-10-04T16:07:25.9811984Z shell: /usr/bin/bash -e {0}
healthcheck	UNKNOWN STEP	2026-10-04T16:07:25.9812356Z env:
healthcheck	UNKNOWN STEP	2026-10-04T16:07:25.9812666Z   pythonLocation: /opt/hostedtoolcache/Python/3.11.16/x64
healthcheck	UNKNOWN STEP	2026-10-04T16:07:25.9813156Z   PKG_CONFIG_PATH: /opt/hostedtoolcache/Python/3.11.16/x64/lib/pkgconfig
healthcheck	UNKNOWN STEP	2026-10-04T16:07:25.9813601Z   Python_ROOT_DIR: /opt/hostedtoolcache/Python/3.11.16/x64
healthcheck	UNKNOWN STEP	2026-10-04T16:07:25.9813988Z   Python2_ROOT_DIR: /opt/hostedtoolcache/Python/3.11.16/x64
healthcheck	UNKNOWN STEP	2026-10-04T16:07:25.9814372Z   Python3_ROOT_DIR: /opt/hostedtoolcache/Python/3.11.16/x64
healthcheck	UNKNOWN STEP	2026-10-04T16:07:25.9814751Z   LD_LIBRARY_PATH: /opt/hostedtoolcache/Python/3.11.16/x64/lib
healthcheck	UNKNOWN STEP	2026-10-04T16:07:25.9815104Z ##[endgroup]
healthcheck	UNKNOWN STEP	2026-10-04T16:07:28.2380866Z # NRT Healthcheck — 2026-10-04 16:07 UTC
healthcheck	UNKNOWN STEP	2026-10-04T16:07:28.2381163Z 
healthcheck	UNKNOWN STEP	2026-10-04T16:07:28.2381264Z Threshold: **48h**
healthcheck	UNKNOWN STEP	2026-10-04T16:07:28.2381426Z 
healthcheck	UNKNOWN STEP	2026-10-04T16:07:28.2381600Z ## STALE (11/11 Tier A)
healthcheck	UNKNOWN STEP	2026-10-04T16:07:28.2381809Z 
healthcheck	UNKNOWN STEP	2026-10-04T16:07:28.2382052Z | Volcán | last_record | edad (h) |
healthcheck	UNKNOWN STEP	2026-10-04T16:07:28.2382480Z |---|---|---:|
healthcheck	UNKNOWN STEP	2026-10-04T16:07:28.2382858Z | Lascar | `2026-10-02 07:30` | 56.6 |
healthcheck	UNKNOWN STEP	2026-10-04T16:07:28.2383379Z | PuyehueCordonCaulle | `2026-10-02 07:35` | 56.5 |
healthcheck	UNKNOWN STEP	2026-10-04T16:07:28.2383900Z | Lastarria | `2026-10-02 07:30` | 56.6 |
healthcheck	UNKNOWN STEP	2026-10-04T16:07:28.2384675Z | Isluga | `2026-10-02 07:30` | 56.6 |
healthcheck	UNKNOWN STEP	2026-10-04T16:07:28.2385114Z | Tupungatito | `2026-10-02 07:30` | 56.6 |
healthcheck	UNKNOWN STEP	2026-10-04T16:07:28.2385604Z | PlanchonPeteroa | `2026-10-02 07:35` | 56.5 |
healthcheck	UNKNOWN STEP	2026-10-04T16:07:28.2386073Z | Chaiten | `2026-10-02 07:35` | 56.5 |
healthcheck	UNKNOWN STEP	2026-10-04T16:07:28.2386496Z | Villarrica | `2026-10-02 07:35` | 56.5 |
healthcheck	UNKNOWN STEP	2026-10-04T16:07:28.2386959Z | NevadosDeChillan | `2026-10-02 07:35` | 56.5 |
healthcheck	UNKNOWN STEP	2026-10-04T16:07:28.2387426Z | Llaima | `2026-10-02 07:35` | 56.5 |
healthcheck	UNKNOWN STEP	2026-10-04T16:07:28.2388110Z | Copahue | `2026-10-02 07:35` | 56.5 |
healthcheck	UNKNOWN STEP	2026-10-04T16:07:28.2388397Z 
healthcheck	UNKNOWN STEP	2026-10-04T16:07:28.2845642Z ##[group]Run python - <<'PYEOF'
healthcheck	UNKNOWN STEP	2026-10-04T16:07:28.2846051Z ^[[36;1mpython - <<'PYEOF'^[[0m
healthcheck	UNKNOWN STEP	2026-10-04T16:07:28.2846336Z ^[[36;1mimport json, os, subprocess, sys^[[0m
healthcheck	UNKNOWN STEP	2026-10-04T16:07:28.2846654Z ^[[36;1mfrom pathlib import Path^[[0m
healthcheck	UNKNOWN STEP	2026-10-04T16:07:28.2846940Z ^[[36;1m^[[0m
healthcheck	UNKNOWN STEP	2026-10-04T16:07:28.2847151Z ^[[36;1mREPO = os.environ["GH_REPO"]^[[0m
healthcheck	UNKNOWN STEP	2026-10-04T16:07:28.2847493Z ^[[36;1mTITLE = "NRT staleness — Tier A con records >48h"^[[0m
healthcheck	UNKNOWN STEP	2026-10-04T16:07:28.2848145Z ^[[36;1mLABEL = "nrt-stale"^[[0m
healthcheck	UNKNOWN STEP	2026-10-04T16:07:28.2848402Z ^[[36;1mMARK = "<!-- s123-escalon:"^[[0m
healthcheck	UNKNOWN STEP	2026-10-04T16:07:28.2848656Z ^[[36;1m^[[0m
healthcheck	UNKNOWN STEP	2026-10-04T16:07:28.2848918Z ^[[36;1mstale = int(os.environ.get("STALE_COUNT") or 0)^[[0m
healthcheck	UNKNOWN STEP	2026-10-04T16:07:28.2849295Z ^[[36;1mmissing = int(os.environ.get("MISSING_COUNT") or 0)^[[0m
healthcheck	UNKNOWN STEP	2026-10-04T16:07:28.2849677Z ^[[36;1mmax_age = float(os.environ.get("MAX_AGE_H") or 0)^[[0m
healthcheck	UNKNOWN STEP	2026-10-04T16:07:28.2850023Z ^[[36;1mhay_problema = stale > 0 or missing > 0^[[0m
healthcheck	UNKNOWN STEP	2026-10-04T16:07:28.2850313Z ^[[36;1m^[[0m
healthcheck	UNKNOWN STEP	2026-10-04T16:07:28.2850572Z ^[[36;1mfallos_gh = []^[[0m
healthcheck	UNKNOWN STEP	2026-10-04T16:07:28.2850796Z ^[[36;1m^[[0m
healthcheck	UNKNOWN STEP	2026-10-04T16:07:28.2850999Z ^[[36;1mdef gh(*args, stdin=None):^[[0m
healthcheck	UNKNOWN STEP	2026-10-04T16:07:28.2851373Z ^[[36;1m    # S124: este es el canal de alerta ACCIONABLE unico desde S123. Si^[[0m
healthcheck	UNKNOWN STEP	2026-10-04T16:07:28.2852064Z ^[[36;1m    # `gh` falla (rate limit, permisos, GitHub caido) y solo imprimimos^[[0m
healthcheck	UNKNOWN STEP	2026-10-04T16:07:28.2852560Z ^[[36;1m    # un WARN, el workflow termina success y la alerta se pierde sin que^[[0m
healthcheck	UNKNOWN STEP	2026-10-04T16:07:28.2853057Z ^[[36;1m    # nadie se entere — un canal de alerta que puede fallar mudo no es un^[[0m
healthcheck	UNKNOWN STEP	2026-10-04T16:07:28.2853570Z ^[[36;1m    # canal de alerta. Se acumulan los fallos y el step sale != 0 al final.^[[0m
healthcheck	UNKNOWN STEP	2026-10-04T16:07:28.2854089Z ^[[36;1m    r = subprocess.run(["gh", *args], capture_output=True, text=True,^[[0m
healthcheck	UNKNOWN STEP	2026-10-04T16:07:28.2854522Z ^[[36;1m                       encoding="utf-8", input=stdin)^[[0m
healthcheck	UNKNOWN STEP	2026-10-04T16:07:28.2854839Z ^[[36;1m    if r.returncode != 0:^[[0m
healthcheck	UNKNOWN STEP	2026-10-04T16:07:28.2855186Z ^[[36;1m        msg = f"gh {' '.join(args[:3])}: {r.stderr.strip()[:200]}"^[[0m
healthcheck	UNKNOWN STEP	2026-10-04T16:07:28.2855537Z ^[[36;1m        print(f"WARN {msg}")^[[0m
healthcheck	UNKNOWN STEP	2026-10-04T16:07:28.2855815Z ^[[36;1m        fallos_gh.append(msg)^[[0m
healthcheck	UNKNOWN STEP	2026-10-04T16:07:28.2856111Z ^[[36;1m    return r.stdout.strip()^[[0m
healthcheck	UNKNOWN STEP	2026-10-04T16:07:28.2856377Z ^[[36;1m^[[0m
healthcheck	UNKNOWN STEP	2026-10-04T16:07:28.2856664Z ^[[36;1m# Escalones de MAYOR a menor: el primero que la edad alcanza.^[[0m
healthcheck	UNKNOWN STEP	2026-10-04T16:07:28.2857133Z ^[[36;1mESCALONES = [(720, "30 días"), (336, "14 días"), (168, "7 días"),^[[0m
healthcheck	UNKNOWN STEP	2026-10-04T16:07:28.2857527Z ^[[36;1m             (72, "72 h"), (0, "48 h")]^[[0m
healthcheck	UNKNOWN STEP	2026-10-04T16:07:28.2857989Z ^[[36;1m^[[0m
healthcheck	UNKNOWN STEP	2026-10-04T16:07:28.2858193Z ^[[36;1mdef escalon(horas):^[[0m
healthcheck	UNKNOWN STEP	2026-10-04T16:07:28.2858469Z ^[[36;1m    for umbral, nombre in ESCALONES:^[[0m
healthcheck	UNKNOWN STEP	2026-10-04T16:07:28.2858759Z ^[[36;1m        if horas >= umbral:^[[0m
healthcheck	UNKNOWN STEP	2026-10-04T16:07:28.2859018Z ^[[36;1m            return nombre^[[0m
healthcheck	UNKNOWN STEP	2026-10-04T16:07:28.2859280Z ^[[36;1m    return "48 h"^[[0m
healthcheck	UNKNOWN STEP	2026-10-04T16:07:28.2859505Z ^[[36;1m^[[0m
healthcheck	UNKNOWN STEP	2026-10-04T16:07:28.2859712Z ^[[36;1mdef _fin():^[[0m
healthcheck	UNKNOWN STEP	2026-10-04T16:07:28.2860080Z ^[[36;1m    """Sale != 0 si alguna llamada a gh fallo: la alerta no puede perderse."""^[[0m
healthcheck	UNKNOWN STEP	2026-10-04T16:07:28.2860474Z ^[[36;1m    if fallos_gh:^[[0m
healthcheck	UNKNOWN STEP	2026-10-04T16:07:28.2860812Z ^[[36;1m        print(f"FAIL: {len(fallos_gh)} llamada(s) a gh fallaron; "^[[0m
healthcheck	UNKNOWN STEP	2026-10-04T16:07:28.2861215Z ^[[36;1m              f"la alerta pudo no haberse emitido.")^[[0m
healthcheck	UNKNOWN STEP	2026-10-04T16:07:28.2861539Z ^[[36;1m        for f in fallos_gh:^[[0m
healthcheck	UNKNOWN STEP	2026-10-04T16:07:28.2861825Z ^[[36;1m            print(f"  - {f}")^[[0m
healthcheck	UNKNOWN STEP	2026-10-04T16:07:28.2862094Z ^[[36;1m        sys.exit(1)^[[0m
healthcheck	UNKNOWN STEP	2026-10-04T16:07:28.2862333Z ^[[36;1m    sys.exit(0)^[[0m
healthcheck	UNKNOWN STEP	2026-10-04T16:07:28.2862557Z ^[[36;1m^[[0m
healthcheck	UNKNOWN STEP	2026-10-04T16:07:28.2862826Z ^[[36;1mraw = gh("issue", "list", "--repo", REPO, "--label", LABEL,^[[0m
healthcheck	UNKNOWN STEP	2026-10-04T16:07:28.2863259Z ^[[36;1m         "--state", "open", "--json", "number,body", "--jq", ".[0] // empty")^[[0m
healthcheck	UNKNOWN STEP	2026-10-04T16:07:28.2863675Z ^[[36;1mabierto = json.loads(raw) if raw else None^[[0m
healthcheck	UNKNOWN STEP	2026-10-04T16:07:28.2864161Z ^[[36;1m^[[0m
healthcheck	UNKNOWN STEP	2026-10-04T16:07:28.2864460Z ^[[36;1m# --- Caso 1: todo sano. Cerrar el issue si quedó abierto. ---^[[0m
healthcheck	UNKNOWN STEP	2026-10-04T16:07:28.2864845Z ^[[36;1mif not hay_problema:^[[0m
healthcheck	UNKNOWN STEP	2026-10-04T16:07:28.2865102Z ^[[36;1m    if not abierto:^[[0m
healthcheck	UNKNOWN STEP	2026-10-04T16:07:28.2865482Z ^[[36;1m        print("OK: sin stale y sin issue abierto — nada que hacer.")^[[0m
healthcheck	UNKNOWN STEP	2026-10-04T16:07:28.2865877Z ^[[36;1m        sys.exit(0)^[[0m
healthcheck	UNKNOWN STEP	2026-10-04T16:07:28.2866133Z ^[[36;1m    num = str(abierto["number"])^[[0m
healthcheck	UNKNOWN STEP	2026-10-04T16:07:28.2866420Z ^[[36;1m    cuerpo = (^[[0m
healthcheck	UNKNOWN STEP	2026-10-04T16:07:28.2866667Z ^[[36;1m        "## ✅ Recuperado\n\n"^[[0m
healthcheck	UNKNOWN STEP	2026-10-04T16:07:28.2867052Z ^[[36;1m        "El healthcheck encuentra **todos los Tier A frescos** (<48 h). "^[[0m
healthcheck	UNKNOWN STEP	2026-10-04T16:07:28.2867560Z ^[[36;1m        "Cierro el issue automáticamente para que el rojo signifique algo "^[[0m
healthcheck	UNKNOWN STEP	2026-10-04T16:07:28.2868155Z ^[[36;1m        "la próxima vez.\n\n"^[[0m
healthcheck	UNKNOWN STEP	2026-10-04T16:07:28.2868492Z ^[[36;1m        "<details><summary>Último reporte</summary>\n\n"^[[0m
healthcheck	UNKNOWN STEP	2026-10-04T16:07:28.2868919Z ^[[36;1m        + Path("healthcheck_report.md").read_text(encoding="utf-8")^[[0m
healthcheck	UNKNOWN STEP	2026-10-04T16:07:28.2869288Z ^[[36;1m        + "\n\n</details>"^[[0m
healthcheck	UNKNOWN STEP	2026-10-04T16:07:28.2869540Z ^[[36;1m    )^[[0m
healthcheck	UNKNOWN STEP	2026-10-04T16:07:28.2870057Z ^[[36;1m    gh("issue", "comment", num, "--repo", REPO, "--body-file", "-", stdin=cuerpo)^[[0m
healthcheck	UNKNOWN STEP	2026-10-04T16:07:28.2870491Z ^[[36;1m    gh("issue", "close", num, "--repo", REPO,^[[0m
healthcheck	UNKNOWN STEP	2026-10-04T16:07:28.2870803Z ^[[36;1m       "--reason", "completed")^[[0m
healthcheck	UNKNOWN STEP	2026-10-04T16:07:28.2871143Z ^[[36;1m    print(f"Issue #{num} cerrado: sistema recuperado.")^[[0m
healthcheck	UNKNOWN STEP	2026-10-04T16:07:28.2871473Z ^[[36;1m    _fin()^[[0m
healthcheck	UNKNOWN STEP	2026-10-04T16:07:28.2871691Z ^[[36;1m^[[0m
healthcheck	UNKNOWN STEP	2026-10-04T16:07:28.2871982Z ^[[36;1m# --- Caso 2: hay problema. Abrir, escalar o solo refrescar. ---^[[0m
healthcheck	UNKNOWN STEP	2026-10-04T16:07:28.2872455Z ^[[36;1mreporte = Path("healthcheck_report.md").read_text(encoding="utf-8")^[[0m
healthcheck	UNKNOWN STEP	2026-10-04T16:07:28.2872838Z ^[[36;1mactual = escalon(max_age)^[[0m
healthcheck	UNKNOWN STEP	2026-10-04T16:07:28.2873149Z ^[[36;1mcuerpo = f"{MARK} {actual} -->\n\n{reporte}\n"^[[0m
healthcheck	UNKNOWN STEP	2026-10-04T16:07:28.2873452Z ^[[36;1m^[[0m
healthcheck	UNKNOWN STEP	2026-10-04T16:07:28.2873656Z ^[[36;1mif not abierto:^[[0m
healthcheck	UNKNOWN STEP	2026-10-04T16:07:28.2873981Z ^[[36;1m    gh("label", "create", LABEL, "--repo", REPO, "--color", "FF6B6B",^[[0m
healthcheck	UNKNOWN STEP	2026-10-04T16:07:28.2874448Z ^[[36;1m       "--description", "NRT healthcheck detectó vols Tier A stale")^[[0m
healthcheck	UNKNOWN STEP	2026-10-04T16:07:28.2874867Z ^[[36;1m    gh("issue", "create", "--repo", REPO, "--title", TITLE,^[[0m
healthcheck	UNKNOWN STEP	2026-10-04T16:07:28.2875248Z ^[[36;1m       "--label", LABEL, "--body-file", "-", stdin=cuerpo)^[[0m
healthcheck	UNKNOWN STEP	2026-10-04T16:07:28.2875618Z ^[[36;1m    print(f"Issue creado (escalón {actual}).")^[[0m
healthcheck	UNKNOWN STEP	2026-10-04T16:07:28.2875914Z ^[[36;1m    _fin()^[[0m
healthcheck	UNKNOWN STEP	2026-10-04T16:07:28.2876119Z ^[[36;1m^[[0m
healthcheck	UNKNOWN STEP	2026-10-04T16:07:28.2876325Z ^[[36;1mnum = str(abierto["number"])^[[0m
healthcheck	UNKNOWN STEP	2026-10-04T16:07:28.2876592Z ^[[36;1mprevio = None^[[0m
healthcheck	UNKNOWN STEP	2026-10-04T16:07:28.2876892Z ^[[36;1mfor linea in (abierto.get("body") or "").splitlines():^[[0m
healthcheck	UNKNOWN STEP	2026-10-04T16:07:28.2877247Z ^[[36;1m    if linea.startswith(MARK):^[[0m
healthcheck	UNKNOWN STEP	2026-10-04T16:07:28.2877594Z ^[[36;1m        previo = linea[len(MARK):].replace("-->", "").strip()^[[0m
healthcheck	UNKNOWN STEP	2026-10-04T16:07:28.2878143Z ^[[36;1m        break^[[0m
healthcheck	UNKNOWN STEP	2026-10-04T16:07:28.2878357Z ^[[36;1m^[[0m
healthcheck	UNKNOWN STEP	2026-10-04T16:07:28.2878648Z ^[[36;1m# El cuerpo se refresca siempre: editar NO genera notificación.^[[0m
healthcheck	UNKNOWN STEP	2026-10-04T16:07:28.2879134Z ^[[36;1mgh("issue", "edit", num, "--repo", REPO, "--body-file", "-", stdin=cuerpo)^[[0m
healthcheck	UNKNOWN STEP	2026-10-04T16:07:28.2879504Z ^[[36;1m^[[0m
healthcheck	UNKNOWN STEP	2026-10-04T16:07:28.2879702Z ^[[36;1mif previo == actual:^[[0m
healthcheck	UNKNOWN STEP	2026-10-04T16:07:28.2880025Z ^[[36;1m    print(f"Issue #{num}: sigue en escalón {actual} — cuerpo "^[[0m
healthcheck	UNKNOWN STEP	2026-10-04T16:07:28.2880406Z ^[[36;1m          f"actualizado, sin notificar.")^[[0m
healthcheck	UNKNOWN STEP	2026-10-04T16:07:28.2880690Z ^[[36;1m    _fin()^[[0m
healthcheck	UNKNOWN STEP	2026-10-04T16:07:28.2880894Z ^[[36;1m^[[0m
healthcheck	UNKNOWN STEP	2026-10-04T16:07:28.2881120Z ^[[36;1maviso = (^[[0m
healthcheck	UNKNOWN STEP	2026-10-04T16:07:28.2881361Z ^[[36;1m    f"## ⏫ Escaló a **{actual}**\n\n"^[[0m
healthcheck	UNKNOWN STEP	2026-10-04T16:07:28.2881714Z ^[[36;1m    f"La caída pasó de `{previo or '48 h'}` a `{actual}` "^[[0m
healthcheck	UNKNOWN STEP	2026-10-04T16:07:28.2882264Z ^[[36;1m    f"(peor caso: {max_age:.0f} h sin dato).\n\n"^[[0m
healthcheck	UNKNOWN STEP	2026-10-04T16:07:28.2882580Z ^[[36;1m    f"{reporte}"^[[0m
healthcheck	UNKNOWN STEP	2026-10-04T16:07:28.2882835Z ^[[36;1m)^[[0m
healthcheck	UNKNOWN STEP	2026-10-04T16:07:28.2883147Z ^[[36;1mgh("issue", "comment", num, "--repo", REPO, "--body-file", "-", stdin=aviso)^[[0m
healthcheck	UNKNOWN STEP	2026-10-04T16:07:28.2883659Z ^[[36;1mprint(f"Issue #{num}: escaló {previo} → {actual} (notificado).")^[[0m
healthcheck	UNKNOWN STEP	2026-10-04T16:07:28.2884022Z ^[[36;1m_fin()^[[0m
healthcheck	UNKNOWN STEP	2026-10-04T16:07:28.2884231Z ^[[36;1mPYEOF^[[0m
healthcheck	UNKNOWN STEP	2026-10-04T16:07:28.2957510Z shell: /usr/bin/bash -e {0}
healthcheck	UNKNOWN STEP	2026-10-04T16:07:28.2957987Z env:
healthcheck	UNKNOWN STEP	2026-10-04T16:07:28.2958307Z   pythonLocation: /opt/hostedtoolcache/Python/3.11.16/x64
healthcheck	UNKNOWN STEP	2026-10-04T16:07:28.2958765Z   PKG_CONFIG_PATH: /opt/hostedtoolcache/Python/3.11.16/x64/lib/pkgconfig
healthcheck	UNKNOWN STEP	2026-10-04T16:07:28.2959213Z   Python_ROOT_DIR: /opt/hostedtoolcache/Python/3.11.16/x64
healthcheck	UNKNOWN STEP	2026-10-04T16:07:28.2959602Z   Python2_ROOT_DIR: /opt/hostedtoolcache/Python/3.11.16/x64
healthcheck	UNKNOWN STEP	2026-10-04T16:07:28.2960005Z   Python3_ROOT_DIR: /opt/hostedtoolcache/Python/3.11.16/x64
healthcheck	UNKNOWN STEP	2026-10-04T16:07:28.2960391Z   LD_LIBRARY_PATH: /opt/hostedtoolcache/Python/3.11.16/x64/lib
healthcheck	UNKNOWN STEP	2026-10-04T16:07:28.2963286Z   GH_TOKEN: ***
healthcheck	UNKNOWN STEP	2026-10-04T16:07:28.2963537Z   GH_REPO: MendozaVolcanic/VRP-chile
healthcheck	UNKNOWN STEP	2026-10-04T16:07:28.2963819Z   STALE_COUNT: 11
healthcheck	UNKNOWN STEP	2026-10-04T16:07:28.2964268Z   MISSING_COUNT: 0
healthcheck	UNKNOWN STEP	2026-10-04T16:07:28.2964478Z   MAX_AGE_H: 56.6
healthcheck	UNKNOWN STEP	2026-10-04T16:07:28.2964690Z ##[endgroup]
healthcheck	UNKNOWN STEP	2026-10-04T16:07:30.6230369Z WARN gh label create nrt-stale: label with name "nrt-stale" already exists; use `--force` to update its color and description
healthcheck	UNKNOWN STEP	2026-10-04T16:07:30.6231271Z Issue creado (escalón 48 h).
healthcheck	UNKNOWN STEP	2026-10-04T16:07:30.6231644Z FAIL: 1 llamada(s) a gh fallaron; la alerta pudo no haberse emitido.
healthcheck	UNKNOWN STEP	2026-10-04T16:07:30.6232300Z   - gh label create nrt-stale: label with name "nrt-stale" already exists; use `--force` to update its color and description
healthcheck	UNKNOWN STEP	2026-10-04T16:07:30.6300016Z ##[error]Process completed with exit code 1.
healthcheck	UNKNOWN STEP	2026-10-04T16:07:30.6352295Z ##[group]Run gh run list --limit 400 --json createdAt,name,event \
healthcheck	UNKNOWN STEP	2026-10-04T16:07:30.6352809Z ^[[36;1mgh run list --limit 400 --json createdAt,name,event \^[[0m
healthcheck	UNKNOWN STEP	2026-10-04T16:07:30.6353203Z ^[[36;1m  | python scripts/medir_cadencia_cron.py \^[[0m
healthcheck	UNKNOWN STEP	2026-10-04T16:07:30.6353585Z ^[[36;1m      --ventana-h 24 --json-out cadencia.json \^[[0m
healthcheck	UNKNOWN STEP	2026-10-04T16:07:30.6353946Z ^[[36;1m  | tee -a "$GITHUB_STEP_SUMMARY"^[[0m
healthcheck	UNKNOWN STEP	2026-10-04T16:07:30.6423692Z shell: /usr/bin/bash -e {0}
healthcheck	UNKNOWN STEP	2026-10-04T16:07:30.6423976Z env:
healthcheck	UNKNOWN STEP	2026-10-04T16:07:30.6424268Z   pythonLocation: /opt/hostedtoolcache/Python/3.11.16/x64
healthcheck	UNKNOWN STEP	2026-10-04T16:07:30.6424726Z   PKG_CONFIG_PATH: /opt/hostedtoolcache/Python/3.11.16/x64/lib/pkgconfig
healthcheck	UNKNOWN STEP	2026-10-04T16:07:30.6425154Z   Python_ROOT_DIR: /opt/hostedtoolcache/Python/3.11.16/x64
healthcheck	UNKNOWN STEP	2026-10-04T16:07:30.6425534Z   Python2_ROOT_DIR: /opt/hostedtoolcache/Python/3.11.16/x64
healthcheck	UNKNOWN STEP	2026-10-04T16:07:30.6425917Z   Python3_ROOT_DIR: /opt/hostedtoolcache/Python/3.11.16/x64
healthcheck	UNKNOWN STEP	2026-10-04T16:07:30.6426379Z   LD_LIBRARY_PATH: /opt/hostedtoolcache/Python/3.11.16/x64/lib
healthcheck	UNKNOWN STEP	2026-10-04T16:07:30.6429528Z   GH_TOKEN: ***
healthcheck	UNKNOWN STEP	2026-10-04T16:07:30.6429767Z ##[endgroup]
healthcheck	UNKNOWN STEP	2026-10-04T16:07:38.5639519Z ### Cadencia del cron (ultimas 24 h)
healthcheck	UNKNOWN STEP	2026-10-04T16:07:38.5640043Z 
healthcheck	UNKNOWN STEP	2026-10-04T16:07:38.5640470Z | workflow | esperadas | ocurrieron | entrega |
healthcheck	UNKNOWN STEP	2026-10-04T16:07:38.5641045Z |---|---:|---:|---:|
healthcheck	UNKNOWN STEP	2026-10-04T16:07:38.5641444Z | NRT VRP Pipeline (both profiles) | 12.0 | 5 | 42 % |
healthcheck	UNKNOWN STEP	2026-10-04T16:07:38.5642037Z | NRT Retry (NASA recovery) | 12.0 | 5 | 42 % |
healthcheck	UNKNOWN STEP	2026-10-04T16:07:38.5642545Z | Deploy GitHub Pages | 12.0 | 5 | 42 % |
healthcheck	UNKNOWN STEP	2026-10-04T16:07:38.5643095Z | .github/workflows/sync-mirova-csv.yml | 24.0 | 5 | 21 % |
healthcheck	UNKNOWN STEP	2026-10-04T16:07:38.5643533Z 
healthcheck	UNKNOWN STEP	2026-10-04T16:07:38.5643771Z Entrega global: **33 %**.
healthcheck	UNKNOWN STEP	2026-10-04T16:07:38.5644006Z 
healthcheck	UNKNOWN STEP	2026-10-04T16:07:38.5645383Z Una entrega baja **no implica perdida de datos**: cada corrida del NRT procesa el dia completo, asi que una franja saltada la cubre la siguiente. Degrada la latencia, no la completitud. La alerta salta solo con cero corridas del NRT en la ventana.
healthcheck	UNKNOWN STEP	2026-10-04T16:07:38.5732587Z ##[group]Run python scripts/token_edad.py | tee -a "$GITHUB_STEP_SUMMARY"
healthcheck	UNKNOWN STEP	2026-10-04T16:07:38.5733139Z ^[[36;1mpython scripts/token_edad.py | tee -a "$GITHUB_STEP_SUMMARY"^[[0m
healthcheck	UNKNOWN STEP	2026-10-04T16:07:38.5803753Z shell: /usr/bin/bash -e {0}
healthcheck	UNKNOWN STEP	2026-10-04T16:07:38.5804057Z env:
healthcheck	UNKNOWN STEP	2026-10-04T16:07:38.5804342Z   pythonLocation: /opt/hostedtoolcache/Python/3.11.16/x64
healthcheck	UNKNOWN STEP	2026-10-04T16:07:38.5804808Z   PKG_CONFIG_PATH: /opt/hostedtoolcache/Python/3.11.16/x64/lib/pkgconfig
healthcheck	UNKNOWN STEP	2026-10-04T16:07:38.5805247Z   Python_ROOT_DIR: /opt/hostedtoolcache/Python/3.11.16/x64
healthcheck	UNKNOWN STEP	2026-10-04T16:07:38.5805632Z   Python2_ROOT_DIR: /opt/hostedtoolcache/Python/3.11.16/x64
healthcheck	UNKNOWN STEP	2026-10-04T16:07:38.5806022Z   Python3_ROOT_DIR: /opt/hostedtoolcache/Python/3.11.16/x64
healthcheck	UNKNOWN STEP	2026-10-04T16:07:38.5806399Z   LD_LIBRARY_PATH: /opt/hostedtoolcache/Python/3.11.16/x64/lib
healthcheck	UNKNOWN STEP	2026-10-04T16:07:38.5811037Z   EARTHDATA_TOKEN: ***
healthcheck	UNKNOWN STEP	2026-10-04T16:07:38.5811282Z ##[endgroup]
healthcheck	UNKNOWN STEP	2026-10-04T16:07:38.6137509Z EARTHDATA_TOKEN: estado=vencido vence=2026-10-03T07:18+00:00 dias_restantes=-1.4
healthcheck	UNKNOWN STEP	2026-10-04T16:07:38.6220888Z ##[group]Run python - <<'PYEOF'
healthcheck	UNKNOWN STEP	2026-10-04T16:07:38.6221269Z ^[[36;1mpython - <<'PYEOF'^[[0m
healthcheck	UNKNOWN STEP	2026-10-04T16:07:38.6221541Z ^[[36;1mimport json, os, subprocess, sys^[[0m
healthcheck	UNKNOWN STEP	2026-10-04T16:07:38.6221833Z ^[[36;1m^[[0m
healthcheck	UNKNOWN STEP	2026-10-04T16:07:38.6222227Z ^[[36;1mREPO = os.environ["GH_REPO"]^[[0m
healthcheck	UNKNOWN STEP	2026-10-04T16:07:38.6222562Z ^[[36;1mESTADO = os.environ.get("ESTADO") or "desconocido"^[[0m
healthcheck	UNKNOWN STEP	2026-10-04T16:07:38.6222929Z ^[[36;1mVENCE = os.environ.get("VENCE") or "?"^[[0m
healthcheck	UNKNOWN STEP	2026-10-04T16:07:38.6223265Z ^[[36;1mDIAS = os.environ.get("DIAS") or "?"^[[0m
healthcheck	UNKNOWN STEP	2026-10-04T16:07:38.6223564Z ^[[36;1mLABEL = "earthdata-token"^[[0m
healthcheck	UNKNOWN STEP	2026-10-04T16:07:38.6223984Z ^[[36;1mTITLE = "EARTHDATA_TOKEN por vencer: renovar en Earthdata y actualizar el secret"^[[0m
healthcheck	UNKNOWN STEP	2026-10-04T16:07:38.6224413Z ^[[36;1mMARK = "<!-- s140-token:"^[[0m
healthcheck	UNKNOWN STEP	2026-10-04T16:07:38.6224663Z ^[[36;1mfallos = []^[[0m
healthcheck	UNKNOWN STEP	2026-10-04T16:07:38.6224884Z ^[[36;1m^[[0m
healthcheck	UNKNOWN STEP	2026-10-04T16:07:38.6225095Z ^[[36;1mdef gh(*args, stdin=None):^[[0m
healthcheck	UNKNOWN STEP	2026-10-04T16:07:38.6225516Z ^[[36;1m    # Un canal de alerta que falla mudo no es un canal de alerta (S124).^[[0m
healthcheck	UNKNOWN STEP	2026-10-04T16:07:38.6226011Z ^[[36;1m    r = subprocess.run(["gh", *args], capture_output=True, text=True,^[[0m
healthcheck	UNKNOWN STEP	2026-10-04T16:07:38.6226455Z ^[[36;1m                       encoding="utf-8", input=stdin)^[[0m
healthcheck	UNKNOWN STEP	2026-10-04T16:07:38.6226781Z ^[[36;1m    if r.returncode != 0:^[[0m
healthcheck	UNKNOWN STEP	2026-10-04T16:07:38.6227151Z ^[[36;1m        fallos.append(f"gh {' '.join(args[:3])}: {r.stderr.strip()[:200]}")^[[0m
healthcheck	UNKNOWN STEP	2026-10-04T16:07:38.6227546Z ^[[36;1m    return r.stdout.strip()^[[0m
healthcheck	UNKNOWN STEP	2026-10-04T16:07:38.6228009Z ^[[36;1m^[[0m
healthcheck	UNKNOWN STEP	2026-10-04T16:07:38.6228208Z ^[[36;1mdef fin():^[[0m
healthcheck	UNKNOWN STEP	2026-10-04T16:07:38.6228440Z ^[[36;1m    for f in fallos:^[[0m
healthcheck	UNKNOWN STEP	2026-10-04T16:07:38.6228696Z ^[[36;1m        print(f"WARN {f}")^[[0m
healthcheck	UNKNOWN STEP	2026-10-04T16:07:38.6228970Z ^[[36;1m    sys.exit(1 if fallos else 0)^[[0m
healthcheck	UNKNOWN STEP	2026-10-04T16:07:38.6229245Z ^[[36;1m^[[0m
healthcheck	UNKNOWN STEP	2026-10-04T16:07:38.6229448Z ^[[36;1mif ESTADO == "desconocido":^[[0m
healthcheck	UNKNOWN STEP	2026-10-04T16:07:38.6229859Z ^[[36;1m    print("Estado del token desconocido (secret ausente o no-JWT): sin issue.")^[[0m
healthcheck	UNKNOWN STEP	2026-10-04T16:07:38.6230271Z ^[[36;1m    sys.exit(0)^[[0m
healthcheck	UNKNOWN STEP	2026-10-04T16:07:38.6230493Z ^[[36;1m^[[0m
healthcheck	UNKNOWN STEP	2026-10-04T16:07:38.6230807Z ^[[36;1mraw = gh("issue", "list", "--repo", REPO, "--label", LABEL, "--state", "open",^[[0m
healthcheck	UNKNOWN STEP	2026-10-04T16:07:38.6231254Z ^[[36;1m         "--json", "number,body", "--jq", ".[0] // empty")^[[0m
healthcheck	UNKNOWN STEP	2026-10-04T16:07:38.6231627Z ^[[36;1mabierto = json.loads(raw) if raw else None^[[0m
healthcheck	UNKNOWN STEP	2026-10-04T16:07:38.6231921Z ^[[36;1m^[[0m
healthcheck	UNKNOWN STEP	2026-10-04T16:07:38.6232121Z ^[[36;1mif ESTADO == "ok":^[[0m
healthcheck	UNKNOWN STEP	2026-10-04T16:07:38.6232363Z ^[[36;1m    if abierto:^[[0m
healthcheck	UNKNOWN STEP	2026-10-04T16:07:38.6232614Z ^[[36;1m        num = str(abierto["number"])^[[0m
healthcheck	UNKNOWN STEP	2026-10-04T16:07:38.6233002Z ^[[36;1m        gh("issue", "comment", num, "--repo", REPO, "--body-file", "-",^[[0m
healthcheck	UNKNOWN STEP	2026-10-04T16:07:38.6233495Z ^[[36;1m           stdin=f"Token renovado: vence {VENCE} ({DIAS} dias). Cierro el issue.")^[[0m
healthcheck	UNKNOWN STEP	2026-10-04T16:07:38.6233979Z ^[[36;1m        gh("issue", "close", num, "--repo", REPO, "--reason", "completed")^[[0m
healthcheck	UNKNOWN STEP	2026-10-04T16:07:38.6234339Z ^[[36;1m    else:^[[0m
healthcheck	UNKNOWN STEP	2026-10-04T16:07:38.6234616Z ^[[36;1m        print(f"Token OK: vence {VENCE} ({DIAS} dias).")^[[0m
healthcheck	UNKNOWN STEP	2026-10-04T16:07:38.6234943Z ^[[36;1m    fin()^[[0m
healthcheck	UNKNOWN STEP	2026-10-04T16:07:38.6235148Z ^[[36;1m^[[0m
healthcheck	UNKNOWN STEP	2026-10-04T16:07:38.6235377Z ^[[36;1mcuerpo = (f"{MARK} {ESTADO} -->\n\n"^[[0m
healthcheck	UNKNOWN STEP	2026-10-04T16:07:38.6235810Z ^[[36;1m          f"El `EARTHDATA_TOKEN` esta en estado **{ESTADO}**: vence **{VENCE}** UTC "^[[0m
healthcheck	UNKNOWN STEP	2026-10-04T16:07:38.6236222Z ^[[36;1m          f"({DIAS} dias).\n\n"^[[0m
healthcheck	UNKNOWN STEP	2026-10-04T16:07:38.6236662Z ^[[36;1m          "Si vence, el NRT deja de descargar granules (S123: 13 dias sin datos en julio).\n\n"^[[0m
healthcheck	UNKNOWN STEP	2026-10-04T16:07:38.6237273Z ^[[36;1m          "Pasos: generar un token nuevo en https://urs.earthdata.nasa.gov (Generate Token) y "^[[0m
healthcheck	UNKNOWN STEP	2026-10-04T16:07:38.6238034Z ^[[36;1m          "pegarlo en Settings > Secrets > Actions > `EARTHDATA_TOKEN`. "^[[0m
healthcheck	UNKNOWN STEP	2026-10-04T16:07:38.6238476Z ^[[36;1m          "Ver `docs/EARTHDATA_TOKEN_SETUP.md`.\n")^[[0m
healthcheck	UNKNOWN STEP	2026-10-04T16:07:38.6238787Z ^[[36;1mif not abierto:^[[0m
healthcheck	UNKNOWN STEP	2026-10-04T16:07:38.6239308Z ^[[36;1m    gh("label", "create", LABEL, "--repo", REPO, "--color", "FBCA04",^[[0m
healthcheck	UNKNOWN STEP	2026-10-04T16:07:38.6239750Z ^[[36;1m       "--description", "Vencimiento del EARTHDATA_TOKEN")^[[0m
healthcheck	UNKNOWN STEP	2026-10-04T16:07:38.6240191Z ^[[36;1m    gh("issue", "create", "--repo", REPO, "--title", TITLE, "--label", LABEL,^[[0m
healthcheck	UNKNOWN STEP	2026-10-04T16:07:38.6240717Z ^[[36;1m       "--body-file", "-", stdin=cuerpo)^[[0m
healthcheck	UNKNOWN STEP	2026-10-04T16:07:38.6241005Z ^[[36;1m    fin()^[[0m
healthcheck	UNKNOWN STEP	2026-10-04T16:07:38.6241233Z ^[[36;1mnum = str(abierto["number"])^[[0m
healthcheck	UNKNOWN STEP	2026-10-04T16:07:38.6241584Z ^[[36;1mprevio = next((l[len(MARK):].replace("-->", "").strip()^[[0m
healthcheck	UNKNOWN STEP	2026-10-04T16:07:38.6242066Z ^[[36;1m               for l in (abierto.get("body") or "").splitlines() if l.startswith(MARK)), None)^[[0m
healthcheck	UNKNOWN STEP	2026-10-04T16:07:38.6242579Z ^[[36;1mgh("issue", "edit", num, "--repo", REPO, "--body-file", "-", stdin=cuerpo)^[[0m
healthcheck	UNKNOWN STEP	2026-10-04T16:07:38.6242953Z ^[[36;1mif previo != ESTADO:^[[0m
healthcheck	UNKNOWN STEP	2026-10-04T16:07:38.6243295Z ^[[36;1m    gh("issue", "comment", num, "--repo", REPO, "--body-file", "-",^[[0m
healthcheck	UNKNOWN STEP	2026-10-04T16:07:38.6243797Z ^[[36;1m       stdin=f"El token paso de `{previo}` a **{ESTADO}**: vence {VENCE} ({DIAS} dias).")^[[0m
healthcheck	UNKNOWN STEP	2026-10-04T16:07:38.6244202Z ^[[36;1mfin()^[[0m
healthcheck	UNKNOWN STEP	2026-10-04T16:07:38.6244404Z ^[[36;1mPYEOF^[[0m
healthcheck	UNKNOWN STEP	2026-10-04T16:07:38.6314786Z shell: /usr/bin/bash -e {0}
healthcheck	UNKNOWN STEP	2026-10-04T16:07:38.6315066Z env:
healthcheck	UNKNOWN STEP	2026-10-04T16:07:38.6315370Z   pythonLocation: /opt/hostedtoolcache/Python/3.11.16/x64
healthcheck	UNKNOWN STEP	2026-10-04T16:07:38.6315841Z   PKG_CONFIG_PATH: /opt/hostedtoolcache/Python/3.11.16/x64/lib/pkgconfig
healthcheck	UNKNOWN STEP	2026-10-04T16:07:38.6316271Z   Python_ROOT_DIR: /opt/hostedtoolcache/Python/3.11.16/x64
healthcheck	UNKNOWN STEP	2026-10-04T16:07:38.6316654Z   Python2_ROOT_DIR: /opt/hostedtoolcache/Python/3.11.16/x64
healthcheck	UNKNOWN STEP	2026-10-04T16:07:38.6317042Z   Python3_ROOT_DIR: /opt/hostedtoolcache/Python/3.11.16/x64
healthcheck	UNKNOWN STEP	2026-10-04T16:07:38.6317462Z   LD_LIBRARY_PATH: /opt/hostedtoolcache/Python/3.11.16/x64/lib
healthcheck	UNKNOWN STEP	2026-10-04T16:07:38.6320404Z   GH_TOKEN: ***
healthcheck	UNKNOWN STEP	2026-10-04T16:07:38.6320660Z   GH_REPO: MendozaVolcanic/VRP-chile
healthcheck	UNKNOWN STEP	2026-10-04T16:07:38.6320935Z   ESTADO: vencido
healthcheck	UNKNOWN STEP	2026-10-04T16:07:38.6321164Z   VENCE: 2026-10-03T07:18+00:00
healthcheck	UNKNOWN STEP	2026-10-04T16:07:38.6321420Z   DIAS: -1.4
healthcheck	UNKNOWN STEP	2026-10-04T16:07:38.6321624Z ##[endgroup]
healthcheck	UNKNOWN STEP	2026-10-04T16:07:40.5967145Z Post job cleanup.
healthcheck	UNKNOWN STEP	2026-10-04T16:07:40.6847389Z [command]/usr/bin/git version
healthcheck	UNKNOWN STEP	2026-10-04T16:07:40.6893529Z git version 2.55.0
healthcheck	UNKNOWN STEP	2026-10-04T16:07:40.6945153Z Temporarily overriding HOME='/home/runner/work/_temp/515ec97a-defe-4b13-8dc4-07ff465391f0' before making global git config changes
healthcheck	UNKNOWN STEP	2026-10-04T16:07:40.6947540Z Adding repository directory to the temporary git global config as a safe directory
healthcheck	UNKNOWN STEP	2026-10-04T16:07:40.6948994Z [command]/usr/bin/git config --global --add safe.directory /home/runner/work/VRP-chile/VRP-chile
healthcheck	UNKNOWN STEP	2026-10-04T16:07:40.6994989Z [command]/usr/bin/git config --local --name-only --get-regexp core\.sshCommand
healthcheck	UNKNOWN STEP	2026-10-04T16:07:40.7040790Z [command]/usr/bin/git submodule foreach --recursive sh -c "git config --local --name-only --get-regexp 'core\.sshCommand' && git config --local --unset-all 'core.sshCommand' || :"
healthcheck	UNKNOWN STEP	2026-10-04T16:07:40.7331007Z [command]/usr/bin/git config --local --name-only --get-regexp http\.https\:\/\/github\.com\/\.extraheader
healthcheck	UNKNOWN STEP	2026-10-04T16:07:40.7363617Z http.https://github.com/.extraheader
healthcheck	UNKNOWN STEP	2026-10-04T16:07:40.7376847Z [command]/usr/bin/git config --local --unset-all http.https://github.com/.extraheader
healthcheck	UNKNOWN STEP	2026-10-04T16:07:40.7418008Z [command]/usr/bin/git submodule foreach --recursive sh -c "git config --local --name-only --get-regexp 'http\.https\:\/\/github\.com\/\.extraheader' && git config --local --unset-all 'http.https://github.com/.extraheader' || :"
healthcheck	UNKNOWN STEP	2026-10-04T16:07:40.7719857Z [command]/usr/bin/git config --local --name-only --get-regexp ^includeIf\.gitdir:
healthcheck	UNKNOWN STEP	2026-10-04T16:07:40.7766923Z [command]/usr/bin/git submodule foreach --recursive git config --local --show-origin --name-only --get-regexp remote.origin.url
healthcheck	UNKNOWN STEP	2026-10-04T16:07:40.8195009Z Cleaning up orphan processes
