2026-10-08T18:08:20.8254340Z Current runner version: '2.337.0'
2026-10-08T18:08:20.8283984Z ##[group]Runner Image Provisioner
2026-10-08T18:08:20.8285587Z Hosted Compute Agent
2026-10-08T18:08:20.8286444Z Version: 20261002.596
2026-10-08T18:08:20.8287200Z Commit: c3d12f3313a95f25162a1503be624f3b0617f8c0
2026-10-08T18:08:20.8288221Z Build Date: 2026-10-02T22:28:27Z
2026-10-08T18:08:20.8289146Z Worker ID: {48caf693-58ef-4aa5-9485-788e3ccbd429}
2026-10-08T18:08:20.8290161Z Region: eastus
2026-10-08T18:08:20.8290902Z Cloud: Azure
2026-10-08T18:08:20.8291753Z ##[endgroup]
2026-10-08T18:08:20.8293533Z ##[group]Operating System
2026-10-08T18:08:20.8294485Z Ubuntu
2026-10-08T18:08:20.8295246Z 24.04.5
2026-10-08T18:08:20.8295958Z LTS
2026-10-08T18:08:20.8296689Z ##[endgroup]
2026-10-08T18:08:20.8297392Z ##[group]Runner Image
2026-10-08T18:08:20.8298284Z Image: ubuntu-24.04
2026-10-08T18:08:20.8298994Z Version: 20261004.327.1
2026-10-08T18:08:20.8300628Z Included Software: https://github.com/actions/runner-images/blob/ubuntu24/20261004.327/images/ubuntu/Ubuntu2404-Readme.md
2026-10-08T18:08:20.8302538Z Image Release: https://github.com/actions/runner-images/releases/tag/ubuntu24%2F20261004.327
2026-10-08T18:08:20.8303818Z ##[endgroup]
2026-10-08T18:08:20.8305505Z ##[group]GITHUB_TOKEN Permissions
2026-10-08T18:08:20.8307837Z Contents: write
2026-10-08T18:08:20.8308695Z Metadata: read
2026-10-08T18:08:20.8309420Z ##[endgroup]
2026-10-08T18:08:20.8311947Z Secret source: Actions
2026-10-08T18:08:20.8313131Z Cache mode: write
2026-10-08T18:08:20.8314425Z Prepare workflow directory
2026-10-08T18:08:20.8789175Z Prepare all required actions
2026-10-08T18:08:20.8845850Z Getting action download info
2026-10-08T18:08:21.0411290Z Download action repository 'actions/checkout@v5' (SHA:fbc6f3992d24b796d5a048ff273f7fcc4a7b6c09)
2026-10-08T18:08:21.5464593Z Download action repository 'actions/setup-python@v6' (SHA:ece7cb06caefa5fff74198d8649806c4678c61a1)
2026-10-08T18:08:22.2006283Z Complete job name: process (Lascar)
2026-10-08T18:08:22.4291204Z ##[group]Run if [ "$DISPATCH_VOLCANO" != "" ] && [ "$DISPATCH_VOLCANO" != "Lascar" ]; then
2026-10-08T18:08:22.4292235Z [36;1mif [ "$DISPATCH_VOLCANO" != "" ] && [ "$DISPATCH_VOLCANO" != "Lascar" ]; then[0m
2026-10-08T18:08:22.4292976Z [36;1m  echo "skip=true" >> $GITHUB_OUTPUT[0m
2026-10-08T18:08:22.4293629Z [36;1m  echo "Skipping Lascar (dispatch filter=$DISPATCH_VOLCANO)"[0m
2026-10-08T18:08:22.4294501Z [36;1melse[0m
2026-10-08T18:08:22.4294940Z [36;1m  echo "skip=false" >> $GITHUB_OUTPUT[0m
2026-10-08T18:08:22.4295446Z [36;1mfi[0m
2026-10-08T18:08:22.5006811Z shell: /usr/bin/bash -e {0}
2026-10-08T18:08:22.5007633Z env:
2026-10-08T18:08:22.5008036Z   DISPATCH_VOLCANO: 
2026-10-08T18:08:22.5008452Z ##[endgroup]
2026-10-08T18:08:22.6027405Z ##[group]Run actions/checkout@v5
2026-10-08T18:08:22.6027946Z with:
2026-10-08T18:08:22.6028365Z   repository: MendozaVolcanic/VRP-chile
2026-10-08T18:08:22.6031697Z   token: ***
2026-10-08T18:08:22.6032093Z   ssh-strict: true
2026-10-08T18:08:22.6032485Z   ssh-user: git
2026-10-08T18:08:22.6032905Z   persist-credentials: true
2026-10-08T18:08:22.6033339Z   clean: true
2026-10-08T18:08:22.6033734Z   sparse-checkout-cone-mode: true
2026-10-08T18:08:22.6034391Z   fetch-depth: 1
2026-10-08T18:08:22.6034805Z   fetch-tags: false
2026-10-08T18:08:22.6035213Z   show-progress: true
2026-10-08T18:08:22.6035615Z   lfs: false
2026-10-08T18:08:22.6036002Z   submodules: false
2026-10-08T18:08:22.6036432Z   set-safe-directory: true
2026-10-08T18:08:22.6036896Z   allow-unsafe-pr-checkout: false
2026-10-08T18:08:22.6037350Z ##[endgroup]
2026-10-08T18:08:22.6806038Z Syncing repository: MendozaVolcanic/VRP-chile
2026-10-08T18:08:22.6808340Z ##[group]Getting Git version info
2026-10-08T18:08:22.6809105Z Working directory is '/home/runner/work/VRP-chile/VRP-chile'
2026-10-08T18:08:22.6810060Z [command]/usr/bin/git version
2026-10-08T18:08:22.6859704Z git version 2.55.0
2026-10-08T18:08:22.6884487Z ##[endgroup]
2026-10-08T18:08:22.6889988Z Temporarily overriding HOME='/home/runner/work/_temp/cd3f159b-073a-47e7-846a-05627d6a1a79' before making global git config changes
2026-10-08T18:08:22.6891447Z Adding repository directory to the temporary git global config as a safe directory
2026-10-08T18:08:22.6895031Z [command]/usr/bin/git config --global --add safe.directory /home/runner/work/VRP-chile/VRP-chile
2026-10-08T18:08:22.6974894Z Deleting the contents of '/home/runner/work/VRP-chile/VRP-chile'
2026-10-08T18:08:22.6979439Z ##[group]Initializing the repository
2026-10-08T18:08:22.6983287Z [command]/usr/bin/git init /home/runner/work/VRP-chile/VRP-chile
2026-10-08T18:08:22.7058684Z hint: Using 'master' as the name for the initial branch. This default branch name
2026-10-08T18:08:22.7060292Z hint: will change to "main" in Git 3.0. To configure the initial branch name
2026-10-08T18:08:22.7061666Z hint: to use in all of your new repositories, which will suppress this warning,
2026-10-08T18:08:22.7062724Z hint: call:
2026-10-08T18:08:22.7063683Z hint:
2026-10-08T18:08:22.7064764Z hint: 	git config --global init.defaultBranch <name>
2026-10-08T18:08:22.7065738Z hint:
2026-10-08T18:08:22.7066588Z hint: Names commonly chosen instead of 'master' are 'main', 'trunk' and
2026-10-08T18:08:22.7067959Z hint: 'development'. The just-created branch can be renamed via this command:
2026-10-08T18:08:22.7069041Z hint:
2026-10-08T18:08:22.7069659Z hint: 	git branch -m <name>
2026-10-08T18:08:22.7070321Z hint:
2026-10-08T18:08:22.7071160Z hint: Disable this message with "git config set advice.defaultBranchName false"
2026-10-08T18:08:22.7072512Z Initialized empty Git repository in /home/runner/work/VRP-chile/VRP-chile/.git/
2026-10-08T18:08:22.7075391Z [command]/usr/bin/git remote add origin https://github.com/MendozaVolcanic/VRP-chile
2026-10-08T18:08:22.7114759Z ##[endgroup]
2026-10-08T18:08:22.7115889Z ##[group]Disabling automatic garbage collection
2026-10-08T18:08:22.7118280Z [command]/usr/bin/git config --local gc.auto 0
2026-10-08T18:08:22.7147280Z ##[endgroup]
2026-10-08T18:08:22.7148360Z ##[group]Setting up auth
2026-10-08T18:08:22.7153456Z [command]/usr/bin/git config --local --name-only --get-regexp core\.sshCommand
2026-10-08T18:08:22.7181994Z [command]/usr/bin/git submodule foreach --recursive sh -c "git config --local --name-only --get-regexp 'core\.sshCommand' && git config --local --unset-all 'core.sshCommand' || :"
2026-10-08T18:08:22.7581970Z [command]/usr/bin/git config --local --name-only --get-regexp http\.https\:\/\/github\.com\/\.extraheader
2026-10-08T18:08:22.7614005Z [command]/usr/bin/git submodule foreach --recursive sh -c "git config --local --name-only --get-regexp 'http\.https\:\/\/github\.com\/\.extraheader' && git config --local --unset-all 'http.https://github.com/.extraheader' || :"
2026-10-08T18:08:22.7807823Z [command]/usr/bin/git config --local --name-only --get-regexp ^includeIf\.gitdir:
2026-10-08T18:08:22.7840998Z [command]/usr/bin/git submodule foreach --recursive git config --local --show-origin --name-only --get-regexp remote.origin.url
2026-10-08T18:08:22.8038297Z [command]/usr/bin/git config --local http.https://github.com/.extraheader AUTHORIZATION: basic ***
2026-10-08T18:08:22.8076490Z ##[endgroup]
2026-10-08T18:08:22.8077329Z ##[group]Fetching the repository
2026-10-08T18:08:22.8084636Z [command]/usr/bin/git -c protocol.version=2 fetch --no-tags --prune --no-recurse-submodules --depth=1 origin +327621e2c6f262f48edac8828c7dd4b800913bf2:refs/remotes/origin/main
2026-10-08T18:09:10.5610691Z From https://github.com/MendozaVolcanic/VRP-chile
2026-10-08T18:09:10.5611468Z  * [new ref]         327621e2c6f262f48edac8828c7dd4b800913bf2 -> origin/main
2026-10-08T18:09:10.5613738Z ##[endgroup]
2026-10-08T18:09:10.5614551Z ##[group]Determining the checkout info
2026-10-08T18:09:10.5616565Z ##[endgroup]
2026-10-08T18:09:10.5622987Z [command]/usr/bin/git sparse-checkout disable
2026-10-08T18:09:10.5667662Z [command]/usr/bin/git config --local --unset-all extensions.worktreeConfig
2026-10-08T18:09:10.5699043Z ##[group]Checking out the ref
2026-10-08T18:09:10.5699600Z [command]/usr/bin/git checkout --progress --force -B main refs/remotes/origin/main
2026-10-08T18:09:11.9486956Z Updating files:   6% (228/3745)
2026-10-08T18:09:12.4161320Z Updating files:   7% (263/3745)
2026-10-08T18:09:12.6036109Z Updating files:   8% (300/3745)
2026-10-08T18:09:12.6236004Z Updating files:   8% (336/3745)
2026-10-08T18:09:12.8705508Z Updating files:   9% (338/3745)
2026-10-08T18:09:12.8765262Z Updating files:  10% (375/3745)
2026-10-08T18:09:12.8767640Z Updating files:  11% (412/3745)
2026-10-08T18:09:12.8813652Z Updating files:  12% (450/3745)
2026-10-08T18:09:12.8847657Z Updating files:  13% (487/3745)
2026-10-08T18:09:12.8870349Z Updating files:  14% (525/3745)
2026-10-08T18:09:12.8913389Z Updating files:  15% (562/3745)
2026-10-08T18:09:12.8958582Z Updating files:  16% (600/3745)
2026-10-08T18:09:12.9002725Z Updating files:  17% (637/3745)
2026-10-08T18:09:12.9031637Z Updating files:  18% (675/3745)
2026-10-08T18:09:12.9071610Z Updating files:  19% (712/3745)
2026-10-08T18:09:12.9205906Z Updating files:  20% (749/3745)
2026-10-08T18:09:12.9228327Z Updating files:  21% (787/3745)
2026-10-08T18:09:12.9261668Z Updating files:  22% (824/3745)
2026-10-08T18:09:12.9286789Z Updating files:  23% (862/3745)
2026-10-08T18:09:12.9331079Z Updating files:  24% (899/3745)
2026-10-08T18:09:12.9368503Z Updating files:  25% (937/3745)
2026-10-08T18:09:12.9641413Z Updating files:  26% (974/3745)
2026-10-08T18:09:12.9659655Z Updating files:  27% (1012/3745)
2026-10-08T18:09:12.9694068Z Updating files:  28% (1049/3745)
2026-10-08T18:09:12.9713455Z Updating files:  29% (1087/3745)
2026-10-08T18:09:12.9735417Z Updating files:  30% (1124/3745)
2026-10-08T18:09:12.9764815Z Updating files:  31% (1161/3745)
2026-10-08T18:09:12.9790421Z Updating files:  32% (1199/3745)
2026-10-08T18:09:12.9812063Z Updating files:  33% (1236/3745)
2026-10-08T18:09:13.0483062Z Updating files:  34% (1274/3745)
2026-10-08T18:09:13.0501780Z Updating files:  35% (1311/3745)
2026-10-08T18:09:13.0538059Z Updating files:  36% (1349/3745)
2026-10-08T18:09:13.0559740Z Updating files:  37% (1386/3745)
2026-10-08T18:09:13.0583789Z Updating files:  38% (1424/3745)
2026-10-08T18:09:13.0605479Z Updating files:  39% (1461/3745)
2026-10-08T18:09:13.0710243Z Updating files:  40% (1498/3745)
2026-10-08T18:09:13.0737104Z Updating files:  41% (1536/3745)
2026-10-08T18:09:13.0756188Z Updating files:  42% (1573/3745)
2026-10-08T18:09:13.0785123Z Updating files:  43% (1611/3745)
2026-10-08T18:09:13.0810299Z Updating files:  44% (1648/3745)
2026-10-08T18:09:13.0843263Z Updating files:  45% (1686/3745)
2026-10-08T18:09:13.0898011Z Updating files:  46% (1723/3745)
2026-10-08T18:09:13.0954568Z Updating files:  47% (1761/3745)
2026-10-08T18:09:13.0990090Z Updating files:  48% (1798/3745)
2026-10-08T18:09:13.1008581Z Updating files:  49% (1836/3745)
2026-10-08T18:09:13.1030257Z Updating files:  50% (1873/3745)
2026-10-08T18:09:13.1050747Z Updating files:  51% (1910/3745)
2026-10-08T18:09:13.1066796Z Updating files:  52% (1948/3745)
2026-10-08T18:09:13.1086357Z Updating files:  53% (1985/3745)
2026-10-08T18:09:13.1112726Z Updating files:  54% (2023/3745)
2026-10-08T18:09:13.1179642Z Updating files:  55% (2060/3745)
2026-10-08T18:09:13.1381157Z Updating files:  56% (2098/3745)
2026-10-08T18:09:13.1414023Z Updating files:  57% (2135/3745)
2026-10-08T18:09:13.1430563Z Updating files:  58% (2173/3745)
2026-10-08T18:09:13.1447780Z Updating files:  59% (2210/3745)
2026-10-08T18:09:13.1494561Z Updating files:  60% (2247/3745)
2026-10-08T18:09:13.1583685Z Updating files:  61% (2285/3745)
2026-10-08T18:09:13.1686157Z Updating files:  62% (2322/3745)
2026-10-08T18:09:13.1954751Z Updating files:  63% (2360/3745)
2026-10-08T18:09:13.1977773Z Updating files:  64% (2397/3745)
2026-10-08T18:09:13.1993676Z Updating files:  65% (2435/3745)
2026-10-08T18:09:13.2014998Z Updating files:  66% (2472/3745)
2026-10-08T18:09:13.2042523Z Updating files:  67% (2510/3745)
2026-10-08T18:09:13.2063596Z Updating files:  68% (2547/3745)
2026-10-08T18:09:13.2080317Z Updating files:  69% (2585/3745)
2026-10-08T18:09:13.2128762Z Updating files:  70% (2622/3745)
2026-10-08T18:09:13.2177744Z Updating files:  71% (2659/3745)
2026-10-08T18:09:13.2199705Z Updating files:  72% (2697/3745)
2026-10-08T18:09:13.2212707Z Updating files:  73% (2734/3745)
2026-10-08T18:09:13.2233156Z Updating files:  74% (2772/3745)
2026-10-08T18:09:13.2262170Z Updating files:  75% (2809/3745)
2026-10-08T18:09:13.2283954Z Updating files:  76% (2847/3745)
2026-10-08T18:09:13.2301458Z Updating files:  77% (2884/3745)
2026-10-08T18:09:13.2318419Z Updating files:  78% (2922/3745)
2026-10-08T18:09:13.2334273Z Updating files:  79% (2959/3745)
2026-10-08T18:09:13.2362101Z Updating files:  80% (2996/3745)
2026-10-08T18:09:13.2492802Z Updating files:  81% (3034/3745)
2026-10-08T18:09:13.2663960Z Updating files:  82% (3071/3745)
2026-10-08T18:09:13.2782081Z Updating files:  83% (3109/3745)
2026-10-08T18:09:13.2841214Z Updating files:  84% (3146/3745)
2026-10-08T18:09:13.2854829Z Updating files:  85% (3184/3745)
2026-10-08T18:09:13.2870368Z Updating files:  86% (3221/3745)
2026-10-08T18:09:13.2887459Z Updating files:  87% (3259/3745)
2026-10-08T18:09:13.2901420Z Updating files:  88% (3296/3745)
2026-10-08T18:09:13.2924712Z Updating files:  89% (3334/3745)
2026-10-08T18:09:13.2945661Z Updating files:  90% (3371/3745)
2026-10-08T18:09:13.2966534Z Updating files:  91% (3408/3745)
2026-10-08T18:09:13.2994029Z Updating files:  92% (3446/3745)
2026-10-08T18:09:13.3018537Z Updating files:  93% (3483/3745)
2026-10-08T18:09:13.3041504Z Updating files:  94% (3521/3745)
2026-10-08T18:09:13.3061047Z Updating files:  95% (3558/3745)
2026-10-08T18:09:13.3080044Z Updating files:  96% (3596/3745)
2026-10-08T18:09:13.3100075Z Updating files:  97% (3633/3745)
2026-10-08T18:09:13.3119399Z Updating files:  98% (3671/3745)
2026-10-08T18:09:13.3139054Z Updating files:  99% (3708/3745)
2026-10-08T18:09:13.3139393Z Updating files: 100% (3745/3745)
2026-10-08T18:09:13.3139720Z Updating files: 100% (3745/3745), done.
2026-10-08T18:09:13.3720086Z Switched to a new branch 'main'
2026-10-08T18:09:13.3724361Z branch 'main' set up to track 'origin/main'.
2026-10-08T18:09:13.3766778Z ##[endgroup]
2026-10-08T18:09:13.3809889Z [command]/usr/bin/git log -1 --format=%H
2026-10-08T18:09:13.3832962Z 327621e2c6f262f48edac8828c7dd4b800913bf2
2026-10-08T18:09:13.3997664Z ##[group]Run actions/setup-python@v6
2026-10-08T18:09:13.3997895Z with:
2026-10-08T18:09:13.3998075Z   python-version: 3.11
2026-10-08T18:09:13.3998258Z   cache: pip
2026-10-08T18:09:13.3998436Z   check-latest: false
2026-10-08T18:09:13.4000346Z   token: ***
2026-10-08T18:09:13.4000534Z   update-environment: true
2026-10-08T18:09:13.4000746Z   allow-prereleases: false
2026-10-08T18:09:13.4000945Z   freethreaded: false
2026-10-08T18:09:13.4001136Z ##[endgroup]
2026-10-08T18:09:13.5032002Z ##[group]Installed versions
2026-10-08T18:09:13.5102695Z Successfully set up CPython (3.11.17)
2026-10-08T18:09:13.5103410Z ##[endgroup]
2026-10-08T18:09:13.7466070Z [command]/opt/hostedtoolcache/Python/3.11.17/x64/bin/pip cache dir
2026-10-08T18:09:14.4583203Z /home/runner/.cache/pip
2026-10-08T18:09:14.5405193Z pip cache is not found
2026-10-08T18:09:14.5515170Z ##[group]Run pip install --upgrade pip
2026-10-08T18:09:14.5515460Z [36;1mpip install --upgrade pip[0m
2026-10-08T18:09:14.5515717Z [36;1msudo apt-get install -y libhdf4-dev[0m
2026-10-08T18:09:14.5515965Z [36;1mpip install pyhdf[0m
2026-10-08T18:09:14.5516213Z [36;1mpip install earthaccess numpy h5py scipy pyyaml[0m
2026-10-08T18:09:14.5576844Z shell: /usr/bin/bash -e {0}
2026-10-08T18:09:14.5577070Z env:
2026-10-08T18:09:14.5577303Z   pythonLocation: /opt/hostedtoolcache/Python/3.11.17/x64
2026-10-08T18:09:14.5577686Z   PKG_CONFIG_PATH: /opt/hostedtoolcache/Python/3.11.17/x64/lib/pkgconfig
2026-10-08T18:09:14.5578038Z   Python_ROOT_DIR: /opt/hostedtoolcache/Python/3.11.17/x64
2026-10-08T18:09:14.5578349Z   Python2_ROOT_DIR: /opt/hostedtoolcache/Python/3.11.17/x64
2026-10-08T18:09:14.5578658Z   Python3_ROOT_DIR: /opt/hostedtoolcache/Python/3.11.17/x64
2026-10-08T18:09:14.5578968Z   LD_LIBRARY_PATH: /opt/hostedtoolcache/Python/3.11.17/x64/lib
2026-10-08T18:09:14.5579425Z ##[endgroup]
2026-10-08T18:09:15.1078178Z Requirement already satisfied: pip in /opt/hostedtoolcache/Python/3.11.17/x64/lib/python3.11/site-packages (26.2.1)
2026-10-08T18:09:27.9115362Z Reading package lists...
2026-10-08T18:09:28.1166121Z Building dependency tree...
2026-10-08T18:09:28.1226170Z Reading state information...
2026-10-08T18:09:28.2548668Z The following additional packages will be installed:
2026-10-08T18:09:28.2556274Z   libhdf4-0 libjpeg-dev libjpeg-turbo8-dev libjpeg8-dev
2026-10-08T18:09:28.2565368Z Suggested packages:
2026-10-08T18:09:28.2565706Z   libhdf4-doc hdf4-tools
2026-10-08T18:09:28.3283452Z The following NEW packages will be installed:
2026-10-08T18:09:28.3287932Z   libhdf4-0 libhdf4-dev libjpeg-dev libjpeg-turbo8-dev libjpeg8-dev
2026-10-08T18:09:28.3807126Z 0 upgraded, 5 newly installed, 0 to remove and 6 not upgraded.
2026-10-08T18:09:28.3807603Z Need to get 1060 kB of archives.
2026-10-08T18:09:28.3807928Z After this operation, 4236 kB of additional disk space will be used.
2026-10-08T18:09:28.3808303Z Get:1 file:/etc/apt/apt-mirrors.txt Mirrorlist [144 B]
2026-10-08T18:09:28.4336247Z Get:2 http://azure.archive.ubuntu.com/ubuntu noble/universe amd64 libhdf4-0 amd64 4.2.16-4build1 [324 kB]
2026-10-08T18:09:28.4531916Z Get:3 http://azure.archive.ubuntu.com/ubuntu noble/main amd64 libjpeg-turbo8-dev amd64 2.1.5-2ubuntu2 [295 kB]
2026-10-08T18:09:28.4683023Z Get:4 http://azure.archive.ubuntu.com/ubuntu noble/main amd64 libjpeg8-dev amd64 8c-2ubuntu11 [1484 B]
2026-10-08T18:09:28.4820354Z Get:5 http://azure.archive.ubuntu.com/ubuntu noble/main amd64 libjpeg-dev amd64 8c-2ubuntu11 [1482 B]
2026-10-08T18:09:28.4958248Z Get:6 http://azure.archive.ubuntu.com/ubuntu noble/universe amd64 libhdf4-dev amd64 4.2.16-4build1 [438 kB]
2026-10-08T18:09:28.7236666Z Fetched 1060 kB in 0s (6527 kB/s)
2026-10-08T18:09:28.7634458Z Selecting previously unselected package libhdf4-0:amd64.
2026-10-08T18:09:28.8485418Z (Reading database ... 
2026-10-08T18:09:28.8485933Z (Reading database ... 5%
2026-10-08T18:09:28.8486419Z (Reading database ... 10%
2026-10-08T18:09:28.8486778Z (Reading database ... 15%
2026-10-08T18:09:28.8487077Z (Reading database ... 20%
2026-10-08T18:09:28.8487312Z (Reading database ... 25%
2026-10-08T18:09:28.8487625Z (Reading database ... 30%
2026-10-08T18:09:28.8487901Z (Reading database ... 35%
2026-10-08T18:09:28.8488188Z (Reading database ... 40%
2026-10-08T18:09:28.8488534Z (Reading database ... 45%
2026-10-08T18:09:28.8488842Z (Reading database ... 50%
2026-10-08T18:09:28.8998934Z (Reading database ... 55%
2026-10-08T18:09:29.3330850Z (Reading database ... 60%
2026-10-08T18:09:29.6708400Z (Reading database ... 65%
2026-10-08T18:09:30.0153860Z (Reading database ... 70%
2026-10-08T18:09:30.4435723Z (Reading database ... 75%
2026-10-08T18:09:30.8958148Z (Reading database ... 80%
2026-10-08T18:09:31.8510445Z (Reading database ... 85%
2026-10-08T18:09:32.9192285Z (Reading database ... 90%
2026-10-08T18:09:33.8594742Z (Reading database ... 95%
2026-10-08T18:09:33.8595523Z (Reading database ... 100%
2026-10-08T18:09:33.8595962Z (Reading database ... 203191 files and directories currently installed.)
2026-10-08T18:09:33.8638751Z Preparing to unpack .../libhdf4-0_4.2.16-4build1_amd64.deb ...
2026-10-08T18:09:33.9047704Z Unpacking libhdf4-0:amd64 (4.2.16-4build1) ...
2026-10-08T18:09:34.4869874Z Selecting previously unselected package libjpeg-turbo8-dev:amd64.
2026-10-08T18:09:34.4985738Z Preparing to unpack .../libjpeg-turbo8-dev_2.1.5-2ubuntu2_amd64.deb ...
2026-10-08T18:09:34.7389129Z Unpacking libjpeg-turbo8-dev:amd64 (2.1.5-2ubuntu2) ...
2026-10-08T18:09:35.2749292Z Selecting previously unselected package libjpeg8-dev:amd64.
2026-10-08T18:09:35.2865128Z Preparing to unpack .../libjpeg8-dev_8c-2ubuntu11_amd64.deb ...
2026-10-08T18:09:35.2940040Z Unpacking libjpeg8-dev:amd64 (8c-2ubuntu11) ...
2026-10-08T18:09:35.6530129Z Selecting previously unselected package libjpeg-dev:amd64.
2026-10-08T18:09:35.6643758Z Preparing to unpack .../libjpeg-dev_8c-2ubuntu11_amd64.deb ...
2026-10-08T18:09:35.7068845Z Unpacking libjpeg-dev:amd64 (8c-2ubuntu11) ...
2026-10-08T18:09:36.1070129Z Selecting previously unselected package libhdf4-dev.
2026-10-08T18:09:36.1186311Z Preparing to unpack .../libhdf4-dev_4.2.16-4build1_amd64.deb ...
2026-10-08T18:09:36.1461353Z Unpacking libhdf4-dev (4.2.16-4build1) ...
2026-10-08T18:09:36.4306599Z Setting up libjpeg-turbo8-dev:amd64 (2.1.5-2ubuntu2) ...
2026-10-08T18:09:36.4324451Z Setting up libhdf4-0:amd64 (4.2.16-4build1) ...
2026-10-08T18:09:36.4341349Z Setting up libhdf4-dev (4.2.16-4build1) ...
2026-10-08T18:09:36.4358020Z Setting up libjpeg8-dev:amd64 (8c-2ubuntu11) ...
2026-10-08T18:09:36.4376001Z Setting up libjpeg-dev:amd64 (8c-2ubuntu11) ...
2026-10-08T18:09:36.4399674Z Processing triggers for libc-bin (2.39-0ubuntu8.9) ...
2026-10-08T18:09:39.0252889Z Processing triggers for man-db (2.12.0-4build2) ...
2026-10-08T18:09:39.0272028Z Not building database; man-db/auto-update is not 'true'.
2026-10-08T18:09:40.4005321Z 
2026-10-08T18:09:40.4005923Z Running kernel seems to be up-to-date.
2026-10-08T18:09:40.4006226Z 
2026-10-08T18:09:40.4006372Z No services need to be restarted.
2026-10-08T18:09:40.4006525Z 
2026-10-08T18:09:40.4006622Z No containers need to be restarted.
2026-10-08T18:09:40.4006781Z 
2026-10-08T18:09:40.4006894Z No user sessions are running outdated binaries.
2026-10-08T18:09:40.4007069Z 
2026-10-08T18:09:40.4007232Z No VM guests are running outdated hypervisor (qemu) binaries on this host.
2026-10-08T18:09:41.6539589Z Collecting pyhdf
2026-10-08T18:09:41.7152914Z   Downloading pyhdf-0.11.7-cp311-cp311-manylinux_2_27_x86_64.manylinux_2_28_x86_64.whl.metadata (2.8 kB)
2026-10-08T18:09:41.8732691Z Collecting numpy (from pyhdf)
2026-10-08T18:09:41.8830514Z   Downloading numpy-2.4.6-cp311-cp311-manylinux_2_27_x86_64.manylinux_2_28_x86_64.whl.metadata (6.6 kB)
2026-10-08T18:09:41.9083516Z Downloading pyhdf-0.11.7-cp311-cp311-manylinux_2_27_x86_64.manylinux_2_28_x86_64.whl (3.3 MB)
2026-10-08T18:09:42.0023524Z    ━━━━━━━━━━━━━━━━━━━━━━━━━━━━━━━━━━━━━━━━ 3.3/3.3 MB 46.0 MB/s  0:00:00
2026-10-08T18:09:42.0120508Z Downloading numpy-2.4.6-cp311-cp311-manylinux_2_27_x86_64.manylinux_2_28_x86_64.whl (16.9 MB)
2026-10-08T18:09:42.1679408Z    ━━━━━━━━━━━━━━━━━━━━━━━━━━━━━━━━━━━━━━━━ 16.9/16.9 MB 108.2 MB/s  0:00:00
2026-10-08T18:09:42.2079264Z Installing collected packages: numpy, pyhdf
2026-10-08T18:09:43.7789307Z 
2026-10-08T18:09:43.7796583Z Successfully installed numpy-2.4.6 pyhdf-0.11.7
2026-10-08T18:09:44.1101085Z Collecting earthaccess
2026-10-08T18:09:44.1478551Z   Downloading earthaccess-0.17.0-py3-none-any.whl.metadata (6.7 kB)
2026-10-08T18:09:44.1532465Z Requirement already satisfied: numpy in /opt/hostedtoolcache/Python/3.11.17/x64/lib/python3.11/site-packages (2.4.6)
2026-10-08T18:09:44.1896688Z Collecting h5py
2026-10-08T18:09:44.2295330Z   Downloading h5py-3.16.0-cp311-cp311-manylinux_2_28_x86_64.whl.metadata (3.0 kB)
2026-10-08T18:09:44.3411595Z Collecting scipy
2026-10-08T18:09:44.3451350Z   Downloading scipy-1.17.1-cp311-cp311-manylinux_2_27_x86_64.manylinux_2_28_x86_64.whl.metadata (62 kB)
2026-10-08T18:09:44.4050818Z Collecting pyyaml
2026-10-08T18:09:44.4092865Z   Downloading pyyaml-6.0.3-cp311-cp311-manylinux2014_x86_64.manylinux_2_17_x86_64.manylinux_2_28_x86_64.whl.metadata (2.4 kB)
2026-10-08T18:09:44.4370982Z Collecting fsspec>=2025.2 (from earthaccess)
2026-10-08T18:09:44.4405296Z   Downloading fsspec-2026.9.0-py3-none-any.whl.metadata (10 kB)
2026-10-08T18:09:44.4745131Z Collecting importlib-resources>=6.3.2 (from earthaccess)
2026-10-08T18:09:44.4782682Z   Downloading importlib_resources-7.1.0-py3-none-any.whl.metadata (4.0 kB)
2026-10-08T18:09:44.4900332Z Collecting multimethod>=1.8 (from earthaccess)
2026-10-08T18:09:44.4951880Z   Downloading multimethod-2.1-py3-none-any.whl.metadata (8.3 kB)
2026-10-08T18:09:44.5033384Z Collecting pqdm>=0.1 (from earthaccess)
2026-10-08T18:09:44.5074719Z   Downloading pqdm-0.2.0-py2.py3-none-any.whl.metadata (3.2 kB)
2026-10-08T18:09:44.5411308Z Collecting python-cmr>=0.10.0 (from earthaccess)
2026-10-08T18:09:44.5452406Z   Downloading python_cmr-0.13.0-py3-none-any.whl.metadata (10 kB)
2026-10-08T18:09:44.5607915Z Collecting requests>=2.26 (from earthaccess)
2026-10-08T18:09:44.5642342Z   Downloading requests-2.34.2-py3-none-any.whl.metadata (4.8 kB)
2026-10-08T18:09:44.5784708Z Collecting s3fs>=2025.2 (from earthaccess)
2026-10-08T18:09:44.5818404Z   Downloading s3fs-2026.9.0-py3-none-any.whl.metadata (1.2 kB)
2026-10-08T18:09:44.5937601Z Collecting tenacity>=8.0 (from earthaccess)
2026-10-08T18:09:44.5971659Z   Downloading tenacity-9.2.1-py3-none-any.whl.metadata (1.4 kB)
2026-10-08T18:09:44.6062525Z Collecting tinynetrc>=1.3.1 (from earthaccess)
2026-10-08T18:09:44.6103477Z   Downloading tinynetrc-1.3.1-py2.py3-none-any.whl.metadata (2.9 kB)
2026-10-08T18:09:44.6216423Z Collecting typing-extensions>=4.10.0 (from earthaccess)
2026-10-08T18:09:44.6277007Z   Downloading typing_extensions-4.16.0-py3-none-any.whl.metadata (3.3 kB)
2026-10-08T18:09:44.6405549Z Collecting bounded-pool-executor (from pqdm>=0.1->earthaccess)
2026-10-08T18:09:44.6450799Z   Downloading bounded_pool_executor-0.0.3-py3-none-any.whl.metadata (2.7 kB)
2026-10-08T18:09:44.6648889Z Collecting tqdm (from pqdm>=0.1->earthaccess)
2026-10-08T18:09:44.6681600Z   Downloading tqdm-4.70.1-py3-none-any.whl.metadata (57 kB)
2026-10-08T18:09:44.7202872Z Collecting python-dateutil<3.0.0,>=2.8.2 (from python-cmr>=0.10.0->earthaccess)
2026-10-08T18:09:44.7243179Z   Downloading python_dateutil-2.9.0.post0-py2.py3-none-any.whl.metadata (8.4 kB)
2026-10-08T18:09:44.7378090Z Collecting six>=1.5 (from python-dateutil<3.0.0,>=2.8.2->python-cmr>=0.10.0->earthaccess)
2026-10-08T18:09:44.7410783Z   Downloading six-1.17.0-py2.py3-none-any.whl.metadata (1.7 kB)
2026-10-08T18:09:44.8242512Z Collecting charset_normalizer<4,>=2 (from requests>=2.26->earthaccess)
2026-10-08T18:09:44.8287129Z   Downloading charset_normalizer-3.5.2-cp311-cp311-manylinux2014_x86_64.manylinux_2_17_x86_64.manylinux_2_28_x86_64.whl.metadata (46 kB)
2026-10-08T18:09:44.8412161Z Collecting idna<4,>=2.5 (from requests>=2.26->earthaccess)
2026-10-08T18:09:44.8446608Z   Downloading idna-3.20-py3-none-any.whl.metadata (7.2 kB)
2026-10-08T18:09:44.8597571Z Collecting urllib3<3,>=1.26 (from requests>=2.26->earthaccess)
2026-10-08T18:09:44.8629078Z   Downloading urllib3-2.8.0-py3-none-any.whl.metadata (7.4 kB)
2026-10-08T18:09:44.8893366Z Collecting certifi>=2023.5.7 (from requests>=2.26->earthaccess)
2026-10-08T18:09:44.8926330Z   Downloading certifi-2026.7.22-py3-none-any.whl.metadata (2.5 kB)
2026-10-08T18:09:44.9120539Z Collecting aiobotocore<4.0.0,>=2.19.0 (from s3fs>=2025.2->earthaccess)
2026-10-08T18:09:44.9153351Z   Downloading aiobotocore-3.9.2-py3-none-any.whl.metadata (32 kB)
2026-10-08T18:09:45.3423827Z Collecting aiohttp!=4.0.0a0,!=4.0.0a1,>=3.9.0 (from s3fs>=2025.2->earthaccess)
2026-10-08T18:09:45.3462517Z   Downloading aiohttp-3.14.4-cp311-cp311-manylinux2014_x86_64.manylinux_2_17_x86_64.manylinux_2_28_x86_64.whl.metadata (8.3 kB)
2026-10-08T18:09:45.3675848Z Collecting aioitertools<1.0.0,>=0.5.1 (from aiobotocore<4.0.0,>=2.19.0->s3fs>=2025.2->earthaccess)
2026-10-08T18:09:45.3706714Z   Downloading aioitertools-0.13.0-py3-none-any.whl.metadata (3.3 kB)
2026-10-08T18:09:45.5144518Z Collecting botocore<1.43.107,>=1.43.101 (from aiobotocore<4.0.0,>=2.19.0->s3fs>=2025.2->earthaccess)
2026-10-08T18:09:45.5180302Z   Downloading botocore-1.43.106-py3-none-any.whl.metadata (5.6 kB)
2026-10-08T18:09:45.5281250Z Collecting jmespath<2.0.0,>=0.7.1 (from aiobotocore<4.0.0,>=2.19.0->s3fs>=2025.2->earthaccess)
2026-10-08T18:09:45.5313963Z   Downloading jmespath-1.1.0-py3-none-any.whl.metadata (7.6 kB)
2026-10-08T18:09:45.7401731Z Collecting multidict<7.0.0,>=6.0.0 (from aiobotocore<4.0.0,>=2.19.0->s3fs>=2025.2->earthaccess)
2026-10-08T18:09:45.7438733Z   Downloading multidict-6.9.1-cp311-cp311-manylinux2014_x86_64.manylinux_2_17_x86_64.manylinux_2_28_x86_64.whl.metadata (5.3 kB)
2026-10-08T18:09:46.0178212Z Collecting wrapt<3.0.0,>=1.10.10 (from aiobotocore<4.0.0,>=2.19.0->s3fs>=2025.2->earthaccess)
2026-10-08T18:09:46.0218815Z   Downloading wrapt-2.5.0-cp311-cp311-manylinux1_x86_64.manylinux_2_28_x86_64.manylinux_2_5_x86_64.whl.metadata (7.6 kB)
2026-10-08T18:09:46.0473940Z Collecting aiohappyeyeballs>=2.5.0 (from aiohttp!=4.0.0a0,!=4.0.0a1,>=3.9.0->s3fs>=2025.2->earthaccess)
2026-10-08T18:09:46.0512327Z   Downloading aiohappyeyeballs-2.7.1-py3-none-any.whl.metadata (5.9 kB)
2026-10-08T18:09:46.0622083Z Collecting aiosignal>=1.4.0 (from aiohttp!=4.0.0a0,!=4.0.0a1,>=3.9.0->s3fs>=2025.2->earthaccess)
2026-10-08T18:09:46.0657557Z   Downloading aiosignal-1.4.0-py3-none-any.whl.metadata (3.7 kB)
2026-10-08T18:09:46.0853632Z Collecting attrs>=17.3.0 (from aiohttp!=4.0.0a0,!=4.0.0a1,>=3.9.0->s3fs>=2025.2->earthaccess)
2026-10-08T18:09:46.0889640Z   Downloading attrs-26.1.0-py3-none-any.whl.metadata (8.8 kB)
2026-10-08T18:09:46.1341598Z Collecting frozenlist>=1.1.1 (from aiohttp!=4.0.0a0,!=4.0.0a1,>=3.9.0->s3fs>=2025.2->earthaccess)
2026-10-08T18:09:46.1377371Z   Downloading frozenlist-1.8.0-cp311-cp311-manylinux1_x86_64.manylinux_2_28_x86_64.manylinux_2_5_x86_64.whl.metadata (20 kB)
2026-10-08T18:09:46.1998645Z Collecting propcache>=0.2.0 (from aiohttp!=4.0.0a0,!=4.0.0a1,>=3.9.0->s3fs>=2025.2->earthaccess)
2026-10-08T18:09:46.2033095Z   Downloading propcache-0.5.4-cp311-cp311-manylinux2014_x86_64.manylinux_2_17_x86_64.manylinux_2_28_x86_64.whl.metadata (25 kB)
2026-10-08T18:09:46.3772380Z Collecting yarl<2.0,>=1.25.1 (from aiohttp!=4.0.0a0,!=4.0.0a1,>=3.9.0->s3fs>=2025.2->earthaccess)
2026-10-08T18:09:46.3808768Z   Downloading yarl-1.25.1-cp311-cp311-manylinux2014_x86_64.manylinux_2_17_x86_64.manylinux_2_28_x86_64.whl.metadata (111 kB)
2026-10-08T18:09:46.4233934Z Downloading earthaccess-0.17.0-py3-none-any.whl (76 kB)
2026-10-08T18:09:46.4282305Z Downloading h5py-3.16.0-cp311-cp311-manylinux_2_28_x86_64.whl (5.0 MB)
2026-10-08T18:09:46.4686784Z    ━━━━━━━━━━━━━━━━━━━━━━━━━━━━━━━━━━━━━━━━ 5.0/5.0 MB 129.7 MB/s  0:00:00
2026-10-08T18:09:46.4721481Z Downloading scipy-1.17.1-cp311-cp311-manylinux_2_27_x86_64.manylinux_2_28_x86_64.whl (35.3 MB)
2026-10-08T18:09:46.7340485Z    ━━━━━━━━━━━━━━━━━━━━━━━━━━━━━━━━━━━━━━━━ 35.3/35.3 MB 135.1 MB/s  0:00:00
2026-10-08T18:09:46.7378394Z Downloading pyyaml-6.0.3-cp311-cp311-manylinux2014_x86_64.manylinux_2_17_x86_64.manylinux_2_28_x86_64.whl (806 kB)
2026-10-08T18:09:46.7913265Z    ━━━━━━━━━━━━━━━━━━━━━━━━━━━━━━━━━━━━━━━━ 806.6/806.6 kB 10.5 MB/s  0:00:00
2026-10-08T18:09:46.7949297Z Downloading fsspec-2026.9.0-py3-none-any.whl (221 kB)
2026-10-08T18:09:46.8074079Z Downloading importlib_resources-7.1.0-py3-none-any.whl (37 kB)
2026-10-08T18:09:46.8133126Z Downloading multimethod-2.1-py3-none-any.whl (9.5 kB)
2026-10-08T18:09:46.8178130Z Downloading pqdm-0.2.0-py2.py3-none-any.whl (6.8 kB)
2026-10-08T18:09:46.8253819Z Downloading python_cmr-0.13.0-py3-none-any.whl (14 kB)
2026-10-08T18:09:46.8298774Z Downloading python_dateutil-2.9.0.post0-py2.py3-none-any.whl (229 kB)
2026-10-08T18:09:46.8346923Z Downloading requests-2.34.2-py3-none-any.whl (73 kB)
2026-10-08T18:09:46.8396269Z Downloading charset_normalizer-3.5.2-cp311-cp311-manylinux2014_x86_64.manylinux_2_17_x86_64.manylinux_2_28_x86_64.whl (269 kB)
2026-10-08T18:09:46.8463190Z Downloading idna-3.20-py3-none-any.whl (69 kB)
2026-10-08T18:09:46.8507411Z Downloading typing_extensions-4.16.0-py3-none-any.whl (45 kB)
2026-10-08T18:09:46.8551980Z Downloading urllib3-2.8.0-py3-none-any.whl (135 kB)
2026-10-08T18:09:46.8602296Z Downloading certifi-2026.7.22-py3-none-any.whl (136 kB)
2026-10-08T18:09:46.8658438Z Downloading s3fs-2026.9.0-py3-none-any.whl (33 kB)
2026-10-08T18:09:46.8702771Z Downloading aiobotocore-3.9.2-py3-none-any.whl (102 kB)
2026-10-08T18:09:46.8763960Z Downloading aiohttp-3.14.4-cp311-cp311-manylinux2014_x86_64.manylinux_2_17_x86_64.manylinux_2_28_x86_64.whl (1.9 MB)
2026-10-08T18:09:46.8918637Z    ━━━━━━━━━━━━━━━━━━━━━━━━━━━━━━━━━━━━━━━━ 1.9/1.9 MB 122.0 MB/s  0:00:00
2026-10-08T18:09:46.8963316Z Downloading aioitertools-0.13.0-py3-none-any.whl (24 kB)
2026-10-08T18:09:46.9011837Z Downloading botocore-1.43.106-py3-none-any.whl (16.0 MB)
2026-10-08T18:09:47.0249391Z    ━━━━━━━━━━━━━━━━━━━━━━━━━━━━━━━━━━━━━━━━ 16.0/16.0 MB 128.9 MB/s  0:00:00
2026-10-08T18:09:47.0284745Z Downloading jmespath-1.1.0-py3-none-any.whl (20 kB)
2026-10-08T18:09:47.0337203Z Downloading multidict-6.9.1-cp311-cp311-manylinux2014_x86_64.manylinux_2_17_x86_64.manylinux_2_28_x86_64.whl (320 kB)
2026-10-08T18:09:47.0419206Z Downloading wrapt-2.5.0-cp311-cp311-manylinux1_x86_64.manylinux_2_28_x86_64.manylinux_2_5_x86_64.whl (239 kB)
2026-10-08T18:09:47.0470782Z Downloading yarl-1.25.1-cp311-cp311-manylinux2014_x86_64.manylinux_2_17_x86_64.manylinux_2_28_x86_64.whl (117 kB)
2026-10-08T18:09:47.0520295Z Downloading aiohappyeyeballs-2.7.1-py3-none-any.whl (15 kB)
2026-10-08T18:09:47.0577317Z Downloading aiosignal-1.4.0-py3-none-any.whl (7.5 kB)
2026-10-08T18:09:47.0620904Z Downloading attrs-26.1.0-py3-none-any.whl (67 kB)
2026-10-08T18:09:47.0986687Z Downloading frozenlist-1.8.0-cp311-cp311-manylinux1_x86_64.manylinux_2_28_x86_64.manylinux_2_5_x86_64.whl (231 kB)
2026-10-08T18:09:47.1040871Z Downloading propcache-0.5.4-cp311-cp311-manylinux2014_x86_64.manylinux_2_17_x86_64.manylinux_2_28_x86_64.whl (235 kB)
2026-10-08T18:09:47.1091620Z Downloading six-1.17.0-py2.py3-none-any.whl (11 kB)
2026-10-08T18:09:47.1136526Z Downloading tenacity-9.2.1-py3-none-any.whl (32 kB)
2026-10-08T18:09:47.1188111Z Downloading tinynetrc-1.3.1-py2.py3-none-any.whl (3.9 kB)
2026-10-08T18:09:47.1242728Z Downloading bounded_pool_executor-0.0.3-py3-none-any.whl (3.4 kB)
2026-10-08T18:09:47.1291510Z Downloading tqdm-4.70.1-py3-none-any.whl (80 kB)
2026-10-08T18:09:47.3557136Z Installing collected packages: tinynetrc, bounded-pool-executor, wrapt, urllib3, typing-extensions, tqdm, tenacity, six, scipy, pyyaml, propcache, multimethod, multidict, jmespath, importlib-resources, idna, h5py, fsspec, frozenlist, charset_normalizer, certifi, attrs, aioitertools, aiohappyeyeballs, yarl, requests, python-dateutil, pqdm, aiosignal, python-cmr, botocore, aiohttp, aiobotocore, s3fs, earthaccess
2026-10-08T18:09:52.1392103Z 
2026-10-08T18:09:52.1408634Z Successfully installed aiobotocore-3.9.2 aiohappyeyeballs-2.7.1 aiohttp-3.14.4 aioitertools-0.13.0 aiosignal-1.4.0 attrs-26.1.0 botocore-1.43.106 bounded-pool-executor-0.0.3 certifi-2026.7.22 charset_normalizer-3.5.2 earthaccess-0.17.0 frozenlist-1.8.0 fsspec-2026.9.0 h5py-3.16.0 idna-3.20 importlib-resources-7.1.0 jmespath-1.1.0 multidict-6.9.1 multimethod-2.1 pqdm-0.2.0 propcache-0.5.4 python-cmr-0.13.0 python-dateutil-2.9.0.post0 pyyaml-6.0.3 requests-2.34.2 s3fs-2026.9.0 scipy-1.17.1 six-1.17.0 tenacity-9.2.1 tinynetrc-1.3.1 tqdm-4.70.1 typing-extensions-4.16.0 urllib3-2.8.0 wrapt-2.5.0 yarl-1.25.1
2026-10-08T18:09:52.2739339Z ##[group]Run set -o pipefail
2026-10-08T18:09:52.2739615Z [36;1mset -o pipefail[0m
2026-10-08T18:09:52.2739943Z [36;1m# S131: los inputs del dispatch entran por env (no interpolados en el shell)[0m
2026-10-08T18:09:52.2740290Z [36;1mARGS=()[0m
2026-10-08T18:09:52.2740540Z [36;1mif [ -n "$VRP_DATE" ]; then ARGS+=(--date "$VRP_DATE"); fi[0m
2026-10-08T18:09:52.2740886Z [36;1mif [ -n "$VRP_START" ]; then ARGS+=(--start "$VRP_START"); fi[0m
2026-10-08T18:09:52.2741206Z [36;1mif [ -n "$VRP_END" ]; then ARGS+=(--end "$VRP_END"); fi[0m
2026-10-08T18:09:52.2741536Z [36;1mif [ "$VRP_OVERWRITE" = "true" ]; then ARGS+=(--overwrite); fi[0m
2026-10-08T18:09:52.2741889Z [36;1mpython scripts/run_pipeline.py --profile mirova_equivalent \[0m
2026-10-08T18:09:52.2742198Z [36;1m  --volcano Lascar \[0m
2026-10-08T18:09:52.2742438Z [36;1m  "${ARGS[@]}" 2>&1 | tee -a pipeline.log[0m
2026-10-08T18:09:52.2800220Z shell: /usr/bin/bash -e {0}
2026-10-08T18:09:52.2800454Z env:
2026-10-08T18:09:52.2800719Z   pythonLocation: /opt/hostedtoolcache/Python/3.11.17/x64
2026-10-08T18:09:52.2801076Z   PKG_CONFIG_PATH: /opt/hostedtoolcache/Python/3.11.17/x64/lib/pkgconfig
2026-10-08T18:09:52.2801416Z   Python_ROOT_DIR: /opt/hostedtoolcache/Python/3.11.17/x64
2026-10-08T18:09:52.2801738Z   Python2_ROOT_DIR: /opt/hostedtoolcache/Python/3.11.17/x64
2026-10-08T18:09:52.2802189Z   Python3_ROOT_DIR: /opt/hostedtoolcache/Python/3.11.17/x64
2026-10-08T18:09:52.2802490Z   LD_LIBRARY_PATH: /opt/hostedtoolcache/Python/3.11.17/x64/lib
2026-10-08T18:09:52.2806092Z   EARTHDATA_TOKEN: ***
2026-10-08T18:09:52.2806321Z   EARTHDATA_USERNAME: ***
2026-10-08T18:09:52.2806542Z   EARTHDATA_PASSWORD: ***
2026-10-08T18:09:52.2806732Z   VRP_DATE: 
2026-10-08T18:09:52.2806898Z   VRP_START: 
2026-10-08T18:09:52.2807067Z   VRP_END: 
2026-10-08T18:09:52.2807233Z   VRP_OVERWRITE: false
2026-10-08T18:09:52.2807412Z ##[endgroup]
2026-10-08T18:09:52.9805909Z [VRP profile=mirova_equivalent] anomaly_K=5.0 nsigma_mir=3.0 vent_K=1.0 nti_k1=-0.8 nti_rel=off vent_path=off sensors=MODIS:True V375:True V750:True data_subdir=mirova_equivalent
2026-10-08T18:09:53.0525583Z === [VRP profile=mirova_equivalent] anomaly_K=5.0 nsigma_mir=3.0 vent_K=1.0 nti_k1=-0.8 nti_rel=off vent_path=off sensors=MODIS:True V375:True V750:True data_subdir=mirova_equivalent ===
2026-10-08T18:09:53.0526676Z Nighttime-only mode ON (MIROVA standard). Use --no-night-filter to disable.
2026-10-08T18:09:53.0527059Z 
2026-10-08T18:09:53.0527457Z >>> Láscar | 2026-10-01
2026-10-08T18:09:53.0527790Z [diag 18:09:53Z] AUTH_START volcano=Lascar date=2026-10-01
2026-10-08T18:09:53.0561026Z [diag 18:09:53Z] AUTH_OK
2026-10-08T18:09:53.0561386Z [diag 18:09:53Z] SEARCH_START MODIS_TERRA
2026-10-08T18:09:53.2652079Z /opt/hostedtoolcache/Python/3.11.17/x64/lib/python3.11/site-packages/earthaccess/results.py:343: FutureWarning: As of version 1.0, `DataGranule.size` will be accessed as an attribute; e.g. use `DataCollection.size` **not** `DataCollection.size()`
2026-10-08T18:09:53.2653288Z   self["size"] = self.size()
2026-10-08T18:09:53.2661073Z [diag 18:09:53Z] SEARCH_DONE MODIS_TERRA n_l1b=2
2026-10-08T18:09:53.5004578Z   MODIS_TERRA: kept 1 of 2 granules (night filter)
2026-10-08T18:09:53.5005226Z [diag 18:09:53Z] DOWNLOAD_START attempt=0 n=2 dest=MODIS_TERRA [LAADS:10060410656,LAADS:10060029377]
2026-10-08T18:09:53.5018234Z /opt/hostedtoolcache/Python/3.11.17/x64/lib/python3.11/site-packages/earthaccess/store.py:832: FutureWarning: As of version 1.0, `DataGranule.size` will be accessed as an attribute; e.g. use `DataCollection.size` **not** `DataCollection.size()`
2026-10-08T18:09:53.5019118Z   total_size = round(sum(granule.size() for granule in granules) / 1024, 2)
2026-10-08T18:09:56.9686009Z [diag 18:09:56Z] DOWNLOAD_DONE attempt=0 elapsed=3.5s n_files=2
2026-10-08T18:09:56.9686513Z [diag 18:09:56Z] SEARCH_START MODIS_AQUA
2026-10-08T18:09:57.1594844Z [diag 18:09:57Z] SEARCH_DONE MODIS_AQUA n_l1b=2
2026-10-08T18:09:57.6803120Z   MODIS_AQUA: kept 1 of 2 granules (night filter)
2026-10-08T18:09:57.6803867Z [diag 18:09:57Z] DOWNLOAD_START attempt=0 n=2 dest=MODIS_AQUA [LAADS:10061304067,LAADS:10061303426]
2026-10-08T18:10:23.2307013Z [diag 18:10:23Z] DOWNLOAD_DONE attempt=0 elapsed=25.6s n_files=2
2026-10-08T18:10:23.2307413Z [diag 18:10:23Z] SEARCH_START VIIRS_SNPP
2026-10-08T18:10:23.4433909Z [diag 18:10:23Z] SEARCH_DONE VIIRS_SNPP n_l1b=2
2026-10-08T18:10:23.6591816Z   VIIRS_SNPP: kept 1 of 2 granules (night filter)
2026-10-08T18:10:23.6592266Z [diag 18:10:23Z] DOWNLOAD_START attempt=0 n=2 dest=VIIRS_SNPP [LAADS:10060450218,LAADS:10060447063]
2026-10-08T18:10:29.4263379Z [diag 18:10:29Z] DOWNLOAD_DONE attempt=0 elapsed=5.8s n_files=2
2026-10-08T18:10:29.4263881Z [diag 18:10:29Z] SEARCH_START VIIRS_NOAA20
2026-10-08T18:10:29.6632474Z [diag 18:10:29Z] SEARCH_DONE VIIRS_NOAA20 n_l1b=2
2026-10-08T18:10:29.8986199Z   VIIRS_NOAA20: kept 1 of 2 granules (night filter)
2026-10-08T18:10:29.8986773Z [diag 18:10:29Z] DOWNLOAD_START attempt=0 n=2 dest=VIIRS_NOAA20 [LAADS:10060343144,LAADS:10060336702]
2026-10-08T18:10:34.6748848Z [diag 18:10:34Z] DOWNLOAD_DONE attempt=0 elapsed=4.8s n_files=2
2026-10-08T18:10:34.6754896Z [diag 18:10:34Z] SEARCH_START VIIRS_NOAA21
2026-10-08T18:10:34.8790018Z [diag 18:10:34Z] SEARCH_DONE VIIRS_NOAA21 n_l1b=2
2026-10-08T18:10:35.0823712Z   VIIRS_NOAA21: kept 1 of 2 granules (night filter)
2026-10-08T18:10:35.0824895Z [diag 18:10:35Z] DOWNLOAD_START attempt=0 n=2 dest=VIIRS_NOAA21 [LAADS:10060259331,LAADS:10060257794]
2026-10-08T18:10:41.0761869Z [diag 18:10:41Z] DOWNLOAD_DONE attempt=0 elapsed=6.0s n_files=2
2026-10-08T18:10:41.0762242Z [diag 18:10:41Z] SEARCH_START VIIRS_SNPP_750
2026-10-08T18:10:41.2433586Z [diag 18:10:41Z] SEARCH_DONE VIIRS_SNPP_750 n_l1b=2
2026-10-08T18:10:41.4610287Z   VIIRS_SNPP_750: kept 1 of 2 granules (night filter)
2026-10-08T18:10:41.4610751Z [diag 18:10:41Z] DOWNLOAD_START attempt=0 n=2 dest=VIIRS_SNPP_750 [LAADS:10060450222,LAADS:10060447064]
2026-10-08T18:11:03.3421162Z [diag 18:11:03Z] DOWNLOAD_DONE attempt=0 elapsed=21.9s n_files=2
2026-10-08T18:11:03.3421724Z [diag 18:11:03Z] SEARCH_START VIIRS_NOAA20_750
2026-10-08T18:11:03.6496353Z [diag 18:11:03Z] SEARCH_DONE VIIRS_NOAA20_750 n_l1b=2
2026-10-08T18:11:03.8225262Z   VIIRS_NOAA20_750: kept 1 of 2 granules (night filter)
2026-10-08T18:11:03.8225754Z [diag 18:11:03Z] DOWNLOAD_START attempt=0 n=2 dest=VIIRS_NOAA20_750 [LAADS:10060343156,LAADS:10060336703]
2026-10-08T18:11:07.1994614Z [diag 18:11:07Z] DOWNLOAD_DONE attempt=0 elapsed=3.4s n_files=2
2026-10-08T18:11:07.1995124Z [diag 18:11:07Z] SEARCH_START VIIRS_NOAA21_750
2026-10-08T18:11:07.4149000Z [diag 18:11:07Z] SEARCH_DONE VIIRS_NOAA21_750 n_l1b=2
2026-10-08T18:11:07.6587732Z   VIIRS_NOAA21_750: kept 1 of 2 granules (night filter)
2026-10-08T18:11:07.6588210Z [diag 18:11:07Z] DOWNLOAD_START attempt=0 n=2 dest=VIIRS_NOAA21_750 [LAADS:10060259343,LAADS:10060257795]
2026-10-08T18:11:11.3409328Z [diag 18:11:11Z] DOWNLOAD_DONE attempt=0 elapsed=3.7s n_files=2
2026-10-08T18:12:08.1561509Z   MODIS_TERRA | VRP=5.0 MW | T_bg=268.18 K | T_max=284.21 K | anomalous_px=33
2026-10-08T18:12:08.1561995Z   STORE upgrade NRT->standard: 2026-10-01 08:30 MODIS_AQUA
2026-10-08T18:12:08.1562475Z   MODIS_AQUA | VRP=5.0 MW | T_bg=265.43 K | T_max=280.48 K | anomalous_px=60
2026-10-08T18:12:08.1563077Z   VIIRS_SNPP (375m) | VRP_MIR=0.146 MW | VRP_TIR=0.0 MW | T_max=281.44 K | VRP_VENT=0.0 MW (0px)
2026-10-08T18:12:08.1563779Z   VIIRS_NOAA20 (375m) | VRP_MIR=0.077 MW | VRP_TIR=0.0 MW | T_max=281.17 K | VRP_VENT=0.0 MW (0px)
2026-10-08T18:12:08.1564745Z   VIIRS_NOAA21 (375m) | VRP_MIR=0.138 MW | VRP_TIR=0.0 MW | T_max=288.4 K | VRP_VENT=0.0 MW (0px)
2026-10-08T18:12:08.1565392Z   VIIRS_SNPP_750 (750m) | VRP=0 MW | T_bg=262.99 K | T_max=278.99 K | anomalous_px=1
2026-10-08T18:12:08.1565985Z   VIIRS_NOAA20_750 (750m) | VRP=0 MW | T_bg=262.27 K | T_max=277.12 K | anomalous_px=1
2026-10-08T18:12:08.1566626Z   VIIRS_NOAA21_750 (750m) | VRP=0 MW | T_bg=263.7 K | T_max=279.57 K | anomalous_px=1
2026-10-08T18:12:08.1567469Z   Cleaned up /home/runner/work/VRP-chile/VRP-chile/tmp/Lascar/20261001
2026-10-08T18:12:08.1567823Z 
2026-10-08T18:12:08.1568229Z >>> Láscar | 2026-10-02
2026-10-08T18:12:08.1568473Z [diag 18:12:08Z] AUTH_START volcano=Lascar date=2026-10-02
2026-10-08T18:12:08.1594618Z [diag 18:12:08Z] AUTH_OK
2026-10-08T18:12:08.5879405Z [diag 18:12:08Z] SEARCH_START MODIS_TERRA
2026-10-08T18:12:08.5879740Z [diag 18:12:08Z] SEARCH_DONE MODIS_TERRA n_l1b=1
2026-10-08T18:12:08.5880028Z   MODIS_TERRA: kept 0 of 1 granules (night filter)
2026-10-08T18:12:08.5880299Z [diag 18:12:08Z] SEARCH_START MODIS_AQUA
2026-10-08T18:12:08.8617970Z [diag 18:12:08Z] SEARCH_DONE MODIS_AQUA n_l1b=1
2026-10-08T18:12:09.4383418Z   MODIS_AQUA: kept 1 of 1 granules (night filter)
2026-10-08T18:12:09.4384055Z [diag 18:12:09Z] DOWNLOAD_START attempt=0 n=2 dest=MODIS_AQUA [LAADS:10061566712,LAADS:10061418544]
2026-10-08T18:12:13.0727784Z [diag 18:12:13Z] DOWNLOAD_DONE attempt=0 elapsed=3.6s n_files=2
2026-10-08T18:12:13.0728370Z [diag 18:12:13Z] SEARCH_START VIIRS_SNPP
2026-10-08T18:12:13.3411620Z [diag 18:12:13Z] SEARCH_DONE VIIRS_SNPP n_l1b=2
2026-10-08T18:12:13.5855968Z   VIIRS_SNPP: kept 1 of 2 granules (night filter)
2026-10-08T18:12:13.5856579Z [diag 18:12:13Z] DOWNLOAD_START attempt=0 n=2 dest=VIIRS_SNPP [LAADS:10061290497,LAADS:10061290096]
2026-10-08T18:12:19.9625070Z [diag 18:12:19Z] DOWNLOAD_DONE attempt=0 elapsed=6.4s n_files=2
2026-10-08T18:12:19.9625923Z [diag 18:12:19Z] SEARCH_START VIIRS_NOAA20
2026-10-08T18:12:20.2255833Z [diag 18:12:20Z] SEARCH_DONE VIIRS_NOAA20 n_l1b=2
2026-10-08T18:12:20.4290279Z   VIIRS_NOAA20: kept 1 of 2 granules (night filter)
2026-10-08T18:12:20.4290954Z [diag 18:12:20Z] DOWNLOAD_START attempt=0 n=2 dest=VIIRS_NOAA20 [LAADS:10061302773,LAADS:10061298950]
2026-10-08T18:12:25.0646773Z [diag 18:12:25Z] DOWNLOAD_DONE attempt=0 elapsed=4.6s n_files=2
2026-10-08T18:12:25.0647136Z [diag 18:12:25Z] SEARCH_START VIIRS_NOAA21
2026-10-08T18:12:25.2593488Z [diag 18:12:25Z] SEARCH_DONE VIIRS_NOAA21 n_l1b=3
2026-10-08T18:12:25.4618989Z   VIIRS_NOAA21: kept 1 of 3 granules (night filter)
2026-10-08T18:12:25.4619541Z [diag 18:12:25Z] DOWNLOAD_START attempt=0 n=2 dest=VIIRS_NOAA21 [LAADS:10061267642,LAADS:10061262877]
2026-10-08T18:12:32.0566764Z [diag 18:12:32Z] DOWNLOAD_DONE attempt=0 elapsed=6.6s n_files=2
2026-10-08T18:12:32.0567231Z [diag 18:12:32Z] SEARCH_START VIIRS_SNPP_750
2026-10-08T18:12:32.4510787Z [diag 18:12:32Z] SEARCH_DONE VIIRS_SNPP_750 n_l1b=2
2026-10-08T18:12:32.6552758Z   VIIRS_SNPP_750: kept 1 of 2 granules (night filter)
2026-10-08T18:12:32.6553422Z [diag 18:12:32Z] DOWNLOAD_START attempt=0 n=2 dest=VIIRS_SNPP_750 [LAADS:10061290509,LAADS:10061290098]
2026-10-08T18:12:37.4592557Z [diag 18:12:37Z] DOWNLOAD_DONE attempt=0 elapsed=4.8s n_files=2
2026-10-08T18:12:37.4593010Z [diag 18:12:37Z] SEARCH_START VIIRS_NOAA20_750
2026-10-08T18:12:37.6427762Z [diag 18:12:37Z] SEARCH_DONE VIIRS_NOAA20_750 n_l1b=2
2026-10-08T18:12:37.9635630Z   VIIRS_NOAA20_750: kept 1 of 2 granules (night filter)
2026-10-08T18:12:37.9636230Z [diag 18:12:37Z] DOWNLOAD_START attempt=0 n=2 dest=VIIRS_NOAA20_750 [LAADS:10061302785,LAADS:10061298952]
2026-10-08T18:12:41.9962793Z [diag 18:12:41Z] DOWNLOAD_DONE attempt=0 elapsed=4.0s n_files=2
2026-10-08T18:12:41.9963327Z [diag 18:12:41Z] SEARCH_START VIIRS_NOAA21_750
2026-10-08T18:12:42.2954037Z [diag 18:12:42Z] SEARCH_DONE VIIRS_NOAA21_750 n_l1b=3
2026-10-08T18:12:42.6676349Z   VIIRS_NOAA21_750: kept 1 of 3 granules (night filter)
2026-10-08T18:12:42.6677081Z [diag 18:12:42Z] DOWNLOAD_START attempt=0 n=2 dest=VIIRS_NOAA21_750 [LAADS:10061267646,LAADS:10061262880]
2026-10-08T18:12:46.3102481Z [diag 18:12:46Z] DOWNLOAD_DONE attempt=0 elapsed=3.6s n_files=2
2026-10-08T18:13:45.7564744Z   STORE upgrade NRT->standard: 2026-10-02 07:30 MODIS_AQUA
2026-10-08T18:13:45.7565337Z   MODIS_AQUA | VRP=5.0 MW | T_bg=267.87 K | T_max=284.53 K | anomalous_px=59
2026-10-08T18:13:45.7565829Z   STORE upgrade NRT->standard: 2026-10-02 05:36 VIIRS_SNPP
2026-10-08T18:13:45.7566367Z   VIIRS_SNPP (375m) | VRP_MIR=0.141 MW | VRP_TIR=0.0 MW | T_max=283.57 K | VRP_VENT=0.0 MW (0px)
2026-10-08T18:13:45.7567234Z   STORE upgrade NRT->standard: 2026-10-02 06:00 VIIRS_NOAA20
2026-10-08T18:13:45.7567797Z   VIIRS_NOAA20 (375m) | VRP_MIR=0.131 MW | VRP_TIR=0.0 MW | T_max=286.41 K | VRP_VENT=0.0 MW (0px)
2026-10-08T18:13:45.7568343Z   STORE upgrade NRT->standard: 2026-10-02 05:00 VIIRS_NOAA21
2026-10-08T18:13:45.7568962Z   VIIRS_NOAA21 (375m) | VRP_MIR=0.085 MW | VRP_TIR=0.0 MW | T_max=283.09 K | VRP_VENT=0.0 MW (0px)
2026-10-08T18:13:45.7569577Z   STORE upgrade NRT->standard: 2026-10-02 05:36 VIIRS_SNPP_750
2026-10-08T18:13:45.7570153Z   VIIRS_SNPP_750 (750m) | VRP=0 MW | T_bg=264.76 K | T_max=280.74 K | anomalous_px=2
2026-10-08T18:13:45.7570746Z   STORE upgrade NRT->standard: 2026-10-02 06:00 VIIRS_NOAA20_750
2026-10-08T18:13:45.7571326Z   VIIRS_NOAA20_750 (750m) | VRP=0 MW | T_bg=264.85 K | T_max=280.53 K | anomalous_px=1
2026-10-08T18:13:45.7571933Z   STORE upgrade NRT->standard: 2026-10-02 05:00 VIIRS_NOAA21_750
2026-10-08T18:13:45.7572512Z   VIIRS_NOAA21_750 (750m) | VRP=0 MW | T_bg=264.96 K | T_max=280.89 K | anomalous_px=0
2026-10-08T18:13:45.7573117Z   Cleaned up /home/runner/work/VRP-chile/VRP-chile/tmp/Lascar/20261002
2026-10-08T18:13:45.7573447Z 
2026-10-08T18:13:45.7573851Z >>> Láscar | 2026-10-03
2026-10-08T18:13:45.7574382Z [diag 18:13:45Z] AUTH_START volcano=Lascar date=2026-10-03
2026-10-08T18:13:45.7602032Z [diag 18:13:45Z] AUTH_OK
2026-10-08T18:13:45.7602372Z [diag 18:13:45Z] SEARCH_START MODIS_TERRA
2026-10-08T18:13:45.9874018Z [diag 18:13:45Z] SEARCH_DONE MODIS_TERRA n_l1b=2
2026-10-08T18:13:46.5749538Z   MODIS_TERRA: kept 1 of 2 granules (night filter)
2026-10-08T18:13:46.5749994Z [diag 18:13:46Z] DOWNLOAD_START attempt=0 n=2 dest=MODIS_TERRA [LAADS:10061997955,LAADS:10061791339]
2026-10-08T18:13:51.6133970Z [diag 18:13:51Z] DOWNLOAD_DONE attempt=0 elapsed=5.0s n_files=2
2026-10-08T18:13:51.6134748Z [diag 18:13:51Z] SEARCH_START MODIS_AQUA
2026-10-08T18:13:51.8260252Z [diag 18:13:51Z] SEARCH_DONE MODIS_AQUA n_l1b=2
2026-10-08T18:13:52.4130169Z   MODIS_AQUA: kept 1 of 2 granules (night filter)
2026-10-08T18:13:52.4130842Z [diag 18:13:52Z] DOWNLOAD_START attempt=0 n=2 dest=MODIS_AQUA [LAADS:10062130423,LAADS:10062097245]
2026-10-08T18:13:56.1769053Z [diag 18:13:56Z] DOWNLOAD_DONE attempt=0 elapsed=3.8s n_files=2
2026-10-08T18:13:56.1769497Z [diag 18:13:56Z] SEARCH_START VIIRS_SNPP
2026-10-08T18:13:56.4891588Z [diag 18:13:56Z] SEARCH_DONE VIIRS_SNPP n_l1b=2
2026-10-08T18:13:56.6973409Z   VIIRS_SNPP: kept 1 of 2 granules (night filter)
2026-10-08T18:13:56.6974055Z [diag 18:13:56Z] DOWNLOAD_START attempt=0 n=2 dest=VIIRS_SNPP [LAADS:10061980841,LAADS:10061980075]
2026-10-08T18:14:02.3607753Z [diag 18:14:02Z] DOWNLOAD_DONE attempt=0 elapsed=5.7s n_files=2
2026-10-08T18:14:02.3608200Z [diag 18:14:02Z] SEARCH_START VIIRS_NOAA20
2026-10-08T18:14:02.8948700Z [diag 18:14:02Z] SEARCH_DONE VIIRS_NOAA20 n_l1b=2
2026-10-08T18:14:03.1522847Z   VIIRS_NOAA20: kept 1 of 2 granules (night filter)
2026-10-08T18:14:03.1523563Z [diag 18:14:03Z] DOWNLOAD_START attempt=0 n=2 dest=VIIRS_NOAA20 [LAADS:10061968182,LAADS:10061967789]
2026-10-08T18:14:08.7490380Z [diag 18:14:08Z] DOWNLOAD_DONE attempt=0 elapsed=5.6s n_files=2
2026-10-08T18:14:08.7490828Z [diag 18:14:08Z] SEARCH_START VIIRS_NOAA21
2026-10-08T18:14:09.1789955Z [diag 18:14:09Z] SEARCH_DONE VIIRS_NOAA21 n_l1b=4
2026-10-08T18:14:09.4063148Z   VIIRS_NOAA21: kept 2 of 4 granules (night filter)
2026-10-08T18:14:09.4063791Z [diag 18:14:09Z] DOWNLOAD_START attempt=0 n=2 dest=VIIRS_NOAA21 [LAADS:10061959018,LAADS:10061958010]
2026-10-08T18:14:15.1749200Z [diag 18:14:15Z] DOWNLOAD_DONE attempt=0 elapsed=5.8s n_files=2
2026-10-08T18:14:15.1749916Z [diag 18:14:15Z] DOWNLOAD_START attempt=0 n=2 dest=VIIRS_NOAA21 [LAADS:10061987053,LAADS:10061986785]
2026-10-08T18:14:58.3333115Z [diag 18:14:58Z] DOWNLOAD_DONE attempt=0 elapsed=43.2s n_files=2
2026-10-08T18:14:58.3333609Z [diag 18:14:58Z] SEARCH_START VIIRS_SNPP_750
2026-10-08T18:14:58.6396330Z [diag 18:14:58Z] SEARCH_DONE VIIRS_SNPP_750 n_l1b=2
2026-10-08T18:14:58.8051937Z   VIIRS_SNPP_750: kept 1 of 2 granules (night filter)
2026-10-08T18:14:58.8052415Z [diag 18:14:58Z] DOWNLOAD_START attempt=0 n=2 dest=VIIRS_SNPP_750 [LAADS:10061980849,LAADS:10061980077]
2026-10-08T18:15:02.5391132Z [diag 18:15:02Z] DOWNLOAD_DONE attempt=0 elapsed=3.7s n_files=2
2026-10-08T18:15:02.5391637Z [diag 18:15:02Z] SEARCH_START VIIRS_NOAA20_750
2026-10-08T18:15:03.9058819Z [diag 18:15:03Z] SEARCH_DONE VIIRS_NOAA20_750 n_l1b=2
2026-10-08T18:15:04.1200995Z   VIIRS_NOAA20_750: kept 1 of 2 granules (night filter)
2026-10-08T18:15:04.1201662Z [diag 18:15:04Z] DOWNLOAD_START attempt=0 n=2 dest=VIIRS_NOAA20_750 [LAADS:10061968198,LAADS:10061967792]
2026-10-08T18:15:07.5822118Z [diag 18:15:07Z] DOWNLOAD_DONE attempt=0 elapsed=3.5s n_files=2
2026-10-08T18:15:07.5822616Z [diag 18:15:07Z] SEARCH_START VIIRS_NOAA21_750
2026-10-08T18:15:07.9337896Z [diag 18:15:07Z] SEARCH_DONE VIIRS_NOAA21_750 n_l1b=4
2026-10-08T18:15:08.1390146Z   VIIRS_NOAA21_750: kept 2 of 4 granules (night filter)
2026-10-08T18:15:08.1390821Z [diag 18:15:08Z] DOWNLOAD_START attempt=0 n=2 dest=VIIRS_NOAA21_750 [LAADS:10061959024,LAADS:10061958014]
2026-10-08T18:15:11.9525074Z [diag 18:15:11Z] DOWNLOAD_DONE attempt=0 elapsed=3.8s n_files=2
2026-10-08T18:15:11.9526120Z [diag 18:15:11Z] DOWNLOAD_START attempt=0 n=2 dest=VIIRS_NOAA21_750 [LAADS:10061987063,LAADS:10061986786]
2026-10-08T18:15:15.4662655Z [diag 18:15:15Z] DOWNLOAD_DONE attempt=0 elapsed=3.5s n_files=2
2026-10-08T18:16:39.0483018Z   MODIS_TERRA | VRP=5.0 MW | T_bg=242.85 K | T_max=278.44 K | anomalous_px=403
2026-10-08T18:16:39.0484942Z   MODIS_AQUA | VRP=0.655 MW | T_bg=249.39 K | T_max=283.81 K | anomalous_px=463
2026-10-08T18:16:39.0485582Z   VIIRS_SNPP (375m) | VRP_MIR=0.033 MW | VRP_TIR=0.0 MW | T_max=269.15 K | VRP_VENT=0.0 MW (0px)
2026-10-08T18:16:39.0486126Z   VIIRS_NOAA20 (375m) | VRP_MIR=0.17 MW | VRP_TIR=0.0 MW | T_max=271.6 K | VRP_VENT=0.0 MW (0px)
2026-10-08T18:16:39.0486823Z   VIIRS_NOAA21 (375m) | VRP_MIR=0.106 MW | VRP_TIR=0.0 MW | T_max=269.99 K | VRP_VENT=0.0 MW (0px)
2026-10-08T18:16:39.0487520Z   VIIRS_NOAA21 (375m) | VRP_MIR=0.03 MW | VRP_TIR=0.0 MW | T_max=282.81 K | VRP_VENT=0.0 MW (0px)
2026-10-08T18:16:39.0488162Z   VIIRS_SNPP_750 (750m) | VRP=0.552 MW | T_bg=246.81 K | T_max=264.57 K | anomalous_px=1
2026-10-08T18:16:39.0488780Z   VIIRS_NOAA20_750 (750m) | VRP=1.596 MW | T_bg=249.17 K | T_max=266.31 K | anomalous_px=0
2026-10-08T18:16:39.0489409Z   VIIRS_NOAA21_750 (750m) | VRP=0 MW | T_bg=242.94 K | T_max=267.12 K | anomalous_px=0
2026-10-08T18:16:39.0490022Z   VIIRS_NOAA21_750 (750m) | VRP=0 MW | T_bg=246.91 K | T_max=279.8 K | anomalous_px=0
2026-10-08T18:16:39.0490403Z   Cleaned up /home/runner/work/VRP-chile/VRP-chile/tmp/Lascar/20261003
2026-10-08T18:16:39.0490639Z 
2026-10-08T18:16:39.0490971Z >>> Láscar | 2026-10-04
2026-10-08T18:16:39.0491217Z [diag 18:16:39Z] AUTH_START volcano=Lascar date=2026-10-04
2026-10-08T18:16:39.0518760Z [diag 18:16:39Z] AUTH_OK
2026-10-08T18:16:39.0519097Z [diag 18:16:39Z] SEARCH_START MODIS_TERRA
2026-10-08T18:16:39.2904411Z [diag 18:16:39Z] SEARCH_DONE MODIS_TERRA n_l1b=2
2026-10-08T18:16:39.2904904Z   MODIS_TERRA: kept 0 of 2 granules (night filter)
2026-10-08T18:16:39.2905308Z [diag 18:16:39Z] SEARCH_START MODIS_AQUA
2026-10-08T18:16:39.5856041Z [diag 18:16:39Z] SEARCH_DONE MODIS_AQUA n_l1b=1
2026-10-08T18:16:39.5856392Z   MODIS_AQUA: kept 0 of 1 granules (night filter)
2026-10-08T18:16:39.5856692Z [diag 18:16:39Z] SEARCH_START VIIRS_SNPP
2026-10-08T18:16:39.9190120Z [diag 18:16:39Z] SEARCH_DONE VIIRS_SNPP n_l1b=4
2026-10-08T18:16:40.1105318Z   VIIRS_SNPP: kept 2 of 4 granules (night filter)
2026-10-08T18:16:40.1107772Z [diag 18:16:40Z] DOWNLOAD_START attempt=0 n=2 dest=VIIRS_SNPP [LAADS:10062657688,LAADS:10062656837]
2026-10-08T18:16:47.0284603Z [diag 18:16:47Z] DOWNLOAD_DONE attempt=0 elapsed=6.9s n_files=2
2026-10-08T18:16:47.0286996Z [diag 18:16:47Z] DOWNLOAD_START attempt=0 n=2 dest=VIIRS_SNPP [LAADS:10062682440,LAADS:10062676373]
2026-10-08T18:16:53.0498387Z [diag 18:16:53Z] DOWNLOAD_DONE attempt=0 elapsed=6.0s n_files=2
2026-10-08T18:16:53.0499923Z [diag 18:16:53Z] SEARCH_START VIIRS_NOAA20
2026-10-08T18:16:53.5522259Z [diag 18:16:53Z] SEARCH_DONE VIIRS_NOAA20 n_l1b=2
2026-10-08T18:16:53.7841657Z   VIIRS_NOAA20: kept 1 of 2 granules (night filter)
2026-10-08T18:16:53.7842307Z [diag 18:16:53Z] DOWNLOAD_START attempt=0 n=2 dest=VIIRS_NOAA20 [LAADS:10062588610,LAADS:10062587621]
2026-10-08T18:17:00.4451337Z [diag 18:17:00Z] DOWNLOAD_DONE attempt=0 elapsed=6.7s n_files=2
2026-10-08T18:17:00.4451782Z [diag 18:17:00Z] SEARCH_START VIIRS_NOAA21
2026-10-08T18:17:00.6279059Z [diag 18:17:00Z] SEARCH_DONE VIIRS_NOAA21 n_l1b=2
2026-10-08T18:17:00.9554738Z   VIIRS_NOAA21: kept 1 of 2 granules (night filter)
2026-10-08T18:17:00.9555282Z [diag 18:17:00Z] DOWNLOAD_START attempt=0 n=2 dest=VIIRS_NOAA21 [LAADS:10062605557,LAADS:10062602223]
2026-10-08T18:17:06.5070108Z [diag 18:17:06Z] DOWNLOAD_DONE attempt=0 elapsed=5.6s n_files=2
2026-10-08T18:17:06.5070542Z [diag 18:17:06Z] SEARCH_START VIIRS_SNPP_750
2026-10-08T18:17:06.7134853Z [diag 18:17:06Z] SEARCH_DONE VIIRS_SNPP_750 n_l1b=4
2026-10-08T18:17:06.8866643Z   VIIRS_SNPP_750: kept 2 of 4 granules (night filter)
2026-10-08T18:17:06.8867351Z [diag 18:17:06Z] DOWNLOAD_START attempt=0 n=2 dest=VIIRS_SNPP_750 [LAADS:10062657698,LAADS:10062656838]
2026-10-08T18:17:11.2684517Z [diag 18:17:11Z] DOWNLOAD_DONE attempt=0 elapsed=4.4s n_files=2
2026-10-08T18:17:11.2685412Z [diag 18:17:11Z] DOWNLOAD_START attempt=0 n=2 dest=VIIRS_SNPP_750 [LAADS:10062682442,LAADS:10062676375]
2026-10-08T18:17:14.8652351Z [diag 18:17:14Z] DOWNLOAD_DONE attempt=0 elapsed=3.6s n_files=2
2026-10-08T18:17:14.8652855Z [diag 18:17:14Z] SEARCH_START VIIRS_NOAA20_750
2026-10-08T18:17:15.0509569Z [diag 18:17:15Z] SEARCH_DONE VIIRS_NOAA20_750 n_l1b=2
2026-10-08T18:17:15.4127561Z   VIIRS_NOAA20_750: kept 1 of 2 granules (night filter)
2026-10-08T18:17:15.4128212Z [diag 18:17:15Z] DOWNLOAD_START attempt=0 n=2 dest=VIIRS_NOAA20_750 [LAADS:10062588622,LAADS:10062587623]
2026-10-08T18:17:19.0812251Z [diag 18:17:19Z] DOWNLOAD_DONE attempt=0 elapsed=3.7s n_files=2
2026-10-08T18:17:19.0812773Z [diag 18:17:19Z] SEARCH_START VIIRS_NOAA21_750
2026-10-08T18:17:19.2749297Z [diag 18:17:19Z] SEARCH_DONE VIIRS_NOAA21_750 n_l1b=2
2026-10-08T18:17:19.4768884Z   VIIRS_NOAA21_750: kept 1 of 2 granules (night filter)
2026-10-08T18:17:19.4769377Z [diag 18:17:19Z] DOWNLOAD_START attempt=0 n=2 dest=VIIRS_NOAA21_750 [LAADS:10062605567,LAADS:10062602229]
2026-10-08T18:17:24.2970655Z [diag 18:17:24Z] DOWNLOAD_DONE attempt=0 elapsed=4.8s n_files=2
2026-10-08T18:18:40.7805388Z   VIIRS_SNPP (375m) | VRP_MIR=0.089 MW | VRP_TIR=0.0 MW | T_max=267.66 K | VRP_VENT=0.0 MW (0px)
2026-10-08T18:18:40.7805940Z   VIIRS_SNPP (375m) | VRP_MIR=0.015 MW | VRP_TIR=0.0 MW | T_max=263.3 K | VRP_VENT=0.0 MW (0px)
2026-10-08T18:18:40.7806560Z   VIIRS_NOAA20 (375m) | VRP_MIR=0.087 MW | VRP_TIR=0.0 MW | T_max=278.95 K | VRP_VENT=0.0 MW (0px)
2026-10-08T18:18:40.7807222Z   VIIRS_NOAA21 (375m) | VRP_MIR=0.017 MW | VRP_TIR=0.0 MW | T_max=267.05 K | VRP_VENT=0.0 MW (0px)
2026-10-08T18:18:40.7807933Z   VIIRS_SNPP_750 (750m) | VRP=0 MW | T_bg=240.15 K | T_max=264.38 K | anomalous_px=0
2026-10-08T18:18:40.7808495Z   VIIRS_SNPP_750 (750m) | VRP=0 MW | T_bg=238.88 K | T_max=259.93 K | anomalous_px=0
2026-10-08T18:18:40.7808914Z   VIIRS_NOAA20_750 (750m) | VRP=0 MW | T_bg=243.41 K | T_max=267.0 K | anomalous_px=0
2026-10-08T18:18:40.7809328Z   VIIRS_NOAA21_750 (750m) | VRP=0 MW | T_bg=245.93 K | T_max=265.37 K | anomalous_px=0
2026-10-08T18:18:40.7809730Z   Cleaned up /home/runner/work/VRP-chile/VRP-chile/tmp/Lascar/20261004
2026-10-08T18:18:40.7809954Z 
2026-10-08T18:18:40.7810286Z >>> Láscar | 2026-10-05
2026-10-08T18:18:40.7810522Z [diag 18:18:40Z] AUTH_START volcano=Lascar date=2026-10-05
2026-10-08T18:18:40.7839981Z [diag 18:18:40Z] AUTH_OK
2026-10-08T18:18:40.7840334Z [diag 18:18:40Z] SEARCH_START MODIS_TERRA
2026-10-08T18:18:41.0063865Z [diag 18:18:41Z] SEARCH_DONE MODIS_TERRA n_l1b=1
2026-10-08T18:18:41.6788864Z   MODIS_TERRA: kept 1 of 1 granules (night filter)
2026-10-08T18:18:41.6789643Z [diag 18:18:41Z] DOWNLOAD_START attempt=0 n=2 dest=MODIS_TERRA [LAADS:10063102556,LAADS:10062948047]
2026-10-08T18:18:45.8387541Z [diag 18:18:45Z] DOWNLOAD_DONE attempt=0 elapsed=4.2s n_files=2
2026-10-08T18:18:45.8387888Z [diag 18:18:45Z] SEARCH_START MODIS_AQUA
2026-10-08T18:18:46.2057928Z [diag 18:18:46Z] SEARCH_DONE MODIS_AQUA n_l1b=2
2026-10-08T18:18:46.7308991Z   MODIS_AQUA: kept 1 of 2 granules (night filter)
2026-10-08T18:18:46.7309468Z [diag 18:18:46Z] DOWNLOAD_START attempt=0 n=2 dest=MODIS_AQUA [LAADS:10065936565,LAADS:10065902749]
2026-10-08T18:18:50.7047111Z [diag 18:18:50Z] DOWNLOAD_DONE attempt=0 elapsed=4.0s n_files=2
2026-10-08T18:18:50.7047645Z [diag 18:18:50Z] SEARCH_START VIIRS_SNPP
2026-10-08T18:18:50.9256729Z [diag 18:18:50Z] SEARCH_DONE VIIRS_SNPP n_l1b=2
2026-10-08T18:18:51.0973923Z   VIIRS_SNPP: kept 1 of 2 granules (night filter)
2026-10-08T18:18:51.0974724Z [diag 18:18:51Z] DOWNLOAD_START attempt=0 n=2 dest=VIIRS_SNPP [LAADS:10063156972,LAADS:10063147711]
2026-10-08T18:18:56.2020508Z [diag 18:18:56Z] DOWNLOAD_DONE attempt=0 elapsed=5.1s n_files=2
2026-10-08T18:18:56.2020957Z [diag 18:18:56Z] SEARCH_START VIIRS_NOAA20
2026-10-08T18:18:56.3832434Z [diag 18:18:56Z] SEARCH_DONE VIIRS_NOAA20 n_l1b=4
2026-10-08T18:18:56.6058284Z   VIIRS_NOAA20: kept 2 of 4 granules (night filter)
2026-10-08T18:18:56.6058950Z [diag 18:18:56Z] DOWNLOAD_START attempt=0 n=2 dest=VIIRS_NOAA20 [LAADS:10063093003,LAADS:10063092660]
2026-10-08T18:19:02.4785523Z [diag 18:19:02Z] DOWNLOAD_DONE attempt=0 elapsed=5.9s n_files=2
2026-10-08T18:19:02.4786259Z [diag 18:19:02Z] DOWNLOAD_START attempt=0 n=2 dest=VIIRS_NOAA20 [LAADS:10063111248,LAADS:10063106297]
2026-10-08T18:19:07.5370658Z [diag 18:19:07Z] DOWNLOAD_DONE attempt=0 elapsed=5.1s n_files=2
2026-10-08T18:19:07.5371151Z [diag 18:19:07Z] SEARCH_START VIIRS_NOAA21
2026-10-08T18:19:07.7526823Z [diag 18:19:07Z] SEARCH_DONE VIIRS_NOAA21 n_l1b=3
2026-10-08T18:19:08.0301722Z   VIIRS_NOAA21: kept 2 of 3 granules (night filter)
2026-10-08T18:19:08.0302301Z [diag 18:19:08Z] DOWNLOAD_START attempt=0 n=2 dest=VIIRS_NOAA21 [LAADS:10063090928,LAADS:10063090551]
2026-10-08T18:19:13.8983154Z [diag 18:19:13Z] DOWNLOAD_DONE attempt=0 elapsed=5.9s n_files=2
2026-10-08T18:19:13.8983952Z [diag 18:19:13Z] DOWNLOAD_START attempt=0 n=2 dest=VIIRS_NOAA21 [LAADS:10063098446,LAADS:10063090450]
2026-10-08T18:19:19.3192616Z [diag 18:19:19Z] DOWNLOAD_DONE attempt=0 elapsed=5.4s n_files=2
2026-10-08T18:19:19.3193115Z [diag 18:19:19Z] SEARCH_START VIIRS_SNPP_750
2026-10-08T18:19:20.2089548Z [diag 18:19:20Z] SEARCH_DONE VIIRS_SNPP_750 n_l1b=2
2026-10-08T18:19:20.6450842Z   VIIRS_SNPP_750: kept 1 of 2 granules (night filter)
2026-10-08T18:19:20.6451320Z [diag 18:19:20Z] DOWNLOAD_START attempt=0 n=2 dest=VIIRS_SNPP_750 [LAADS:10063156980,LAADS:10063147716]
2026-10-08T18:19:24.4405082Z [diag 18:19:24Z] DOWNLOAD_DONE attempt=0 elapsed=3.8s n_files=2
2026-10-08T18:19:24.4405576Z [diag 18:19:24Z] SEARCH_START VIIRS_NOAA20_750
2026-10-08T18:19:24.6814814Z [diag 18:19:24Z] SEARCH_DONE VIIRS_NOAA20_750 n_l1b=4
2026-10-08T18:19:24.9365569Z   VIIRS_NOAA20_750: kept 2 of 4 granules (night filter)
2026-10-08T18:19:24.9366676Z [diag 18:19:24Z] DOWNLOAD_START attempt=0 n=2 dest=VIIRS_NOAA20_750 [LAADS:10063093007,LAADS:10063092665]
2026-10-08T18:19:28.4226737Z [diag 18:19:28Z] DOWNLOAD_DONE attempt=0 elapsed=3.5s n_files=2
2026-10-08T18:19:28.4227421Z [diag 18:19:28Z] DOWNLOAD_START attempt=0 n=2 dest=VIIRS_NOAA20_750 [LAADS:10063111260,LAADS:10063106301]
2026-10-08T18:19:31.4924564Z [diag 18:19:31Z] DOWNLOAD_DONE attempt=0 elapsed=3.1s n_files=2
2026-10-08T18:19:31.4925941Z [diag 18:19:31Z] SEARCH_START VIIRS_NOAA21_750
2026-10-08T18:19:31.6887500Z [diag 18:19:31Z] SEARCH_DONE VIIRS_NOAA21_750 n_l1b=3
2026-10-08T18:19:31.9058926Z   VIIRS_NOAA21_750: kept 2 of 3 granules (night filter)
2026-10-08T18:19:31.9060151Z [diag 18:19:31Z] DOWNLOAD_START attempt=0 n=2 dest=VIIRS_NOAA21_750 [LAADS:10063090936,LAADS:10063090552]
2026-10-08T18:19:35.6532599Z [diag 18:19:35Z] DOWNLOAD_DONE attempt=0 elapsed=3.7s n_files=2
2026-10-08T18:19:35.6533665Z [diag 18:19:35Z] DOWNLOAD_START attempt=0 n=2 dest=VIIRS_NOAA21_750 [LAADS:10063098448,LAADS:10063090452]
2026-10-08T18:19:39.5093755Z [diag 18:19:39Z] DOWNLOAD_DONE attempt=0 elapsed=3.9s n_files=2
2026-10-08T18:21:09.3223758Z   MODIS_TERRA | VRP=0.417 MW | T_bg=267.76 K | T_max=286.47 K | anomalous_px=101
2026-10-08T18:21:09.3224587Z   MODIS_AQUA | VRP=5.0 MW | T_bg=260.24 K | T_max=274.29 K | anomalous_px=222
2026-10-08T18:21:09.3225242Z   VIIRS_SNPP (375m) | VRP_MIR=0.035 MW | VRP_TIR=0.0 MW | T_max=284.76 K | VRP_VENT=0.0 MW (0px)
2026-10-08T18:21:09.3225880Z   VIIRS_NOAA20 (375m) | VRP_MIR=0.034 MW | VRP_TIR=0.0 MW | T_max=278.86 K | VRP_VENT=0.0 MW (0px)
2026-10-08T18:21:09.3226564Z   VIIRS_NOAA20 (375m) | VRP_MIR=0.017 MW | VRP_TIR=0.0 MW | T_max=270.17 K | VRP_VENT=0.0 MW (0px)
2026-10-08T18:21:09.3227183Z   VIIRS_NOAA21 (375m) | VRP_MIR=0.053 MW | VRP_TIR=0.0 MW | T_max=281.67 K | VRP_VENT=0.0 MW (0px)
2026-10-08T18:21:09.3227844Z   VIIRS_NOAA21 (375m) | VRP_MIR=0.0 MW | VRP_TIR=0.0 MW | T_max=None K | VRP_VENT=0.0 MW (0px)
2026-10-08T18:21:09.3228528Z   VIIRS_SNPP_750 (750m) | VRP=0 MW | T_bg=257.72 K | T_max=270.01 K | anomalous_px=0
2026-10-08T18:21:09.3229174Z   VIIRS_NOAA20_750 (750m) | VRP=0 MW | T_bg=257.87 K | T_max=275.35 K | anomalous_px=0
2026-10-08T18:21:09.3229807Z   VIIRS_NOAA20_750 (750m) | VRP=0 MW | T_bg=252.7 K | T_max=265.95 K | anomalous_px=0
2026-10-08T18:21:09.3230866Z   VIIRS_NOAA21_750 (750m) | VRP=0.284 MW | T_bg=259.93 K | T_max=274.88 K | anomalous_px=1
2026-10-08T18:21:09.3231515Z   Cleaned up /home/runner/work/VRP-chile/VRP-chile/tmp/Lascar/20261005
2026-10-08T18:21:09.3231892Z 
2026-10-08T18:21:09.3232310Z >>> Láscar | 2026-10-06
2026-10-08T18:21:09.3232650Z [diag 18:21:09Z] AUTH_START volcano=Lascar date=2026-10-06
2026-10-08T18:21:09.3281915Z [diag 18:21:09Z] AUTH_OK
2026-10-08T18:21:09.3282267Z [diag 18:21:09Z] SEARCH_START MODIS_TERRA
2026-10-08T18:21:16.6847287Z [diag 18:21:16Z] SEARCH_DONE MODIS_TERRA n_l1b=2
2026-10-08T18:21:17.3114757Z   MODIS_TERRA: kept 1 of 2 granules (night filter)
2026-10-08T18:21:17.3115258Z [diag 18:21:17Z] DOWNLOAD_START attempt=0 n=2 dest=MODIS_TERRA [LAADS:10064611904,LAADS:10064197005]
2026-10-08T18:21:21.1254375Z [diag 18:21:21Z] DOWNLOAD_DONE attempt=0 elapsed=3.8s n_files=2
2026-10-08T18:21:21.1254726Z [diag 18:21:21Z] SEARCH_START MODIS_AQUA
2026-10-08T18:21:22.4048002Z [diag 18:21:22Z] SEARCH_DONE MODIS_AQUA n_l1b=3
2026-10-08T18:21:23.7662638Z   MODIS_AQUA: kept 2 of 3 granules (night filter)
2026-10-08T18:21:23.7663279Z [diag 18:21:23Z] DOWNLOAD_START attempt=0 n=2 dest=MODIS_AQUA [LAADS:10065988154,LAADS:10065952085]
2026-10-08T18:21:27.0450747Z [diag 18:21:27Z] DOWNLOAD_DONE attempt=0 elapsed=3.3s n_files=2
2026-10-08T18:21:27.0451360Z [diag 18:21:27Z] DOWNLOAD_START attempt=0 n=2 dest=MODIS_AQUA [LAADS:10065990184,LAADS:10065947947]
2026-10-08T18:21:31.0997759Z [diag 18:21:31Z] DOWNLOAD_DONE attempt=0 elapsed=4.1s n_files=2
2026-10-08T18:21:31.3054459Z [diag 18:21:31Z] SEARCH_START VIIRS_SNPP
2026-10-08T18:21:31.3054789Z [diag 18:21:31Z] SEARCH_DONE VIIRS_SNPP n_l1b=2
2026-10-08T18:21:31.6373450Z   VIIRS_SNPP: kept 1 of 2 granules (night filter)
2026-10-08T18:21:31.6374358Z [diag 18:21:31Z] DOWNLOAD_START attempt=0 n=2 dest=VIIRS_SNPP [LAADS:10064891602,LAADS:10064877170]
2026-10-08T18:21:38.7885686Z [diag 18:21:38Z] DOWNLOAD_DONE attempt=0 elapsed=7.2s n_files=2
2026-10-08T18:21:38.7886222Z [diag 18:21:38Z] SEARCH_START VIIRS_NOAA20
2026-10-08T18:21:38.9625144Z [diag 18:21:38Z] SEARCH_DONE VIIRS_NOAA20 n_l1b=3
2026-10-08T18:21:39.7929105Z   VIIRS_NOAA20: kept 2 of 3 granules (night filter)
2026-10-08T18:21:39.7929598Z [diag 18:21:39Z] DOWNLOAD_START attempt=0 n=2 dest=VIIRS_NOAA20 [LAADS:10064494296,LAADS:10064493148]
2026-10-08T18:21:45.6129802Z [diag 18:21:45Z] DOWNLOAD_DONE attempt=0 elapsed=5.8s n_files=2
2026-10-08T18:21:45.6130468Z [diag 18:21:45Z] DOWNLOAD_START attempt=0 n=2 dest=VIIRS_NOAA20 [LAADS:10064602177,LAADS:10064596597]
2026-10-08T18:21:50.8051258Z [diag 18:21:50Z] DOWNLOAD_DONE attempt=0 elapsed=5.2s n_files=2
2026-10-08T18:21:50.8051903Z [diag 18:21:50Z] SEARCH_START VIIRS_NOAA21
2026-10-08T18:21:51.0073407Z [diag 18:21:51Z] SEARCH_DONE VIIRS_NOAA21 n_l1b=2
2026-10-08T18:21:51.2727778Z   VIIRS_NOAA21: kept 1 of 2 granules (night filter)
2026-10-08T18:21:51.2728373Z [diag 18:21:51Z] DOWNLOAD_START attempt=0 n=2 dest=VIIRS_NOAA21 [LAADS:10064473075,LAADS:10064469220]
2026-10-08T18:21:57.1589233Z [diag 18:21:57Z] DOWNLOAD_DONE attempt=0 elapsed=5.9s n_files=2
2026-10-08T18:21:57.1589595Z [diag 18:21:57Z] SEARCH_START VIIRS_SNPP_750
2026-10-08T18:21:57.5079097Z [diag 18:21:57Z] SEARCH_DONE VIIRS_SNPP_750 n_l1b=2
2026-10-08T18:21:57.7519024Z   VIIRS_SNPP_750: kept 1 of 2 granules (night filter)
2026-10-08T18:21:57.7519684Z [diag 18:21:57Z] DOWNLOAD_START attempt=0 n=2 dest=VIIRS_SNPP_750 [LAADS:10064891612,LAADS:10064877173]
2026-10-08T18:22:01.0764578Z [diag 18:22:01Z] DOWNLOAD_DONE attempt=0 elapsed=3.3s n_files=2
2026-10-08T18:22:01.0765110Z [diag 18:22:01Z] SEARCH_START VIIRS_NOAA20_750
2026-10-08T18:22:01.2670966Z [diag 18:22:01Z] SEARCH_DONE VIIRS_NOAA20_750 n_l1b=3
2026-10-08T18:22:01.4923041Z   VIIRS_NOAA20_750: kept 2 of 3 granules (night filter)
2026-10-08T18:22:01.4923521Z [diag 18:22:01Z] DOWNLOAD_START attempt=0 n=2 dest=VIIRS_NOAA20_750 [LAADS:10064494300,LAADS:10064493150]
2026-10-08T18:22:05.1165544Z [diag 18:22:05Z] DOWNLOAD_DONE attempt=0 elapsed=3.6s n_files=2
2026-10-08T18:22:05.1166581Z [diag 18:22:05Z] DOWNLOAD_START attempt=0 n=2 dest=VIIRS_NOAA20_750 [LAADS:10064602189,LAADS:10064596598]
2026-10-08T18:22:08.2306701Z [diag 18:22:08Z] DOWNLOAD_DONE attempt=0 elapsed=3.1s n_files=2
2026-10-08T18:22:08.2307333Z [diag 18:22:08Z] SEARCH_START VIIRS_NOAA21_750
2026-10-08T18:22:08.5217951Z [diag 18:22:08Z] SEARCH_DONE VIIRS_NOAA21_750 n_l1b=2
2026-10-08T18:22:08.7603878Z   VIIRS_NOAA21_750: kept 1 of 2 granules (night filter)
2026-10-08T18:22:08.7604607Z [diag 18:22:08Z] DOWNLOAD_START attempt=0 n=2 dest=VIIRS_NOAA21_750 [LAADS:10064473085,LAADS:10064469225]
2026-10-08T18:22:12.1582497Z [diag 18:22:12Z] DOWNLOAD_DONE attempt=0 elapsed=3.4s n_files=2
2026-10-08T18:23:32.9630443Z   MODIS_TERRA | VRP=5.0 MW | T_bg=268.99 K | T_max=282.19 K | anomalous_px=64
2026-10-08T18:23:32.9631064Z   MODIS_AQUA | VRP=5.0 MW | T_bg=268.32 K | T_max=281.55 K | anomalous_px=74
2026-10-08T18:23:32.9631674Z   VIIRS_SNPP (375m) | VRP_MIR=0.032 MW | VRP_TIR=0.0 MW | T_max=282.28 K | VRP_VENT=0.0 MW (0px)
2026-10-08T18:23:32.9632341Z   VIIRS_NOAA20 (375m) | VRP_MIR=0.0 MW | VRP_TIR=0.0 MW | T_max=270.1 K | VRP_VENT=0.0 MW (0px)
2026-10-08T18:23:32.9632999Z   VIIRS_NOAA20 (375m) | VRP_MIR=0.0 MW | VRP_TIR=0.0 MW | T_max=281.64 K | VRP_VENT=0.0 MW (0px)
2026-10-08T18:23:32.9633613Z   VIIRS_NOAA21 (375m) | VRP_MIR=0.04 MW | VRP_TIR=0.0 MW | T_max=282.27 K | VRP_VENT=0.0 MW (0px)
2026-10-08T18:23:32.9634432Z   VIIRS_SNPP_750 (750m) | VRP=0 MW | T_bg=265.14 K | T_max=279.83 K | anomalous_px=0
2026-10-08T18:23:32.9635065Z   VIIRS_NOAA20_750 (750m) | VRP=0 MW | T_bg=263.09 K | T_max=266.31 K | anomalous_px=0
2026-10-08T18:23:32.9635721Z   VIIRS_NOAA20_750 (750m) | VRP=0 MW | T_bg=263.89 K | T_max=277.9 K | anomalous_px=0
2026-10-08T18:23:32.9636357Z   VIIRS_NOAA21_750 (750m) | VRP=0 MW | T_bg=265.77 K | T_max=280.79 K | anomalous_px=0
2026-10-08T18:23:32.9636993Z   Cleaned up /home/runner/work/VRP-chile/VRP-chile/tmp/Lascar/20261006
2026-10-08T18:23:32.9637367Z 
2026-10-08T18:23:32.9637813Z >>> Láscar | 2026-10-07
2026-10-08T18:23:32.9638195Z [diag 18:23:32Z] AUTH_START volcano=Lascar date=2026-10-07
2026-10-08T18:23:32.9668282Z [diag 18:23:32Z] AUTH_OK
2026-10-08T18:23:32.9668552Z [diag 18:23:32Z] SEARCH_START MODIS_TERRA
2026-10-08T18:23:33.2467942Z [diag 18:23:33Z] SEARCH_DONE MODIS_TERRA n_l1b=2
2026-10-08T18:23:33.9706257Z   MODIS_TERRA: kept 1 of 2 granules (night filter)
2026-10-08T18:23:33.9706736Z [diag 18:23:33Z] DOWNLOAD_START attempt=0 n=2 dest=MODIS_TERRA [LAADS:10066952129,LAADS:10066436444]
2026-10-08T18:23:38.1422621Z [diag 18:23:38Z] DOWNLOAD_DONE attempt=0 elapsed=4.2s n_files=2
2026-10-08T18:23:38.4603611Z [diag 18:23:38Z] SEARCH_START MODIS_AQUA
2026-10-08T18:23:38.4604625Z [diag 18:23:38Z] SEARCH_DONE MODIS_AQUA n_l1b=2
2026-10-08T18:23:39.2186745Z   MODIS_AQUA: kept 1 of 2 granules (night filter)
2026-10-08T18:23:39.2187194Z [diag 18:23:39Z] DOWNLOAD_START attempt=0 n=2 dest=MODIS_AQUA [LAADS:10067380744,LAADS:10067073817]
2026-10-08T18:23:45.4903443Z [diag 18:23:45Z] DOWNLOAD_DONE attempt=0 elapsed=6.3s n_files=2
2026-10-08T18:23:45.4903840Z [diag 18:23:45Z] SEARCH_START VIIRS_SNPP
2026-10-08T18:23:45.6534442Z [diag 18:23:45Z] SEARCH_DONE VIIRS_SNPP n_l1b=2
2026-10-08T18:23:45.8319751Z   VIIRS_SNPP: kept 1 of 2 granules (night filter)
2026-10-08T18:23:45.8320213Z [diag 18:23:45Z] DOWNLOAD_START attempt=0 n=2 dest=VIIRS_SNPP [LAADS:10066884713,LAADS:10066880104]
2026-10-08T18:23:51.3765548Z [diag 18:23:51Z] DOWNLOAD_DONE attempt=0 elapsed=5.5s n_files=2
2026-10-08T18:23:51.3766058Z [diag 18:23:51Z] SEARCH_START VIIRS_NOAA20
2026-10-08T18:23:51.5658445Z [diag 18:23:51Z] SEARCH_DONE VIIRS_NOAA20 n_l1b=2
2026-10-08T18:23:51.7509985Z   VIIRS_NOAA20: kept 1 of 2 granules (night filter)
2026-10-08T18:23:51.7510591Z [diag 18:23:51Z] DOWNLOAD_START attempt=0 n=2 dest=VIIRS_NOAA20 [LAADS:10066908175,LAADS:10066901235]
2026-10-08T18:23:57.5046785Z [diag 18:23:57Z] DOWNLOAD_DONE attempt=0 elapsed=5.8s n_files=2
2026-10-08T18:23:57.5047139Z [diag 18:23:57Z] SEARCH_START VIIRS_NOAA21
2026-10-08T18:23:57.7499132Z [diag 18:23:57Z] SEARCH_DONE VIIRS_NOAA21 n_l1b=2
2026-10-08T18:23:57.9617964Z   VIIRS_NOAA21: kept 1 of 2 granules (night filter)
2026-10-08T18:23:57.9618430Z [diag 18:23:57Z] DOWNLOAD_START attempt=0 n=2 dest=VIIRS_NOAA21 [LAADS:10066728376,LAADS:10066720913]
2026-10-08T18:24:03.9462522Z [diag 18:24:03Z] DOWNLOAD_DONE attempt=0 elapsed=6.0s n_files=2
2026-10-08T18:24:03.9463145Z [diag 18:24:03Z] SEARCH_START VIIRS_SNPP_750
2026-10-08T18:24:04.1461829Z [diag 18:24:04Z] SEARCH_DONE VIIRS_SNPP_750 n_l1b=2
2026-10-08T18:24:04.3893107Z   VIIRS_SNPP_750: kept 1 of 2 granules (night filter)
2026-10-08T18:24:04.3893787Z [diag 18:24:04Z] DOWNLOAD_START attempt=0 n=2 dest=VIIRS_SNPP_750 [LAADS:10066884715,LAADS:10066880107]
2026-10-08T18:24:07.8916848Z [diag 18:24:07Z] DOWNLOAD_DONE attempt=0 elapsed=3.5s n_files=2
2026-10-08T18:24:07.8917354Z [diag 18:24:07Z] SEARCH_START VIIRS_NOAA20_750
2026-10-08T18:24:08.1297127Z [diag 18:24:08Z] SEARCH_DONE VIIRS_NOAA20_750 n_l1b=2
2026-10-08T18:24:08.2868527Z   VIIRS_NOAA20_750: kept 1 of 2 granules (night filter)
2026-10-08T18:24:08.2869245Z [diag 18:24:08Z] DOWNLOAD_START attempt=0 n=2 dest=VIIRS_NOAA20_750 [LAADS:10066908183,LAADS:10066901239]
2026-10-08T18:24:40.4305940Z [diag 18:24:40Z] DOWNLOAD_DONE attempt=0 elapsed=32.1s n_files=2
2026-10-08T18:24:40.4306472Z [diag 18:24:40Z] SEARCH_START VIIRS_NOAA21_750
2026-10-08T18:24:40.7275276Z [diag 18:24:40Z] SEARCH_DONE VIIRS_NOAA21_750 n_l1b=2
2026-10-08T18:24:40.9141983Z   VIIRS_NOAA21_750: kept 1 of 2 granules (night filter)
2026-10-08T18:24:40.9142644Z [diag 18:24:40Z] DOWNLOAD_START attempt=0 n=2 dest=VIIRS_NOAA21_750 [LAADS:10066728378,LAADS:10066720914]
2026-10-08T18:24:44.7783077Z [diag 18:24:44Z] DOWNLOAD_DONE attempt=0 elapsed=3.9s n_files=2
2026-10-08T18:25:47.5515485Z   MODIS_TERRA | VRP=5.0 MW | T_bg=265.08 K | T_max=281.0 K | anomalous_px=93
2026-10-08T18:25:47.5516086Z   MODIS_AQUA | VRP=5.0 MW | T_bg=267.87 K | T_max=283.08 K | anomalous_px=41
2026-10-08T18:25:47.5516705Z   VIIRS_SNPP (375m) | VRP_MIR=0.2 MW | VRP_TIR=0.0 MW | T_max=282.34 K | VRP_VENT=0.0 MW (0px)
2026-10-08T18:25:47.5517344Z   VIIRS_NOAA20 (375m) | VRP_MIR=0.12 MW | VRP_TIR=0.0 MW | T_max=282.15 K | VRP_VENT=0.0 MW (0px)
2026-10-08T18:25:47.5518000Z   VIIRS_NOAA21 (375m) | VRP_MIR=0.078 MW | VRP_TIR=0.0 MW | T_max=281.62 K | VRP_VENT=0.0 MW (0px)
2026-10-08T18:25:47.5518591Z   VIIRS_SNPP_750 (750m) | VRP=0.087 MW | T_bg=263.8 K | T_max=279.31 K | anomalous_px=1
2026-10-08T18:25:47.5519172Z   VIIRS_NOAA20_750 (750m) | VRP=0 MW | T_bg=263.5 K | T_max=278.56 K | anomalous_px=1
2026-10-08T18:25:47.5519807Z   VIIRS_NOAA21_750 (750m) | VRP=0 MW | T_bg=264.13 K | T_max=279.57 K | anomalous_px=0
2026-10-08T18:25:47.5520834Z   Cleaned up /home/runner/work/VRP-chile/VRP-chile/tmp/Lascar/20261007
2026-10-08T18:25:47.5521211Z 
2026-10-08T18:25:47.5521611Z >>> Láscar | 2026-10-08
2026-10-08T18:25:47.5521982Z [diag 18:25:47Z] AUTH_START volcano=Lascar date=2026-10-08
2026-10-08T18:25:47.5550162Z [diag 18:25:47Z] AUTH_OK
2026-10-08T18:25:47.5550459Z [diag 18:25:47Z] SEARCH_START MODIS_TERRA
2026-10-08T18:25:48.3379455Z [diag 18:25:48Z] SEARCH_DONE MODIS_TERRA n_l1b=1
2026-10-08T18:25:48.9943107Z   MODIS_TERRA: kept 1 of 1 granules (night filter)
2026-10-08T18:25:48.9943764Z [diag 18:25:48Z] DOWNLOAD_START attempt=0 n=2 dest=MODIS_TERRA [LAADS:10068786333,LAADS:10068379072]
2026-10-08T18:25:52.8087030Z [diag 18:25:52Z] DOWNLOAD_DONE attempt=0 elapsed=3.8s n_files=2
2026-10-08T18:25:52.8087388Z [diag 18:25:52Z] SEARCH_START MODIS_AQUA
2026-10-08T18:25:53.3396644Z [diag 18:25:53Z] SEARCH_DONE MODIS_AQUA n_l1b=1
2026-10-08T18:25:53.7915754Z   MODIS_AQUA: kept 1 of 1 granules (night filter)
2026-10-08T18:25:53.7916256Z [diag 18:25:53Z] DOWNLOAD_START attempt=0 n=2 dest=MODIS_AQUA [LANCEMODIS:3061541979,LAADS:10069101318]
2026-10-08T18:25:56.0292761Z [diag 18:25:56Z] DOWNLOAD_DONE attempt=0 elapsed=2.2s n_files=2
2026-10-08T18:25:56.0305761Z [diag 18:25:56Z] SEARCH_START VIIRS_SNPP
2026-10-08T18:25:56.2120658Z [diag 18:25:56Z] SEARCH_DONE VIIRS_SNPP n_l1b=1
2026-10-08T18:25:56.4302632Z   VIIRS_SNPP: kept 1 of 1 granules (night filter)
2026-10-08T18:25:56.4303119Z [diag 18:25:56Z] DOWNLOAD_START attempt=0 n=2 dest=VIIRS_SNPP [LAADS:10068711296,LAADS:10068709467]
2026-10-08T18:26:02.5526340Z [diag 18:26:02Z] DOWNLOAD_DONE attempt=0 elapsed=6.1s n_files=2
2026-10-08T18:26:02.5526830Z [diag 18:26:02Z] SEARCH_START VIIRS_NOAA20
2026-10-08T18:26:02.7439692Z [diag 18:26:02Z] SEARCH_DONE VIIRS_NOAA20 n_l1b=1
2026-10-08T18:26:02.9972103Z   VIIRS_NOAA20: kept 1 of 1 granules (night filter)
2026-10-08T18:26:02.9974961Z [diag 18:26:02Z] DOWNLOAD_START attempt=0 n=2 dest=VIIRS_NOAA20 [LAADS:10068647216,LAADS:10068644624]
2026-10-08T18:26:09.1246779Z [diag 18:26:09Z] DOWNLOAD_DONE attempt=0 elapsed=6.1s n_files=2
2026-10-08T18:26:09.1247284Z [diag 18:26:09Z] SEARCH_START VIIRS_NOAA21
2026-10-08T18:26:09.3649981Z [diag 18:26:09Z] SEARCH_DONE VIIRS_NOAA21 n_l1b=2
2026-10-08T18:26:09.5586969Z   VIIRS_NOAA21: kept 2 of 2 granules (night filter)
2026-10-08T18:26:09.5587607Z [diag 18:26:09Z] DOWNLOAD_START attempt=0 n=2 dest=VIIRS_NOAA21 [LAADS:10068616666,LAADS:10068611673]
2026-10-08T18:26:23.4225755Z [diag 18:26:23Z] DOWNLOAD_DONE attempt=0 elapsed=13.9s n_files=2
2026-10-08T18:26:23.4226734Z [diag 18:26:23Z] DOWNLOAD_START attempt=0 n=2 dest=VIIRS_NOAA21 [LAADS:10068738182,LAADS:10068735427]
2026-10-08T18:26:28.5717734Z [diag 18:26:28Z] DOWNLOAD_DONE attempt=0 elapsed=5.1s n_files=2
2026-10-08T18:26:28.5718142Z [diag 18:26:28Z] SEARCH_START VIIRS_SNPP_750
2026-10-08T18:26:28.7684456Z [diag 18:26:28Z] SEARCH_DONE VIIRS_SNPP_750 n_l1b=1
2026-10-08T18:26:28.9244937Z   VIIRS_SNPP_750: kept 1 of 1 granules (night filter)
2026-10-08T18:26:28.9245550Z [diag 18:26:28Z] DOWNLOAD_START attempt=0 n=2 dest=VIIRS_SNPP_750 [LAADS:10068711308,LAADS:10068709468]
2026-10-08T18:26:32.3772165Z [diag 18:26:32Z] DOWNLOAD_DONE attempt=0 elapsed=3.5s n_files=2
2026-10-08T18:26:32.3772541Z [diag 18:26:32Z] SEARCH_START VIIRS_NOAA20_750
2026-10-08T18:26:32.5486230Z [diag 18:26:32Z] SEARCH_DONE VIIRS_NOAA20_750 n_l1b=1
2026-10-08T18:26:32.7112999Z   VIIRS_NOAA20_750: kept 1 of 1 granules (night filter)
2026-10-08T18:26:32.7113477Z [diag 18:26:32Z] DOWNLOAD_START attempt=0 n=2 dest=VIIRS_NOAA20_750 [LAADS:10068647226,LAADS:10068644626]
2026-10-08T18:26:36.4247676Z [diag 18:26:36Z] DOWNLOAD_DONE attempt=0 elapsed=3.7s n_files=2
2026-10-08T18:26:36.4248203Z [diag 18:26:36Z] SEARCH_START VIIRS_NOAA21_750
2026-10-08T18:26:36.6542060Z [diag 18:26:36Z] SEARCH_DONE VIIRS_NOAA21_750 n_l1b=2
2026-10-08T18:26:36.8246745Z   VIIRS_NOAA21_750: kept 2 of 2 granules (night filter)
2026-10-08T18:26:36.8247759Z [diag 18:26:36Z] DOWNLOAD_START attempt=0 n=2 dest=VIIRS_NOAA21_750 [LAADS:10068616670,LAADS:10068611674]
2026-10-08T18:26:39.8690589Z [diag 18:26:39Z] DOWNLOAD_DONE attempt=0 elapsed=3.0s n_files=2
2026-10-08T18:26:39.8691583Z [diag 18:26:39Z] DOWNLOAD_START attempt=0 n=2 dest=VIIRS_NOAA21_750 [LAADS:10068738190,LAADS:10068735429]
2026-10-08T18:26:42.8767582Z [diag 18:26:42Z] DOWNLOAD_DONE attempt=0 elapsed=3.0s n_files=2
2026-10-08T18:28:05.1231913Z   MODIS_TERRA | VRP=5.0 MW | T_bg=268.59 K | T_max=286.47 K | anomalous_px=85
2026-10-08T18:28:05.1232505Z   MODIS_AQUA | VRP=5.0 MW | T_bg=267.4 K | T_max=282.58 K | anomalous_px=175
2026-10-08T18:28:05.1233134Z   VIIRS_SNPP (375m) | VRP_MIR=0.09 MW | VRP_TIR=0.0 MW | T_max=288.59 K | VRP_VENT=0.0 MW (0px)
2026-10-08T18:28:05.1233798Z   VIIRS_NOAA20 (375m) | VRP_MIR=0.145 MW | VRP_TIR=0.0 MW | T_max=281.94 K | VRP_VENT=0.0 MW (0px)
2026-10-08T18:28:05.1234651Z   VIIRS_NOAA21 (375m) | VRP_MIR=0.05 MW | VRP_TIR=0.0 MW | T_max=281.36 K | VRP_VENT=0.0 MW (0px)
2026-10-08T18:28:05.1235300Z   VIIRS_NOAA21 (375m) | VRP_MIR=0.042 MW | VRP_TIR=0.0 MW | T_max=280.66 K | VRP_VENT=0.0 MW (0px)
2026-10-08T18:28:05.1235909Z   VIIRS_SNPP_750 (750m) | VRP=0 MW | T_bg=263.2 K | T_max=278.45 K | anomalous_px=1
2026-10-08T18:28:05.1236445Z   VIIRS_NOAA20_750 (750m) | VRP=0 MW | T_bg=263.5 K | T_max=278.99 K | anomalous_px=1
2026-10-08T18:28:05.1237006Z   VIIRS_NOAA21_750 (750m) | VRP=0 MW | T_bg=263.04 K | T_max=278.42 K | anomalous_px=0
2026-10-08T18:28:05.1237949Z   VIIRS_NOAA21_750 (750m) | VRP=0 MW | T_bg=263.48 K | T_max=277.82 K | anomalous_px=0
2026-10-08T18:28:05.1238494Z   Cleaned up /home/runner/work/VRP-chile/VRP-chile/tmp/Lascar/20261008
2026-10-08T18:28:05.1238826Z 
2026-10-08T18:28:05.1238930Z Done.
2026-10-08T18:28:05.2372326Z ##[group]Run python - <<'PYEOF'
2026-10-08T18:28:05.2372614Z [36;1mpython - <<'PYEOF'[0m
2026-10-08T18:28:05.2372818Z [36;1mimport json, os, sys[0m
2026-10-08T18:28:05.2373062Z [36;1mfrom datetime import datetime, timezone, timedelta[0m
2026-10-08T18:28:05.2373352Z [36;1mfrom pathlib import Path[0m
2026-10-08T18:28:05.2373567Z [36;1mvol = "Lascar"[0m
2026-10-08T18:28:05.2373792Z [36;1mp = Path(f"data/mirova_equivalent/{vol}.json")[0m
2026-10-08T18:28:05.2374052Z [36;1mif not p.exists():[0m
2026-10-08T18:28:05.2374531Z [36;1m    print(f"WARN {p}: no existe (primera corrida)")[0m
2026-10-08T18:28:05.2374793Z [36;1m    sys.exit(0)[0m
2026-10-08T18:28:05.2375015Z [36;1md = json.loads(p.read_text())[0m
2026-10-08T18:28:05.2375241Z [36;1mrecords = d.get("records", [])[0m
2026-10-08T18:28:05.2375456Z [36;1mif not records:[0m
2026-10-08T18:28:05.2375657Z [36;1m    print(f"FAIL {p}: 0 records")[0m
2026-10-08T18:28:05.2375876Z [36;1m    sys.exit(1)[0m
2026-10-08T18:28:05.2376195Z [36;1mlast = records[-1].get("datetime_utc") or records[-1].get("acq_datetime_utc")[0m
2026-10-08T18:28:05.2376510Z [36;1mif not last:[0m
2026-10-08T18:28:05.2376816Z [36;1m    print(f"FAIL {p}: último record sin datetime_utc — schema corrupto")[0m
2026-10-08T18:28:05.2377155Z [36;1m    sys.exit(1)[0m
2026-10-08T18:28:05.2377359Z [36;1ms = last.replace("Z", "+00:00")[0m
2026-10-08T18:28:05.2377602Z [36;1mlast_dt = datetime.fromisoformat(s)[0m
2026-10-08T18:28:05.2377842Z [36;1mif last_dt.tzinfo is None:[0m
2026-10-08T18:28:05.2378091Z [36;1m    last_dt = last_dt.replace(tzinfo=timezone.utc)[0m
2026-10-08T18:28:05.2378381Z [36;1mage = datetime.now(timezone.utc) - last_dt[0m
2026-10-08T18:28:05.2378654Z [36;1mhours = age.total_seconds() / 3600[0m
2026-10-08T18:28:05.2378887Z [36;1mif age > timedelta(hours=72):[0m
2026-10-08T18:28:05.2379188Z [36;1m    # S123: aviso, NO fallo. Anotación visible en la UI del run y en[0m
2026-10-08T18:28:05.2379571Z [36;1m    # el summary; la alerta accionable la emite el healthcheck A58,[0m
2026-10-08T18:28:05.2379922Z [36;1m    # que agrupa por incidente y no repite una vez por corrida.[0m
2026-10-08T18:28:05.2380256Z [36;1m    msg = (f"{vol} stale: last_dt={last} ({hours:.1f}h > 72h). "[0m
2026-10-08T18:28:05.2380590Z [36;1m           f"Probable NASA outage prolongado o bug silencioso. "[0m
2026-10-08T18:28:05.2380944Z [36;1m           f"La alerta accionable la lleva nrt-healthcheck.yml (A58).")[0m
2026-10-08T18:28:05.2381289Z [36;1m    print(f"::warning title=Tier A stale ({vol})::{msg}")[0m
2026-10-08T18:28:05.2381600Z [36;1m    summary = os.environ.get("GITHUB_STEP_SUMMARY")[0m
2026-10-08T18:28:05.2381863Z [36;1m    if summary:[0m
2026-10-08T18:28:05.2382103Z [36;1m        with open(summary, "a", encoding="utf-8") as f:[0m
2026-10-08T18:28:05.2382438Z [36;1m            f.write(f"\n### ⚠️ {vol}: records stale ({hours:.1f}h)\n\n{msg}\n")[0m
2026-10-08T18:28:05.2382724Z [36;1m    sys.exit(0)[0m
2026-10-08T18:28:05.2382945Z [36;1mprint(f"OK {p}: last_dt={last} ({hours:.1f}h)")[0m
2026-10-08T18:28:05.2383188Z [36;1mPYEOF[0m
2026-10-08T18:28:05.2439972Z shell: /usr/bin/bash -e {0}
2026-10-08T18:28:05.2440186Z env:
2026-10-08T18:28:05.2440415Z   pythonLocation: /opt/hostedtoolcache/Python/3.11.17/x64
2026-10-08T18:28:05.2440772Z   PKG_CONFIG_PATH: /opt/hostedtoolcache/Python/3.11.17/x64/lib/pkgconfig
2026-10-08T18:28:05.2441111Z   Python_ROOT_DIR: /opt/hostedtoolcache/Python/3.11.17/x64
2026-10-08T18:28:05.2441417Z   Python2_ROOT_DIR: /opt/hostedtoolcache/Python/3.11.17/x64
2026-10-08T18:28:05.2441719Z   Python3_ROOT_DIR: /opt/hostedtoolcache/Python/3.11.17/x64
2026-10-08T18:28:05.2442018Z   LD_LIBRARY_PATH: /opt/hostedtoolcache/Python/3.11.17/x64/lib
2026-10-08T18:28:05.2442452Z ##[endgroup]
2026-10-08T18:28:05.3933987Z OK data/mirova_equivalent/Lascar.json: last_dt=2026-10-08 08:00 (10.5h)
2026-10-08T18:28:05.4218333Z ##[group]Run set +e  # No abortar en errores intermedios — manejamos exit codes
2026-10-08T18:28:05.4218779Z [36;1mset +e  # No abortar en errores intermedios — manejamos exit codes[0m
2026-10-08T18:28:05.4219087Z [36;1mgit config user.name  "vrp-bot"[0m
2026-10-08T18:28:05.4219457Z [36;1mgit config user.email "vrp-bot@github-actions"[0m
2026-10-08T18:28:05.4219874Z [36;1m# Solo el archivo del volcán de este job (cada matrix tiene volcano único).[0m
2026-10-08T18:28:05.4220329Z [36;1m# S120 (cacería, verificado empírico): git add con N pathspecs fatalea y[0m
2026-10-08T18:28:05.4220734Z [36;1m# NO stagea NADA si UNO falta → data fresca descartada en silencio.[0m
2026-10-08T18:28:05.4221046Z [36;1m# Un add por archivo aísla el que falte.[0m
2026-10-08T18:28:05.4221336Z [36;1mgit add "data/mirova_equivalent/Lascar.json" 2>/dev/null[0m
2026-10-08T18:28:05.4221684Z [36;1mgit add "data/experimental/Lascar.json" 2>/dev/null[0m
2026-10-08T18:28:05.4222029Z [36;1mgit add "data/mirova/Lascar.json" 2>/dev/null[0m
2026-10-08T18:28:05.4222386Z [36;1mgit diff --staged --quiet && { echo "No changes to commit for Lascar"; exit 0; }[0m
2026-10-08T18:28:05.4222796Z [36;1mgit commit -m "NRT update Lascar $(date -u '+%Y-%m-%d %H:%M UTC')"[0m
2026-10-08T18:28:05.4223100Z [36;1mfor attempt in 1 2 3 4 5; do[0m
2026-10-08T18:28:05.4223381Z [36;1m  # -X theirs: en caso de conflict, aceptar el remoto (otros jobs)[0m
2026-10-08T18:28:05.4223699Z [36;1m  # y aplicar nuestro cambio del volcán encima.[0m
2026-10-08T18:28:05.4224024Z [36;1m  git pull --rebase -X theirs origin main && git push && exit 0[0m
2026-10-08T18:28:05.4224561Z [36;1m  echo "push attempt $attempt failed, sleeping $((attempt * 10))s"[0m
2026-10-08T18:28:05.4224930Z [36;1m  # Si rebase falla a mitad, abortarlo antes del próximo intento[0m
2026-10-08T18:28:05.4225247Z [36;1m  git rebase --abort 2>/dev/null[0m
2026-10-08T18:28:05.4225478Z [36;1m  sleep $((attempt * 10))[0m
2026-10-08T18:28:05.4225706Z [36;1mdone[0m
2026-10-08T18:28:05.4225911Z [36;1mecho "all push attempts failed"; exit 1[0m
2026-10-08T18:28:05.4282039Z shell: /usr/bin/bash -e {0}
2026-10-08T18:28:05.4282268Z env:
2026-10-08T18:28:05.4282502Z   pythonLocation: /opt/hostedtoolcache/Python/3.11.17/x64
2026-10-08T18:28:05.4282852Z   PKG_CONFIG_PATH: /opt/hostedtoolcache/Python/3.11.17/x64/lib/pkgconfig
2026-10-08T18:28:05.4283183Z   Python_ROOT_DIR: /opt/hostedtoolcache/Python/3.11.17/x64
2026-10-08T18:28:05.4283490Z   Python2_ROOT_DIR: /opt/hostedtoolcache/Python/3.11.17/x64
2026-10-08T18:28:05.4283788Z   Python3_ROOT_DIR: /opt/hostedtoolcache/Python/3.11.17/x64
2026-10-08T18:28:05.4284084Z   LD_LIBRARY_PATH: /opt/hostedtoolcache/Python/3.11.17/x64/lib
2026-10-08T18:28:05.4284526Z ##[endgroup]
2026-10-08T18:28:06.2982503Z [main 639c11f] NRT update Lascar 2026-10-08 18:28 UTC
2026-10-08T18:28:06.2982901Z  1 file changed, 9505 insertions(+), 404 deletions(-)
2026-10-08T18:28:06.8505719Z From https://github.com/MendozaVolcanic/VRP-chile
2026-10-08T18:28:06.8506254Z  * branch            main       -> FETCH_HEAD
2026-10-08T18:28:06.8506644Z    327621e..aba584d  main       -> origin/main
2026-10-08T18:28:07.1021680Z Rebasing (1/1)
2026-10-08T18:28:07.1022053Z Successfully rebased and updated refs/heads/main.
2026-10-08T18:28:10.5044992Z To https://github.com/MendozaVolcanic/VRP-chile
2026-10-08T18:28:10.5045407Z    aba584d..92afe4b  main -> main
2026-10-08T18:28:10.5165016Z Post job cleanup.
2026-10-08T18:28:10.6358391Z [command]/usr/bin/tar --posix -cf cache.tzst --exclude cache.tzst -P -C /home/runner/work/VRP-chile/VRP-chile --files-from manifest.txt --use-compress-program zstdmt
2026-10-08T18:28:10.8560175Z Failed to save: Unable to reserve cache with key setup-python-Linux-x64-24.04-Ubuntu-python-3.11.17-pip-751f046ea75e643696f19a49373db4a45544f32ffe40eaf60c388095e2e4becf, another job may be creating this cache.
2026-10-08T18:28:10.8729764Z Post job cleanup.
2026-10-08T18:28:10.9414889Z [command]/usr/bin/git version
2026-10-08T18:28:10.9450560Z git version 2.55.0
2026-10-08T18:28:10.9480596Z Temporarily overriding HOME='/home/runner/work/_temp/70d74a87-bb2c-444d-8149-d3173238f629' before making global git config changes
2026-10-08T18:28:10.9481857Z Adding repository directory to the temporary git global config as a safe directory
2026-10-08T18:28:10.9485897Z [command]/usr/bin/git config --global --add safe.directory /home/runner/work/VRP-chile/VRP-chile
2026-10-08T18:28:10.9518659Z [command]/usr/bin/git config --local --name-only --get-regexp core\.sshCommand
2026-10-08T18:28:10.9550387Z [command]/usr/bin/git submodule foreach --recursive sh -c "git config --local --name-only --get-regexp 'core\.sshCommand' && git config --local --unset-all 'core.sshCommand' || :"
2026-10-08T18:28:10.9772978Z [command]/usr/bin/git config --local --name-only --get-regexp http\.https\:\/\/github\.com\/\.extraheader
2026-10-08T18:28:10.9795904Z http.https://github.com/.extraheader
2026-10-08T18:28:10.9805140Z [command]/usr/bin/git config --local --unset-all http.https://github.com/.extraheader
2026-10-08T18:28:10.9835822Z [command]/usr/bin/git submodule foreach --recursive sh -c "git config --local --name-only --get-regexp 'http\.https\:\/\/github\.com\/\.extraheader' && git config --local --unset-all 'http.https://github.com/.extraheader' || :"
2026-10-08T18:28:11.0054870Z [command]/usr/bin/git config --local --name-only --get-regexp ^includeIf\.gitdir:
2026-10-08T18:28:11.0087623Z [command]/usr/bin/git submodule foreach --recursive git config --local --show-origin --name-only --get-regexp remote.origin.url
2026-10-08T18:28:11.0435158Z Cleaning up orphan processes
